NONE: path set: /home/pinball/.local/share/VPinballX/10.8/altsound.log
NONE: New log level set: INFO
INFO: Parsed "record_sound_cmds": false
INFO: Parsed "rom_volume_ctrl": true
INFO: Parsed "cmd_skip_count": 0
INFO: Parsed "format": altsound
INFO: Parsed "logging_level": Error
NONE: New log level set: ERROR
INFO: altsound processor created
INFO: SUCCESS AltsoundCsvParser::parse()
INFO: SUCCESS AltsoundProcessor::loadSamples()
    ERROR: FAILED AltsoundProcessor::get_sample(999)
    ERROR: FAILED AltsoundProcessor::get_sample(999)
    ERROR: FAILED AltsoundProcessor::get_sample(1000)
    ERROR: FAILED AltsoundProcessor::get_sample(0)
    ERROR: FAILED AltsoundProcessor::get_sample(21930)
INFO: Change volume 0.22 (103)
    ERROR: FAILED AltsoundProcessor::get_sample(995)
INFO: Stopping MUSIC(2)
    ERROR: FAILED AltsoundProcessor::get_sample(979)
    ERROR: FAILED AltsoundProcessor::get_sample(979)
    ERROR: FAILED AltsoundProcessor::get_sample(979)
    ERROR: FAILED AltsoundProcessor::get_sample(979)
    ERROR: FAILED AltsoundProcessor::get_sample(979)
    ERROR: FAILED AltsoundProcessor::get_sample(979)
    ERROR: FAILED AltsoundProcessor::get_sample(979)
    ERROR: FAILED AltsoundProcessor::get_sample(979)
    ERROR: FAILED AltsoundProcessor::get_sample(979)
    ERROR: FAILED AltsoundProcessor::get_sample(979)
    ERROR: FAILED AltsoundProcessor::get_sample(979)
    ERROR: FAILED AltsoundProcessor::get_sample(979)
    ERROR: FAILED AltsoundProcessor::get_sample(979)
    ERROR: FAILED AltsoundProcessor::get_sample(979)
    ERROR: FAILED AltsoundProcessor::get_sample(979)
    ERROR: FAILED AltsoundProcessor::get_sample(979)
    ERROR: FAILED AltsoundProcessor::get_sample(979)
    ERROR: FAILED AltsoundProcessor::get_sample(979)
    ERROR: FAILED AltsoundProcessor::get_sample(979)
    ERROR: FAILED AltsoundProcessor::get_sample(979)
    ERROR: FAILED AltsoundProcessor::get_sample(979)
    ERROR: FAILED AltsoundProcessor::get_sample(979)
    ERROR: FAILED AltsoundProcessor::get_sample(979)
    ERROR: FAILED AltsoundProcessor::get_sample(979)
    ERROR: FAILED AltsoundProcessor::get_sample(979)
    ERROR: FAILED AltsoundProcessor::get_sample(979)
    ERROR: FAILED AltsoundProcessor::get_sample(979)
    ERROR: FAILED AltsoundProcessor::get_sample(979)
    ERROR: FAILED AltsoundProcessor::get_sample(979)
    ERROR: FAILED AltsoundProcessor::get_sample(979)
    ERROR: FAILED AltsoundProcessor::get_sample(979)
    ERROR: FAILED AltsoundProcessor::get_sample(979)
    ERROR: FAILED AltsoundProcessor::get_sample(979)
    ERROR: FAILED AltsoundProcessor::get_sample(979)
    ERROR: FAILED AltsoundProcessor::get_sample(979)
    ERROR: FAILED AltsoundProcessor::get_sample(979)
    ERROR: FAILED AltsoundProcessor::get_sample(979)
    ERROR: FAILED AltsoundProcessor::get_sample(979)
    ERROR: FAILED AltsoundProcessor::get_sample(979)
    ERROR: FAILED AltsoundProcessor::get_sample(979)
    ERROR: FAILED AltsoundProcessor::get_sample(979)
    ERROR: FAILED AltsoundProcessor::get_sample(979)
    ERROR: FAILED AltsoundProcessor::get_sample(979)
    ERROR: FAILED AltsoundProcessor::get_sample(979)
    ERROR: FAILED AltsoundProcessor::get_sample(979)
    ERROR: FAILED AltsoundProcessor::get_sample(979)
    ERROR: FAILED AltsoundProcessor::get_sample(979)
    ERROR: FAILED AltsoundProcessor::get_sample(979)
    ERROR: FAILED AltsoundProcessor::get_sample(979)
    ERROR: FAILED AltsoundProcessor::get_sample(979)
    ERROR: FAILED AltsoundProcessor::get_sample(979)
    ERROR: FAILED AltsoundProcessor::get_sample(979)
    ERROR: FAILED AltsoundProcessor::get_sample(979)
    ERROR: FAILED AltsoundProcessor::get_sample(979)
    ERROR: FAILED AltsoundProcessor::get_sample(979)
    ERROR: FAILED AltsoundProcessor::get_sample(979)
    ERROR: FAILED AltsoundProcessor::get_sample(979)
    ERROR: FAILED AltsoundProcessor::get_sample(979)
    ERROR: FAILED AltsoundProcessor::get_sample(979)
    ERROR: FAILED AltsoundProcessor::get_sample(979)
    ERROR: FAILED AltsoundProcessor::get_sample(979)
    ERROR: FAILED AltsoundProcessor::get_sample(979)
    ERROR: FAILED AltsoundProcessor::get_sample(979)
    ERROR: FAILED AltsoundProcessor::get_sample(979)
    ERROR: FAILED AltsoundProcessor::get_sample(979)
    ERROR: FAILED AltsoundProcessor::get_sample(979)
    ERROR: FAILED AltsoundProcessor::get_sample(979)
    ERROR: FAILED AltsoundProcessor::get_sample(979)
    ERROR: FAILED AltsoundProcessor::get_sample(979)
    ERROR: FAILED AltsoundProcessor::get_sample(979)
    ERROR: FAILED AltsoundProcessor::get_sample(979)
    ERROR: FAILED AltsoundProcessor::get_sample(979)
    ERROR: FAILED AltsoundProcessor::get_sample(979)
    ERROR: FAILED AltsoundProcessor::get_sample(979)
    ERROR: FAILED AltsoundProcessor::get_sample(979)
    ERROR: FAILED AltsoundProcessor::get_sample(979)
    ERROR: FAILED AltsoundProcessor::get_sample(979)
    ERROR: FAILED AltsoundProcessor::get_sample(979)
    ERROR: FAILED AltsoundProcessor::get_sample(979)
    ERROR: FAILED AltsoundProcessor::get_sample(979)
