2026-06-28 03:11:37.199 INFO  [250151] [VPApp::InitInstance@329] Starting VPX - v10.8.1 Beta (Rev. 5231 (7ca174632), linux BGFX 64bits)
2026-06-28 03:11:37.199 INFO  [250151] [VPApp::InitInstance@330] Settings file was loaded from /home/pinball/.local/share/VPinballX/10.8/VPinballX.ini
2026-06-28 03:11:37.199 INFO  [250151] [VPApp::InitInstance@331] Number of logical CPU cores: 40
2026-06-28 03:11:37.199 INFO  [250151] [VPApp::InitInstance@332] Application path: /home/pinball/VPinballX_BGFX-10.8.1-5231-7ca174632-linux-x64/
2026-06-28 03:11:37.199 INFO  [250151] [VPApp::InitInstance@333] Preference path: /home/pinball/.local/share/VPinballX/10.8
2026-06-28 03:11:37.202 INFO  [250151] [PinTable::LoadGameFromFilename@1419] LoadGameFromFilename /home/pinball/Tables/Attack from Mars (Bally 1995)/Attack from Mars (Midway 1995).vpx
2026-06-28 03:11:37.214 INFO  [250151] [PinTable::LoadGameFromFilename@1545] PinTable Data loaded
2026-06-28 03:11:37.274 INFO  [250151] [PinTable::LoadGameFromFilename@1810] Images, Sounds and Items loaded
2026-06-28 03:11:37.284 INFO  [250151] [PinTable::LoadGameFromFilename@2146] InitTablePostLoad
2026-06-28 03:11:37.285 INFO  [250151] [PinTable::LoadScriptOverride@2218] Loading script: /home/pinball/Tables/Attack from Mars (Bally 1995)/Attack from Mars (Midway 1995).vbs
2026-06-28 03:11:37.285 INFO  [250151] [MsgPI::MsgPlugin::Load@522] Plugin vpx loaded (statically linked plugin) [id=1]
2026-06-28 03:11:37.285 INFO  [250151] [SDLInputHandler::SDLInputHandler@17] SDL input handler registered
2026-06-28 03:11:37.741 INFO  [250151] [SDLInputHandler::OnJoystickAdded@287] Joystick connected: L'atelier d'Arnoz DudesCab #1 (SDL ID: 4, Axes: 6, Buttons: 32, Hats: 1, VPX UID: SDLJoy_0300a1eb8a2e00006f10000011010000_1)
2026-06-28 03:11:37.741 INFO  [250151] [OpenPinDevHandler::OpenPinDevHandler@242] OpenPinDev input handler registered
2026-06-28 03:11:37.786 INFO  [250151] [ma_device_init__sdl@154] Audio device initialized. Device: 'CMI8738/CMI8768 PCI Audio (CMI8738/C3DX PCI Audio Device) Analog Stereo', Freq : 48000, Format: SDL_AUDIO_S16LE, Channels: 2, Driver: pipewire
2026-06-28 03:11:37.808 INFO  [250151] [ma_device_init__sdl@154] Audio device initialized. Device: 'Built-in Audio Analog Stereo', Freq : 48000, Format: SDL_AUDIO_S16LE, Channels: 2, Driver: pipewire
2026-06-28 03:11:37.830 INFO  [250151] [Player::Player@112] SDL video driver: x11
2026-06-28 03:11:37.830 INFO  [250151] [Player::Player@120] Loading player plugins
2026-06-28 03:11:37.831 INFO  [250151] [Player::Player@166] Plugin vpx was found but is disabled ()
2026-06-28 03:11:37.831 INFO  [250151] [Player::Player@166] Plugin DMDUtil was found but is disabled (/home/pinball/VPinballX_BGFX-10.8.1-5231-7ca174632-linux-x64/plugins/dmdutil/plugin-dmdutil.so)
2026-06-28 03:11:37.831 INFO  [250151] [MsgPI::MsgPlugin::Load@518] Plugin Serum loaded (library: /home/pinball/VPinballX_BGFX-10.8.1-5231-7ca174632-linux-x64/plugins/serum/plugin-serum.so) [id=3]
2026-06-28 03:11:37.831 INFO  [250151] [Player::Player@166] Plugin UpscaleDMD was found but is disabled (/home/pinball/VPinballX_BGFX-10.8.1-5231-7ca174632-linux-x64/plugins/upscaledmd/plugin-upscaledmd.so)
2026-06-28 03:11:37.833 INFO  [250151] [DOF:DOFPlugin::OnDevSrcChanged@249] OnDevSrcChanged - No source
2026-06-28 03:11:37.833 INFO  [250151] [DOF:DOFPlugin::OnInputSrcChanged@309] OnInputSrcChanged - Found 0 PinMAME inputs
2026-06-28 03:11:37.850 INFO  [250151] [DOF:DOFPlugin::OnDOFLog@89] Pinscape device scan found 0 devices
2026-06-28 03:11:37.860 INFO  [250151] [MsgPI::MsgPlugin::Load@518] Plugin DOF loaded (library: /home/pinball/VPinballX_BGFX-10.8.1-5231-7ca174632-linux-x64/plugins/dof/plugin-dof.so) [id=5]
2026-06-28 03:11:37.864 INFO  [250151] [MsgPI::MsgPlugin::Load@518] Plugin PinMAME loaded (library: /home/pinball/VPinballX_BGFX-10.8.1-5231-7ca174632-linux-x64/plugins/pinmame/plugin-pinmame.so) [id=6]
2026-06-28 03:11:37.864 INFO  [250151] [MsgPI::MsgPlugin::Load@518] Plugin HelloWorld loaded (library: /home/pinball/VPinballX_BGFX-10.8.1-5231-7ca174632-linux-x64/plugins/helloworld/plugin-helloworld.so) [id=7]
2026-06-28 03:11:37.865 INFO  [250151] [MsgPI::MsgPlugin::Load@518] Plugin B2SLegacy loaded (library: /home/pinball/VPinballX_BGFX-10.8.1-5231-7ca174632-linux-x64/plugins/b2slegacy/plugin-b2slegacy.so) [id=8]
2026-06-28 03:11:37.865 INFO  [250151] [MsgPI::MsgPlugin::Load@518] Plugin ScoreView loaded (library: /home/pinball/VPinballX_BGFX-10.8.1-5231-7ca174632-linux-x64/plugins/scoreview/plugin-scoreview.so) [id=9]
2026-06-28 03:11:37.865 INFO  [250151] [Player::Player@166] Plugin RemoteControl was found but is disabled (/home/pinball/VPinballX_BGFX-10.8.1-5231-7ca174632-linux-x64/plugins/remote-control/plugin-remote-control.so)
2026-06-28 03:11:37.868 INFO  [250151] [PUP:PUPPluginLoad@292] No global PUP folder configured; per-table 'pupvideos' used when present
2026-06-28 03:11:37.868 INFO  [250151] [MsgPI::MsgPlugin::Load@518] Plugin PUP loaded (library: /home/pinball/VPinballX_BGFX-10.8.1-5231-7ca174632-linux-x64/plugins/pup/plugin-pup.so) [id=11]
2026-06-28 03:11:37.868 INFO  [250151] [MsgPI::MsgPlugin::Load@518] Plugin VNI loaded (library: /home/pinball/VPinballX_BGFX-10.8.1-5231-7ca174632-linux-x64/plugins/vni/plugin-vni.so) [id=12]
2026-06-28 03:11:37.869 INFO  [250151] [MsgPI::MsgPlugin::Load@518] Plugin FlexDMD loaded (library: /home/pinball/VPinballX_BGFX-10.8.1-5231-7ca174632-linux-x64/plugins/flexdmd/plugin-flexdmd.so) [id=13]
2026-06-28 03:11:37.869 INFO  [250151] [Player::Player@166] Plugin AlphaDMD was found but is disabled (/home/pinball/VPinballX_BGFX-10.8.1-5231-7ca174632-linux-x64/plugins/alphadmd/plugin-alphadmd.so)
2026-06-28 03:11:37.869 INFO  [250151] [Player::Player@166] Plugin B2S was found but is disabled (/home/pinball/VPinballX_BGFX-10.8.1-5231-7ca174632-linux-x64/plugins/b2s/plugin-b2s.so)
2026-06-28 03:11:37.869 INFO  [250151] [MsgPI::MsgPlugin::Load@518] Plugin WMP loaded (library: /home/pinball/VPinballX_BGFX-10.8.1-5231-7ca174632-linux-x64/plugins/wmp/plugin-wmp.so) [id=16]
2026-06-28 03:11:37.870 INFO  [250151] [MsgPI::MsgPlugin::Load@518] Plugin AltSound loaded (library: /home/pinball/VPinballX_BGFX-10.8.1-5231-7ca174632-linux-x64/plugins/altsound/plugin-altsound.so) [id=17]
2026-06-28 03:11:37.870 INFO  [250151] [Player::Player@166] Plugin HelloScript was found but is disabled (/home/pinball/VPinballX_BGFX-10.8.1-5231-7ca174632-linux-x64/plugins/helloscript/plugin-helloscript.so)
2026-06-28 03:11:37.870 INFO  [250151] [Player::Player@172] Compiling script
2026-06-28 03:11:37.870 INFO  [250151] [ProgressDialog::SetProgress@35] Creating Player... 1%
2026-06-28 03:11:37.870 INFO  [250151] [Player::Player@283] Creating main window
2026-06-28 03:11:37.882 INFO  [250151] [VPX::Window::Window@276] Window #0 (3840x2160) was created on display N43 32" [3840x2160 60Hz SDL_PIXELFORMAT_XRGB8888]
2026-06-28 03:11:37.882 INFO  [250151] [Player::Player@337] Synchronization mode: 3 with maximum FPS: 60, display FPS: 60
2026-06-28 03:11:37.882 INFO  [250151] [Player::Player@348] Initializing player
2026-06-28 03:11:37.882 INFO  [250151] [ProgressDialog::SetProgress@35] Initializing Visuals... 10%
2026-06-28 03:11:37.882 INFO  [250151] [Player::Player@362] Initializing renderer (global states & resources)
2026-06-28 03:11:37.882 INFO  [250151] [RenderDevice::RenderDevice@1269] Requested graphics backend: Vulkan (valid values: Default, Direct3D11, OpenGL, Vulkan)
2026-06-28 03:11:38.251 ERROR [250207] [RenderDevice::SelectBackBufferFormat@290] Driver did not report any supported backbuffer format for Visual Pinball Player. Defaulting to BGRA8
2026-06-28 03:11:38.692 INFO  [250207] [RenderDevice::RenderThread@466] BGFX initialized using Vulkan backend (3840x2160 BGRA8)
2026-06-28 03:11:38.717 INFO  [250151] [Renderer::Renderer@213] Computing environment map radiance
2026-06-28 03:11:39.237 INFO  [250151] [Renderer::Renderer@242] Environment map radiance computed
2026-06-28 03:11:39.248 INFO  [250151] [VPX::Window::Window@276] Window #1 (1920x1080) was created on display HP 27vc 27" [1920x1080 60Hz SDL_PIXELFORMAT_XRGB8888]
2026-06-28 03:11:39.259 INFO  [250151] [VPX::Window::Window@276] Window #2 (1024x768) was created on display F-415 15" [1024x768 75.03Hz SDL_PIXELFORMAT_XRGB8888]
2026-06-28 03:11:39.259 INFO  [250151] [Player::Player@398] Initializing inputs & implicit objects
2026-06-28 03:11:39.260 INFO  [250151] [Player::Player@487] Initializing physics
2026-06-28 03:11:39.260 INFO  [250151] [ProgressDialog::SetProgress@35] Initializing Physics... 30%
2026-06-28 03:11:39.272 INFO  [250151] [PhysicsEngine::PhysicsEngine@54] Initializing octree
2026-06-28 03:11:39.299 INFO  [250151] [ProgressDialog::SetProgress@35] Loading Textures... 50%
2026-06-28 03:11:39.300 INFO  [250151] [Player::Player@553] Texture cache found at /home/pinball/Tables/Attack from Mars (Bally 1995)/cache/Attack from Mars (Midway 1995)/used_textures.xml
2026-06-28 03:11:39.302 ERROR [250298] [Texture::GetRawBitmap@1135] Corrupted file: image 'ramp' height (5) does not match the height (8) of the image datablock.
2026-06-28 03:11:39.767 INFO  [250151] [Player::Player@684] Initializing renderer
2026-06-28 03:11:39.767 INFO  [250151] [ProgressDialog::SetProgress@35] Initializing Renderer... 60%
2026-06-28 03:11:39.833 INFO  [250151] [Player::Player@709] Starting script
2026-06-28 03:11:39.837 INFO  [250151] [ScriptGlobalTable::GetTextFile@359] Reading script: /home/pinball/VPinballX_BGFX-10.8.1-5231-7ca174632-linux-x64/scripts/controller.vbs
2026-06-28 03:11:39.837 INFO  [250151] [VPXPluginAPIImpl::ApplyScriptCOMObjectOverrides@377] COM script object b2s.server overriden to be provided by a plugin
2026-06-28 03:11:39.837 INFO  [250151] [VPXPluginAPIImpl::ApplyScriptCOMObjectOverrides@377] COM script object vpinmame.controller overriden to be provided by a plugin
2026-06-28 03:11:39.837 INFO  [250151] [VPXPluginAPIImpl::ApplyScriptCOMObjectOverrides@377] COM script object vpinmame.controller overriden to be provided by a plugin
2026-06-28 03:11:39.837 INFO  [250151] [VPXPluginAPIImpl::ApplyScriptCOMObjectOverrides@377] COM script object b2s.server overriden to be provided by a plugin
2026-06-28 03:11:39.837 INFO  [250151] [VPXPluginAPIImpl::ApplyScriptCOMObjectOverrides@377] COM script object b2s.server overriden to be provided by a plugin
2026-06-28 03:11:39.838 INFO  [250151] [find_case_insensitive_file_path@630] case insensitive file match: requested "/home/pinball/VPinballX_BGFX-10.8.1-5231-7ca174632-linux-x64/scripts/WPC.VBS", actual "/home/pinball/VPinballX_BGFX-10.8.1-5231-7ca174632-linux-x64/scripts/WPC.vbs"
2026-06-28 03:11:39.839 INFO  [250151] [ScriptGlobalTable::GetTextFile@359] Reading script: /home/pinball/VPinballX_BGFX-10.8.1-5231-7ca174632-linux-x64/scripts/core.vbs
2026-06-28 03:11:39.847 INFO  [250151] [ScriptGlobalTable::GetTextFile@359] Reading script: /home/pinball/VPinballX_BGFX-10.8.1-5231-7ca174632-linux-x64/scripts/VPMKeys.vbs
2026-06-28 03:11:39.848 INFO  [250151] [PinMAME:PinMAME::OnLogMessage@230] PinmameSetConfig(): sampleRate=44100, vpmPath=/home/pinball/Tables/Attack from Mars (Bally 1995)/pinmame/
2026-06-28 03:11:39.849 INFO  [250151] [PinMAME:PinMAME::Controller::SetGameName@103] Game found: name=afm_113b, description=Attack From Mars (1.13b / S1.1), manufacturer=Bally, year=1999
2026-06-28 03:11:39.849 INFO  [250151] [B2SLegacy:B2SLegacy::PinMAMEAPI::HandleCall@97] Setting GameName to 'afm_113b' in B2S settings
2026-06-28 03:11:39.849 ERROR [250151] [PinMAME:PinMAME::Controller::SetShowTitle@140] ShowTitle is deprecated
2026-06-28 03:11:39.849 ERROR [250151] [PinMAME:PinMAME::Controller::SetShowDMDOnly@138] ShowDMDOnly is deprecated
2026-06-28 03:11:39.849 ERROR [250151] [PinMAME:PinMAME::Controller::SetShowFrame@136] ShowFrame is deprecated
2026-06-28 03:11:39.850 INFO  [250309] [PinMAME:PinMAME::OnLogMessage@230] osd_display_loading_rom_message(): loading afm_113b.bin...
2026-06-28 03:11:39.858 INFO  [250309] [PinMAME:PinMAME::OnLogMessage@230] osd_display_loading_rom_message(): loading afm_s2.l1   ...
2026-06-28 03:11:39.867 INFO  [250309] [PinMAME:PinMAME::OnLogMessage@230] osd_display_loading_rom_message(): loading afm_s3.l1   ...
2026-06-28 03:11:39.876 INFO  [250309] [PinMAME:PinMAME::OnLogMessage@230] osd_display_loading_rom_message(): loading afm_s4.l1   ...
2026-06-28 03:11:39.884 INFO  [250309] [PinMAME:PinMAME::OnLogMessage@230] osd_display_loading_rom_message():
2026-06-28 03:11:39.885 INFO  [250309] [PinMAME:PinMAME::OnLogMessage@230] osd_create_display: 60.00 fps
2026-06-28 03:11:39.902 INFO  [250309] [PinMAME:PinMAME::OnAudioAvailable@280] format=INT16, channels=1, sampleRate=44100.00, framesPerSecond=60.00, samplesPerFrame=735, bufferSize=16384
2026-06-28 03:11:39.924 INFO  [250151] [B2SLegacy:B2SLegacy::Server::Startup@1717] B2S table filename set to '/home/pinball/Tables/Attack from Mars (Bally 1995)/Attack from Mars (Midway 1995).vpx'
2026-06-28 03:11:39.924 INFO  [250151] [B2SLegacy:B2SLegacy::FormBackglass::LoadB2SData@336] directb2s file found at: /home/pinball/Tables/Attack from Mars (Bally 1995)/Attack from Mars (Midway 1995).directb2s
2026-06-28 03:11:41.544 INFO  [250151] [Renderer::RenderStaticPrepass@1702] Performing prerendering of static parts.
2026-06-28 03:11:41.544 INFO  [250151] [ProgressDialog::SetProgress@35] Prerendering Static Parts... 70%
2026-06-28 03:11:41.701 INFO  [250151] [ProgressDialog::SetProgress@35] Prerendering Static Parts... 71%
2026-06-28 03:11:41.711 INFO  [250151] [ProgressDialog::SetProgress@35] Prerendering Static Parts... 72%
2026-06-28 03:11:41.721 INFO  [250151] [ProgressDialog::SetProgress@35] Prerendering Static Parts... 73%
2026-06-28 03:11:41.734 INFO  [250151] [ProgressDialog::SetProgress@35] Prerendering Static Parts... 74%
2026-06-28 03:11:41.744 INFO  [250151] [ProgressDialog::SetProgress@35] Prerendering Static Parts... 75%
2026-06-28 03:11:41.753 INFO  [250151] [ProgressDialog::SetProgress@35] Prerendering Static Parts... 76%
2026-06-28 03:11:41.763 INFO  [250151] [ProgressDialog::SetProgress@35] Prerendering Static Parts... 77%
2026-06-28 03:11:41.776 INFO  [250151] [ProgressDialog::SetProgress@35] Prerendering Static Parts... 78%
2026-06-28 03:11:41.785 INFO  [250151] [ProgressDialog::SetProgress@35] Prerendering Static Parts... 79%
2026-06-28 03:11:41.797 INFO  [250151] [ProgressDialog::SetProgress@35] Prerendering Static Parts... 80%
2026-06-28 03:11:41.809 INFO  [250151] [ProgressDialog::SetProgress@35] Prerendering Static Parts... 81%
2026-06-28 03:11:41.824 INFO  [250151] [ProgressDialog::SetProgress@35] Prerendering Static Parts... 82%
2026-06-28 03:11:41.836 INFO  [250151] [ProgressDialog::SetProgress@35] Prerendering Static Parts... 83%
2026-06-28 03:11:41.848 INFO  [250151] [ProgressDialog::SetProgress@35] Prerendering Static Parts... 84%
2026-06-28 03:11:41.860 INFO  [250151] [ProgressDialog::SetProgress@35] Prerendering Static Parts... 85%
2026-06-28 03:11:41.875 INFO  [250151] [ProgressDialog::SetProgress@35] Prerendering Static Parts... 86%
2026-06-28 03:11:41.887 INFO  [250151] [ProgressDialog::SetProgress@35] Prerendering Static Parts... 87%
2026-06-28 03:11:41.899 INFO  [250151] [ProgressDialog::SetProgress@35] Prerendering Static Parts... 88%
2026-06-28 03:11:41.914 INFO  [250151] [ProgressDialog::SetProgress@35] Prerendering Static Parts... 89%
2026-06-28 03:11:41.925 INFO  [250151] [ProgressDialog::SetProgress@35] Prerendering Static Parts... 90%
2026-06-28 03:11:41.938 INFO  [250151] [ProgressDialog::SetProgress@35] Prerendering Static Parts... 91%
2026-06-28 03:11:41.950 INFO  [250151] [ProgressDialog::SetProgress@35] Prerendering Static Parts... 92%
2026-06-28 03:11:41.965 INFO  [250151] [ProgressDialog::SetProgress@35] Prerendering Static Parts... 93%
2026-06-28 03:11:41.977 INFO  [250151] [ProgressDialog::SetProgress@35] Prerendering Static Parts... 94%
2026-06-28 03:11:41.989 INFO  [250151] [ProgressDialog::SetProgress@35] Prerendering Static Parts... 95%
2026-06-28 03:11:42.002 INFO  [250151] [ProgressDialog::SetProgress@35] Prerendering Static Parts... 96%
2026-06-28 03:11:42.017 INFO  [250151] [ProgressDialog::SetProgress@35] Prerendering Static Parts... 97%
2026-06-28 03:11:42.030 INFO  [250151] [ProgressDialog::SetProgress@35] Prerendering Static Parts... 98%
2026-06-28 03:11:42.043 INFO  [250151] [ProgressDialog::SetProgress@35] Prerendering Static Parts... 99%
2026-06-28 03:11:42.057 INFO  [250151] [ProgressDialog::SetProgress@35] Prerendering Static Parts... 100%
2026-06-28 03:11:42.061 INFO  [250151] [Renderer::RenderStaticPrepass@1889] Starting Reflection Probe prerendering
2026-06-28 03:11:42.061 INFO  [250151] [Renderer::RenderStaticPrepass@1898] Static PreRender done
2026-06-28 03:11:42.080 INFO  [250151] [DOF:DOFPlugin::OnDevSrcChanged@279] OnDevSrcChanged - Found 145 PinMAME devices and 0 B2S devices
2026-06-28 03:11:42.080 INFO  [250151] [B2SLegacy:B2SLegacy::Server::OnDevSrcChanged@166] Device state updated - 145 devices
2026-06-28 03:11:42.080 INFO  [250151] [DOF:DOFPlugin::OnInputSrcChanged@309] OnInputSrcChanged - Found 104 PinMAME inputs
2026-06-28 03:11:42.081 INFO  [250151] [Serum:Serum::OnControllerGameStart@367] Loading from /home/pinball/Tables/Attack from Mars (Bally 1995)/pinmame/altcolor for afm_113b
2026-06-28 03:11:42.096 INFO  [250151] [DOF:DOFPlugin::OnControllerGameStart@210] OnControllerGameStart: gameId=afm_113b
2026-06-28 03:11:42.096 INFO  [250312] [DOF:DOFPlugin::OnDOFLog@89] Global config filename is "/home/pinball/.local/share/VPinballX/10.8/directoutputconfig/GlobalConfig_B2SServer.xml"
2026-06-28 03:11:42.096 INFO  [250312] [DOF:DOFPlugin::OnDOFLog@89] No global config file loaded
2026-06-28 03:11:42.096 INFO  [250151] [VNI:Vni::OnControllerGameStart@264] No PAL file found for afm_113b
2026-06-28 03:11:42.096 INFO  [250312] [DOF:DOFPlugin::OnDOFLog@89] Install folder lookup: executable: /home/pinball/VPinballX_BGFX-10.8.1-5231-7ca174632-linux-x64/VPinballX_BGFX, install folder: /home/pinball/VPinballX_BGFX-10.8.1-5231-7ca174632-linux-x64 (EXECUTABLE folder -> original flat install configuration)
2026-06-28 03:11:42.096 INFO  [250151] [AltSound:AltSound::OnControllerGameStart@215] Found altsound directory for game: afm_113b at /home/pinball/Tables/Attack from Mars (Bally 1995)/pinmame/altsound/afm_113b
2026-06-28 03:11:42.096 INFO  [250151] [AltSound:AltSound::StartAltSound@131] Initializing AltSound for game: afm_113b, basePath: /home/pinball/Tables/Attack from Mars (Bally 1995)/pinmame
2026-06-28 03:11:42.096 INFO  [250312] [DOF:DOFPlugin::OnDOFLog@89] Could not find or load the global config file /home/pinball/.local/share/VPinballX/10.8/directoutputconfig/GlobalConfig_B2SServer.xml
2026-06-28 03:11:42.096 INFO  [250312] [DOF:DOFPlugin::OnDOFLog@89] Loading Pinball parts
2026-06-28 03:11:42.096 INFO  [250312] [DOF:DOFPlugin::OnDOFLog@89] Loading cabinet
2026-06-28 03:11:42.096 INFO  [250312] [DOF:DOFPlugin::OnDOFLog@89] No cabinet config file loaded. Will use AutoConfig.
2026-06-28 03:11:42.098 INFO  [250151] [AltSound:AltSound::StartAltSound@148] AltSound initialized successfully for game: afm_113b
2026-06-28 03:11:42.106 INFO  [250312] [DOF:DOFPlugin::OnDOFLog@89] Pinscape device scan found 0 devices
2026-06-28 03:11:42.116 INFO  [250312] [DOF:DOFPlugin::OnDOFLog@89] Cabinet auto configuration started
2026-06-28 03:11:42.116 INFO  [250312] [DOF:DOFPlugin::OnDOFLog@89] Pinscape auto-configuration starting
2026-06-28 03:11:42.125 INFO  [250312] [DOF:DOFPlugin::OnDOFLog@89] Pinscape device scan found 0 devices
2026-06-28 03:11:42.125 INFO  [250312] [DOF:DOFPlugin::OnDOFLog@89] PinscapePico auto-configuration starting
2026-06-28 03:11:42.144 INFO  [250312] [DOF:DOFPlugin::OnDOFLog@89] DudesCab auto-configuration starting
2026-06-28 03:11:42.189 INFO  [250151] [Player::Player@791] Startup done
2026-06-28 03:11:42.205 WARN  [250151] [PinTable::StopSound@4174] Request to stop "fx_ballrolling7", but sound was not found.
2026-06-28 03:11:42.205 WARN  [250151] [PinTable::StopSound@4174] Request to stop "fx_ballrolling8", but sound was not found.
2026-06-28 03:11:42.205 WARN  [250151] [PinTable::StopSound@4174] Request to stop "fx_ballrolling9", but sound was not found.
2026-06-28 03:11:42.205 WARN  [250151] [PinTable::StopSound@4174] Request to stop "fx_ballrolling10", but sound was not found.
2026-06-28 03:11:42.206 WARN  [250151] [PinTable::StopSound@4174] Request to stop "fx_ballrolling11", but sound was not found.
2026-06-28 03:11:42.206 WARN  [250151] [PinTable::StopSound@4174] Request to stop "fx_ballrolling12", but sound was not found.
2026-06-28 03:11:42.206 WARN  [250151] [PinTable::StopSound@4174] Request to stop "fx_ballrolling13", but sound was not found.
2026-06-28 03:11:42.206 WARN  [250151] [PinTable::StopSound@4174] Request to stop "fx_ballrolling14", but sound was not found.
2026-06-28 03:11:42.206 WARN  [250151] [PinTable::StopSound@4174] Request to stop "fx_ballrolling15", but sound was not found.
2026-06-28 03:11:42.206 WARN  [250151] [PinTable::StopSound@4174] Request to stop "fx_ballrolling16", but sound was not found.
2026-06-28 03:11:42.206 WARN  [250151] [PinTable::StopSound@4174] Request to stop "fx_ballrolling17", but sound was not found.
2026-06-28 03:11:42.206 WARN  [250151] [PinTable::StopSound@4174] Request to stop "fx_ballrolling18", but sound was not found.
2026-06-28 03:11:42.206 WARN  [250151] [PinTable::StopSound@4174] Request to stop "fx_ballrolling19", but sound was not found.
2026-06-28 03:11:42.206 INFO  [250312] [DOF:DOFPlugin::OnDOFLog@89] Ultimate VPinball says : Beertime, DudesCab is Connected
2026-06-28 03:11:42.210 INFO  [250312] [DOF:DOFPlugin::OnDOFLog@89] DudesCab Controller Informations : Device [DudesCab,RID:3] Name [Ultimate VPinball], v2.0.4, unit #1, Max extensions 8
2026-06-28 03:11:42.214 INFO  [250312] [DOF:DOFPlugin::OnDOFLog@89]     Pwm Informations : Max outputs per extensions 16, Extension Mask 0x0
2026-06-28 03:11:42.214 INFO  [250312] [DOF:DOFPlugin::OnDOFLog@89]     Output configuration received, highest configured output is #0
2026-06-28 03:11:42.278 INFO  [250312] [DOF:DOFPlugin::OnDOFLog@89] Ultimate VPinball says : Beertime, DudesCab is Connected
2026-06-28 03:11:42.294 INFO  [250312] [DOF:DOFPlugin::OnDOFLog@89] DudesCab Controller Informations : Device [DudesCab,RID:5] Name [Ultimate VPinball], v2.0.4, unit #1, Max extensions 8
2026-06-28 03:11:42.294 INFO  [250312] [DOF:DOFPlugin::OnDOFLog@89] Detected and added DudesCab Controller DudesCab Controller 01 with 0 outputs
2026-06-28 03:11:42.294 INFO  [250312] [DOF:DOFPlugin::OnDOFLog@89] Added LedwizEquivalent Nr. 90 with name DudesCab Controller 01 Equivalent 1 for DudesCab Controller with Unit 1
2026-06-28 03:11:42.318 INFO  [250312] [DOF:DOFPlugin::OnDOFLog@89] UMX Handshake : Hi! I'm an UMXController board[DudesCab(Ultimate VPinball)] firmware[2,0,4]
2026-06-28 03:11:42.366 INFO  [250312] [DOF:DOFPlugin::OnDOFLog@89] Detected and added UMX Controller Nr. 1 with name UMX Controller 01
2026-06-28 03:11:42.366 INFO  [250312] [DOF:DOFPlugin::OnDOFLog@89] UMX Infos : Name UMXDudesCab[Ultimate VPinball], UMX Version 1.0.0, MaxDataLines 8, MaxNbLeds 6000
2026-06-28 03:11:42.366 INFO  [250312] [DOF:DOFPlugin::OnDOFLog@89] UMX Config : Enabled 1, LedChipset 2, LedWizEquivalent 30
2026-06-28 03:11:42.366 INFO  [250312] [DOF:DOFPlugin::OnDOFLog@89] TestOnReset 3(3s), TestOnConnect 3(4s), TestBrightness: 100
2026-06-28 03:11:42.366 INFO  [250312] [DOF:DOFPlugin::OnDOFLog@89] CompressionRatio 100%
2026-06-28 03:11:42.366 INFO  [250312] [DOF:DOFPlugin::OnDOFLog@89] 5 ledstrips :
2026-06-28 03:11:42.366 INFO  [250312] [DOF:DOFPlugin::OnDOFLog@89] 	[0] LeftPFStripe => W/H:1/58 (58 leds), FirstLed: 0, Dof:1, Brightness:50
2026-06-28 03:11:42.366 INFO  [250312] [DOF:DOFPlugin::OnDOFLog@89] 		1 split : 58 leds on line 0
2026-06-28 03:11:42.366 INFO  [250312] [DOF:DOFPlugin::OnDOFLog@89] 	[1] RightPFStripe => W/H:1/58 (58 leds), FirstLed: 58, Dof:4, Brightness:50
2026-06-28 03:11:42.366 INFO  [250312] [DOF:DOFPlugin::OnDOFLog@89] 		1 split : 58 leds on line 1
2026-06-28 03:11:42.366 INFO  [250312] [DOF:DOFPlugin::OnDOFLog@89] 	[2] FilippersButMX => W/H:1/1 (1 leds), FirstLed: 116, Dof:7, Brightness:100
2026-06-28 03:11:42.366 INFO  [250312] [DOF:DOFPlugin::OnDOFLog@89] 		1 split : 1 leds on line 2
2026-06-28 03:11:42.366 INFO  [250312] [DOF:DOFPlugin::OnDOFLog@89] 	[3] RightMagBut => W/H:1/1 (1 leds), FirstLed: 117, Dof:13, Brightness:100
2026-06-28 03:11:42.366 INFO  [250312] [DOF:DOFPlugin::OnDOFLog@89] 		1 split : 1 leds on line 4
2026-06-28 03:11:42.366 INFO  [250312] [DOF:DOFPlugin::OnDOFLog@89] 	[4] LeftMagBut => W/H:1/1 (1 leds), FirstLed: 118, Dof:10, Brightness:100
2026-06-28 03:11:42.366 INFO  [250312] [DOF:DOFPlugin::OnDOFLog@89] 		1 split : 1 leds on line 3
2026-06-28 03:11:42.366 INFO  [250312] [DOF:DOFPlugin::OnDOFLog@89] 119 leds, 357 outputs configured
2026-06-28 03:11:42.366 INFO  [250312] [DOF:DOFPlugin::OnDOFLog@89] Added LedwizEquivalent Nr. 30 with name UMXDudesCab[Ultimate VPinball]#1 Equivalent for UMXController Nr. 1, 5
2026-06-28 03:11:42.374 INFO  [250312] [DOF:DOFPlugin::OnDOFLog@89] PacLed64 auto-configuration starting
2026-06-28 03:11:42.393 INFO  [250312] [DOF:DOFPlugin::OnDOFLog@89] PacDrive auto-configuration starting
2026-06-28 03:11:42.393 INFO  [250312] [DOF:DOFPlugin::OnDOFLog@89] PacUIO auto-configuration starting
2026-06-28 03:11:42.403 INFO  [250312] [DOF:DOFPlugin::OnDOFLog@89] FTDI auto-configuration starting
2026-06-28 03:11:42.409 INFO  [250312] [DOF:DOFPlugin::OnDOFLog@89] FTDI device scan found 0 devices
2026-06-28 03:11:42.873 INFO  [250312] [DOF:DOFPlugin::OnDOFLog@89] Cabinet auto configuration finished
2026-06-28 03:11:42.873 INFO  [250312] [DOF:DOFPlugin::OnDOFLog@89] Cabinet loaded
2026-06-28 03:11:42.873 INFO  [250312] [DOF:DOFPlugin::OnDOFLog@89] Loading table config
2026-06-28 03:11:42.873 INFO  [250312] [DOF:DOFPlugin::OnDOFLog@89] Will try to load configs from DirectOutput.ini or LedControl.ini file(s) for RomName afm_113b
2026-06-28 03:11:42.874 INFO  [250312] [DOF:DOFPlugin::OnDOFLog@89] Loading LedControl file /home/pinball/.local/share/VPinballX/10.8/directoutputconfig/directoutputconfig.ini
2026-06-28 03:11:42.879 INFO  [250312] [DOF:DOFPlugin::OnDOFLog@89] Min DOF Version is 0.8 for file /home/pinball/.local/share/VPinballX/10.8/directoutputconfig/directoutputconfig.ini
2026-06-28 03:11:42.879 INFO  [250312] [DOF:DOFPlugin::OnDOFLog@89] Resolving Table Variables
2026-06-28 03:11:42.879 INFO  [250312] [DOF:DOFPlugin::OnDOFLog@89] Resolving Global Variables
2026-06-28 03:11:43.189 INFO  [250151] [B2SLegacy:B2SLegacy::Server::TimerElapsed@336] B2S polling status: lamps=false, solenoids=false, giStrings=false, leds=false
2026-06-28 03:11:43.348 INFO  [250312] [DOF:DOFPlugin::OnDOFLog@89] Loading LedControl file /home/pinball/.local/share/VPinballX/10.8/directoutputconfig/directoutputconfig30.ini
2026-06-28 03:11:43.357 INFO  [250312] [DOF:DOFPlugin::OnDOFLog@89] Min DOF Version is 0.8 for file /home/pinball/.local/share/VPinballX/10.8/directoutputconfig/directoutputconfig30.ini
2026-06-28 03:11:43.358 INFO  [250312] [DOF:DOFPlugin::OnDOFLog@89] Resolving Table Variables
2026-06-28 03:11:43.358 INFO  [250312] [DOF:DOFPlugin::OnDOFLog@89] Resolving Global Variables
2026-06-28 03:11:43.719 INFO  [250312] [DOF:DOFPlugin::OnDOFLog@89] Loading LedControl file /home/pinball/.local/share/VPinballX/10.8/directoutputconfig/directoutputconfig90.ini
2026-06-28 03:11:43.720 INFO  [250312] [DOF:DOFPlugin::OnDOFLog@89] Min DOF Version is 0.8 for file /home/pinball/.local/share/VPinballX/10.8/directoutputconfig/directoutputconfig90.ini
2026-06-28 03:11:43.720 INFO  [250312] [DOF:DOFPlugin::OnDOFLog@89] Resolving Table Variables
2026-06-28 03:11:43.720 INFO  [250312] [DOF:DOFPlugin::OnDOFLog@89] Resolving Global Variables
2026-06-28 03:11:43.825 INFO  [250312] [DOF:DOFPlugin::OnDOFLog@89] 3 directoutputconfig.ini or ledcontrol.ini files loaded.
2026-06-28 03:11:43.826 INFO  [250312] [DOF:DOFPlugin::OnDOFLog@89] Config for RomName afm_113b exists in LedControl data. Updating cabinet and config.
2026-06-28 03:11:43.837 INFO  [250312] [DOF:DOFPlugin::OnDOFLog@89] Table config loading finished: romname=afm_113b, tablename=Attack from Mars (Midway 1995)
2026-06-28 03:11:43.837 INFO  [250312] [DOF:DOFPlugin::OnDOFLog@89] Pinball parts loaded
2026-06-28 03:11:43.837 INFO  [250312] [DOF:DOFPlugin::OnDOFLog@89] Starting processes
2026-06-28 03:11:43.837 INFO  [250312] [DOF:DOFPlugin::OnDOFLog@89] Initializing cabinet
2026-06-28 03:11:43.837 INFO  [250312] [DOF:DOFPlugin::OnDOFLog@89] Initializing output controllers
2026-06-28 03:11:43.837 INFO  [250312] [DOF:DOFPlugin::OnDOFLog@89] DudesCab DudesCab Controller 01 initialized and updater thread started.
2026-06-28 03:11:43.837 INFO  [250319] [DOF:DOFPlugin::OnDOFLog@89] Updater thread started for DudesCab DudesCab Controller 01
2026-06-28 03:11:43.837 INFO  [250319] [DOF:DOFPlugin::OnDOFLog@89] Updater thread connected to DudesCab DudesCab Controller 01
2026-06-28 03:11:43.838 INFO  [250312] [DOF:DOFPlugin::OnDOFLog@89] UMXController UMX Controller 01 initialized and updater thread started.
2026-06-28 03:11:43.838 INFO  [250320] [DOF:DOFPlugin::OnDOFLog@89] Updater thread started for UMXController UMX Controller 01
2026-06-28 03:11:43.838 INFO  [250312] [DOF:DOFPlugin::OnDOFLog@89] Output controllers initialized
2026-06-28 03:11:43.838 INFO  [250320] [DOF:DOFPlugin::OnDOFLog@89] Updater thread connected to UMXController UMX Controller 01
2026-06-28 03:11:43.838 INFO  [250312] [DOF:DOFPlugin::OnDOFLog@89] Initializing 9 toys
2026-06-28 03:11:43.838 INFO  [250312] [DOF:DOFPlugin::OnDOFLog@89] Initializing LedWizEquivalent: DudesCab Controller 01 Equivalent 1 (LedWiz 90)
2026-06-28 03:11:43.838 INFO  [250312] [DOF:DOFPlugin::OnDOFLog@89] LedWizEquivalent 90: Resolved 0 of 0 outputs
2026-06-28 03:11:43.838 INFO  [250312] [DOF:DOFPlugin::OnDOFLog@89] LedWizEquivalent 90 initialized with 0 outputs
2026-06-28 03:11:43.838 INFO  [250312] [DOF:DOFPlugin::OnDOFLog@89] Initializing LedWizEquivalent: UMXDudesCab[Ultimate VPinball]#1 Equivalent (LedWiz 30)
2026-06-28 03:11:43.838 INFO  [250312] [DOF:DOFPlugin::OnDOFLog@89] LedWizEquivalent 30: Resolved 0 of 5 outputs
2026-06-28 03:11:43.838 INFO  [250312] [DOF:DOFPlugin::OnDOFLog@89] LedWizEquivalent 30 initialized with 5 outputs
2026-06-28 03:11:43.838 INFO  [250312] [DOF:DOFPlugin::OnDOFLog@89] Cabinet initialized
2026-06-28 03:11:43.838 INFO  [250312] [DOF:DOFPlugin::OnDOFLog@89] Loading shape definition file: /home/pinball/.local/share/VPinballX/10.8/directoutputconfig/DirectOutputShapes.xml
2026-06-28 03:11:43.839 INFO  [250312] [DOF:DOFPlugin::OnDOFLog@89] Framework initialized.
2026-06-28 03:11:43.839 INFO  [250312] [DOF:DOFPlugin::OnDOFLog@89] Have fun! :)
2026-06-28 03:13:05.267 WARN  [250151] [PinTable::PlaySound@4156] Request to play "fx_motor2", but sound was not found.
2026-06-28 03:22:00.101 INFO  [250151] [Player::~Player@832] Closing player...
2026-06-28 03:22:00.122 INFO  [250151] [MsgPI::MsgPlugin::Unload@548] Plugin vpx unloaded [id=1]
2026-06-28 03:22:00.124 INFO  [250151] [MsgPI::MsgPlugin::Unload@548] Plugin Serum unloaded [id=3]
2026-06-28 03:22:00.134 INFO  [250312] [DOF:DOFPlugin::OnDOFLog@89] Finishing framework
2026-06-28 03:22:00.135 INFO  [250312] [DOF:DOFPlugin::OnDOFLog@89] Finishing cabinet
2026-06-28 03:22:00.135 INFO  [250312] [DOF:DOFPlugin::OnDOFLog@89] Finishing 9 toys
2026-06-28 03:22:00.135 INFO  [250312] [DOF:DOFPlugin::OnDOFLog@89] Finishing LedWizEquivalent: DudesCab Controller 01 Equivalent 1 (LedWiz 90)
2026-06-28 03:22:00.136 INFO  [250312] [DOF:DOFPlugin::OnDOFLog@89] Finishing LedWizEquivalent: UMXDudesCab[Ultimate VPinball]#1 Equivalent (LedWiz 30)
2026-06-28 03:22:00.136 INFO  [250312] [DOF:DOFPlugin::OnDOFLog@89] Finishing output controllers
2026-06-28 03:22:00.136 INFO  [250319] [DOF:DOFPlugin::OnDOFLog@89] Updater thread disconnected and will terminate
2026-06-28 03:22:00.146 INFO  [250312] [DOF:DOFPlugin::OnDOFLog@89] DudesCab DudesCab Controller 01 finished and updater thread stopped.
2026-06-28 03:22:00.162 INFO  [250320] [DOF:DOFPlugin::OnDOFLog@89] Updater thread disconnected and will terminate
2026-06-28 03:22:00.167 INFO  [250312] [DOF:DOFPlugin::OnDOFLog@89] UMXController UMX Controller 01 finished and updater thread stopped.
2026-06-28 03:22:00.167 INFO  [250312] [DOF:DOFPlugin::OnDOFLog@89] Output controllers finished
2026-06-28 03:22:00.167 INFO  [250312] [DOF:DOFPlugin::OnDOFLog@89] Cabinet finished
2026-06-28 03:22:00.167 INFO  [250312] [DOF:DOFPlugin::OnDOFLog@89] DirectOutput framework finished.
2026-06-28 03:22:00.167 INFO  [250312] [DOF:DOFPlugin::OnDOFLog@89] Bye and thanks for using!
munmap_chunk(): invalid pointer
