2026-06-28 03:55:54.728 INFO  [265505] [VPApp::InitInstance@329] Starting VPX - v10.8.1 Beta (Rev. 5231 (7ca174632), linux BGFX 64bits)
2026-06-28 03:55:54.728 INFO  [265505] [VPApp::InitInstance@330] Settings file was loaded from /home/pinball/.local/share/VPinballX/10.8/VPinballX.ini
2026-06-28 03:55:54.728 INFO  [265505] [VPApp::InitInstance@331] Number of logical CPU cores: 40
2026-06-28 03:55:54.728 INFO  [265505] [VPApp::InitInstance@332] Application path: /home/pinball/VPinballX_BGFX-10.8.1-5231-7ca174632-linux-x64/
2026-06-28 03:55:54.728 INFO  [265505] [VPApp::InitInstance@333] Preference path: /home/pinball/.local/share/VPinballX/10.8
2026-06-28 03:55:54.731 INFO  [265505] [PinTable::LoadGameFromFilename@1419] LoadGameFromFilename /home/pinball/Tables/Attack from Mars (Bally 1995)/Attack from Mars (Midway 1995).vpx
2026-06-28 03:55:54.743 INFO  [265505] [PinTable::LoadGameFromFilename@1545] PinTable Data loaded
2026-06-28 03:55:54.794 INFO  [265505] [PinTable::LoadGameFromFilename@1810] Images, Sounds and Items loaded
2026-06-28 03:55:54.804 INFO  [265505] [PinTable::LoadGameFromFilename@2146] InitTablePostLoad
2026-06-28 03:55:54.805 INFO  [265505] [PinTable::LoadScriptOverride@2218] Loading script: /home/pinball/Tables/Attack from Mars (Bally 1995)/Attack from Mars (Midway 1995).vbs
2026-06-28 03:55:54.805 INFO  [265505] [MsgPI::MsgPlugin::Load@522] Plugin vpx loaded (statically linked plugin) [id=1]
2026-06-28 03:55:54.805 INFO  [265505] [SDLInputHandler::SDLInputHandler@17] SDL input handler registered
2026-06-28 03:55:55.238 INFO  [265505] [SDLInputHandler::OnJoystickAdded@287] Joystick connected: L'atelier d'Arnoz DudesCab #1 (SDL ID: 4, Axes: 6, Buttons: 32, Hats: 1, VPX UID: SDLJoy_0300a1eb8a2e00006f10000011010000_1)
2026-06-28 03:55:55.238 INFO  [265505] [OpenPinDevHandler::OpenPinDevHandler@242] OpenPinDev input handler registered
2026-06-28 03:55:55.295 INFO  [265505] [ma_device_init__sdl@154] Audio device initialized. Device: 'CMI8738/CMI8768 PCI Audio (CMI8738/C3DX PCI Audio Device) Analog Stereo', Freq : 48000, Format: SDL_AUDIO_S16LE, Channels: 2, Driver: pipewire
2026-06-28 03:55:55.323 INFO  [265505] [ma_device_init__sdl@154] Audio device initialized. Device: 'Built-in Audio Analog Stereo', Freq : 48000, Format: SDL_AUDIO_S16LE, Channels: 2, Driver: pipewire
2026-06-28 03:55:55.346 INFO  [265505] [Player::Player@112] SDL video driver: x11
2026-06-28 03:55:55.346 INFO  [265505] [Player::Player@120] Loading player plugins
2026-06-28 03:55:55.347 INFO  [265505] [Player::Player@166] Plugin vpx was found but is disabled ()
2026-06-28 03:55:55.347 INFO  [265505] [Player::Player@166] Plugin DMDUtil was found but is disabled (/home/pinball/VPinballX_BGFX-10.8.1-5231-7ca174632-linux-x64/plugins/dmdutil/plugin-dmdutil.so)
2026-06-28 03:55:55.347 INFO  [265505] [MsgPI::MsgPlugin::Load@518] Plugin Serum loaded (library: /home/pinball/VPinballX_BGFX-10.8.1-5231-7ca174632-linux-x64/plugins/serum/plugin-serum.so) [id=3]
2026-06-28 03:55:55.347 INFO  [265505] [Player::Player@166] Plugin UpscaleDMD was found but is disabled (/home/pinball/VPinballX_BGFX-10.8.1-5231-7ca174632-linux-x64/plugins/upscaledmd/plugin-upscaledmd.so)
2026-06-28 03:55:55.349 INFO  [265505] [DOF:DOFPlugin::OnDevSrcChanged@249] OnDevSrcChanged - No source
2026-06-28 03:55:55.349 INFO  [265505] [DOF:DOFPlugin::OnInputSrcChanged@309] OnInputSrcChanged - Found 0 PinMAME inputs
2026-06-28 03:55:55.365 INFO  [265505] [DOF:DOFPlugin::OnDOFLog@89] Pinscape device scan found 0 devices
2026-06-28 03:55:55.375 INFO  [265505] [MsgPI::MsgPlugin::Load@518] Plugin DOF loaded (library: /home/pinball/VPinballX_BGFX-10.8.1-5231-7ca174632-linux-x64/plugins/dof/plugin-dof.so) [id=5]
2026-06-28 03:55:55.379 INFO  [265505] [MsgPI::MsgPlugin::Load@518] Plugin PinMAME loaded (library: /home/pinball/VPinballX_BGFX-10.8.1-5231-7ca174632-linux-x64/plugins/pinmame/plugin-pinmame.so) [id=6]
2026-06-28 03:55:55.379 INFO  [265505] [MsgPI::MsgPlugin::Load@518] Plugin HelloWorld loaded (library: /home/pinball/VPinballX_BGFX-10.8.1-5231-7ca174632-linux-x64/plugins/helloworld/plugin-helloworld.so) [id=7]
2026-06-28 03:55:55.380 INFO  [265505] [MsgPI::MsgPlugin::Load@518] Plugin B2SLegacy loaded (library: /home/pinball/VPinballX_BGFX-10.8.1-5231-7ca174632-linux-x64/plugins/b2slegacy/plugin-b2slegacy.so) [id=8]
2026-06-28 03:55:55.381 INFO  [265505] [MsgPI::MsgPlugin::Load@518] Plugin ScoreView loaded (library: /home/pinball/VPinballX_BGFX-10.8.1-5231-7ca174632-linux-x64/plugins/scoreview/plugin-scoreview.so) [id=9]
2026-06-28 03:55:55.381 INFO  [265505] [Player::Player@166] Plugin RemoteControl was found but is disabled (/home/pinball/VPinballX_BGFX-10.8.1-5231-7ca174632-linux-x64/plugins/remote-control/plugin-remote-control.so)
2026-06-28 03:55:55.384 INFO  [265505] [PUP:PUPPluginLoad@292] No global PUP folder configured; per-table 'pupvideos' used when present
2026-06-28 03:55:55.384 INFO  [265505] [MsgPI::MsgPlugin::Load@518] Plugin PUP loaded (library: /home/pinball/VPinballX_BGFX-10.8.1-5231-7ca174632-linux-x64/plugins/pup/plugin-pup.so) [id=11]
2026-06-28 03:55:55.384 INFO  [265505] [MsgPI::MsgPlugin::Load@518] Plugin VNI loaded (library: /home/pinball/VPinballX_BGFX-10.8.1-5231-7ca174632-linux-x64/plugins/vni/plugin-vni.so) [id=12]
2026-06-28 03:55:55.385 INFO  [265505] [MsgPI::MsgPlugin::Load@518] Plugin FlexDMD loaded (library: /home/pinball/VPinballX_BGFX-10.8.1-5231-7ca174632-linux-x64/plugins/flexdmd/plugin-flexdmd.so) [id=13]
2026-06-28 03:55:55.385 INFO  [265505] [Player::Player@166] Plugin AlphaDMD was found but is disabled (/home/pinball/VPinballX_BGFX-10.8.1-5231-7ca174632-linux-x64/plugins/alphadmd/plugin-alphadmd.so)
2026-06-28 03:55:55.385 INFO  [265505] [Player::Player@166] Plugin B2S was found but is disabled (/home/pinball/VPinballX_BGFX-10.8.1-5231-7ca174632-linux-x64/plugins/b2s/plugin-b2s.so)
2026-06-28 03:55:55.386 INFO  [265505] [MsgPI::MsgPlugin::Load@518] Plugin WMP loaded (library: /home/pinball/VPinballX_BGFX-10.8.1-5231-7ca174632-linux-x64/plugins/wmp/plugin-wmp.so) [id=16]
2026-06-28 03:55:55.386 INFO  [265505] [MsgPI::MsgPlugin::Load@518] Plugin AltSound loaded (library: /home/pinball/VPinballX_BGFX-10.8.1-5231-7ca174632-linux-x64/plugins/altsound/plugin-altsound.so) [id=17]
2026-06-28 03:55:55.386 INFO  [265505] [Player::Player@166] Plugin HelloScript was found but is disabled (/home/pinball/VPinballX_BGFX-10.8.1-5231-7ca174632-linux-x64/plugins/helloscript/plugin-helloscript.so)
2026-06-28 03:55:55.386 INFO  [265505] [Player::Player@172] Compiling script
2026-06-28 03:55:55.386 INFO  [265505] [ProgressDialog::SetProgress@35] Creating Player... 1%
2026-06-28 03:55:55.386 INFO  [265505] [Player::Player@283] Creating main window
2026-06-28 03:55:55.398 INFO  [265505] [VPX::Window::Window@276] Window #0 (3840x2160) was created on display N43 32" [3840x2160 60Hz SDL_PIXELFORMAT_XRGB8888]
2026-06-28 03:55:55.398 INFO  [265505] [Player::Player@337] Synchronization mode: 3 with maximum FPS: 60, display FPS: 60
2026-06-28 03:55:55.398 INFO  [265505] [Player::Player@348] Initializing player
2026-06-28 03:55:55.398 INFO  [265505] [ProgressDialog::SetProgress@35] Initializing Visuals... 10%
2026-06-28 03:55:55.398 INFO  [265505] [Player::Player@362] Initializing renderer (global states & resources)
2026-06-28 03:55:55.399 INFO  [265505] [RenderDevice::RenderDevice@1269] Requested graphics backend: Vulkan (valid values: Default, Direct3D11, OpenGL, Vulkan)
2026-06-28 03:55:55.791 ERROR [265561] [RenderDevice::SelectBackBufferFormat@290] Driver did not report any supported backbuffer format for Visual Pinball Player. Defaulting to BGRA8
2026-06-28 03:55:56.237 INFO  [265561] [RenderDevice::RenderThread@466] BGFX initialized using Vulkan backend (3840x2160 BGRA8)
2026-06-28 03:55:56.261 INFO  [265505] [Renderer::Renderer@213] Computing environment map radiance
2026-06-28 03:55:56.781 INFO  [265505] [Renderer::Renderer@242] Environment map radiance computed
2026-06-28 03:55:56.793 INFO  [265505] [VPX::Window::Window@276] Window #1 (1920x1080) was created on display HP 27vc 27" [1920x1080 60Hz SDL_PIXELFORMAT_XRGB8888]
2026-06-28 03:55:56.804 INFO  [265505] [VPX::Window::Window@276] Window #2 (1024x768) was created on display F-415 15" [1024x768 75.03Hz SDL_PIXELFORMAT_XRGB8888]
2026-06-28 03:55:56.804 INFO  [265505] [Player::Player@398] Initializing inputs & implicit objects
2026-06-28 03:55:56.804 INFO  [265505] [Player::Player@487] Initializing physics
2026-06-28 03:55:56.804 INFO  [265505] [ProgressDialog::SetProgress@35] Initializing Physics... 30%
2026-06-28 03:55:56.817 INFO  [265505] [PhysicsEngine::PhysicsEngine@54] Initializing octree
2026-06-28 03:55:56.844 INFO  [265505] [ProgressDialog::SetProgress@35] Loading Textures... 50%
2026-06-28 03:55:56.844 INFO  [265505] [Player::Player@553] Texture cache found at /home/pinball/Tables/Attack from Mars (Bally 1995)/cache/Attack from Mars (Midway 1995)/used_textures.xml
2026-06-28 03:55:57.055 ERROR [265638] [Texture::GetRawBitmap@1135] Corrupted file: image 'ramp' height (5) does not match the height (8) of the image datablock.
2026-06-28 03:55:57.365 INFO  [265505] [Player::Player@684] Initializing renderer
2026-06-28 03:55:57.366 INFO  [265505] [ProgressDialog::SetProgress@35] Initializing Renderer... 60%
2026-06-28 03:55:57.408 INFO  [265505] [Player::Player@709] Starting script
2026-06-28 03:55:57.411 INFO  [265505] [ScriptGlobalTable::GetTextFile@359] Reading script: /home/pinball/VPinballX_BGFX-10.8.1-5231-7ca174632-linux-x64/scripts/controller.vbs
2026-06-28 03:55:57.411 INFO  [265505] [VPXPluginAPIImpl::ApplyScriptCOMObjectOverrides@377] COM script object b2s.server overriden to be provided by a plugin
2026-06-28 03:55:57.411 INFO  [265505] [VPXPluginAPIImpl::ApplyScriptCOMObjectOverrides@377] COM script object vpinmame.controller overriden to be provided by a plugin
2026-06-28 03:55:57.411 INFO  [265505] [VPXPluginAPIImpl::ApplyScriptCOMObjectOverrides@377] COM script object vpinmame.controller overriden to be provided by a plugin
2026-06-28 03:55:57.411 INFO  [265505] [VPXPluginAPIImpl::ApplyScriptCOMObjectOverrides@377] COM script object b2s.server overriden to be provided by a plugin
2026-06-28 03:55:57.411 INFO  [265505] [VPXPluginAPIImpl::ApplyScriptCOMObjectOverrides@377] COM script object b2s.server overriden to be provided by a plugin
2026-06-28 03:55:57.412 INFO  [265505] [find_case_insensitive_file_path@630] case insensitive file match: requested "/home/pinball/VPinballX_BGFX-10.8.1-5231-7ca174632-linux-x64/scripts/WPC.VBS", actual "/home/pinball/VPinballX_BGFX-10.8.1-5231-7ca174632-linux-x64/scripts/WPC.vbs"
2026-06-28 03:55:57.412 INFO  [265505] [ScriptGlobalTable::GetTextFile@359] Reading script: /home/pinball/VPinballX_BGFX-10.8.1-5231-7ca174632-linux-x64/scripts/core.vbs
2026-06-28 03:55:57.419 INFO  [265505] [ScriptGlobalTable::GetTextFile@359] Reading script: /home/pinball/VPinballX_BGFX-10.8.1-5231-7ca174632-linux-x64/scripts/VPMKeys.vbs
2026-06-28 03:55:57.420 INFO  [265505] [PinMAME:PinMAME::OnLogMessage@230] PinmameSetConfig(): sampleRate=44100, vpmPath=/home/pinball/Tables/Attack from Mars (Bally 1995)/pinmame/
2026-06-28 03:55:57.421 INFO  [265505] [PinMAME:PinMAME::Controller::SetGameName@103] Game found: name=afm_113b, description=Attack From Mars (1.13b / S1.1), manufacturer=Bally, year=1999
2026-06-28 03:55:57.421 INFO  [265505] [B2SLegacy:B2SLegacy::PinMAMEAPI::HandleCall@97] Setting GameName to 'afm_113b' in B2S settings
2026-06-28 03:55:57.422 ERROR [265505] [PinMAME:PinMAME::Controller::SetShowTitle@140] ShowTitle is deprecated
2026-06-28 03:55:57.422 ERROR [265505] [PinMAME:PinMAME::Controller::SetShowDMDOnly@138] ShowDMDOnly is deprecated
2026-06-28 03:55:57.422 ERROR [265505] [PinMAME:PinMAME::Controller::SetShowFrame@136] ShowFrame is deprecated
2026-06-28 03:55:57.422 INFO  [265663] [PinMAME:PinMAME::OnLogMessage@230] osd_display_loading_rom_message(): loading afm_113b.bin...
2026-06-28 03:55:57.430 INFO  [265663] [PinMAME:PinMAME::OnLogMessage@230] osd_display_loading_rom_message(): loading afm_s2.l1   ...
2026-06-28 03:55:57.438 INFO  [265663] [PinMAME:PinMAME::OnLogMessage@230] osd_display_loading_rom_message(): loading afm_s3.l1   ...
2026-06-28 03:55:57.446 INFO  [265663] [PinMAME:PinMAME::OnLogMessage@230] osd_display_loading_rom_message(): loading afm_s4.l1   ...
2026-06-28 03:55:57.455 INFO  [265663] [PinMAME:PinMAME::OnLogMessage@230] osd_display_loading_rom_message():
2026-06-28 03:55:57.455 INFO  [265663] [PinMAME:PinMAME::OnLogMessage@230] osd_create_display: 60.00 fps
2026-06-28 03:55:57.470 INFO  [265663] [PinMAME:PinMAME::OnAudioAvailable@280] format=INT16, channels=1, sampleRate=44100.00, framesPerSecond=60.00, samplesPerFrame=735, bufferSize=16384
2026-06-28 03:55:57.497 INFO  [265505] [B2SLegacy:B2SLegacy::Server::Startup@1717] B2S table filename set to '/home/pinball/Tables/Attack from Mars (Bally 1995)/Attack from Mars (Midway 1995).vpx'
2026-06-28 03:55:57.497 INFO  [265505] [B2SLegacy:B2SLegacy::FormBackglass::LoadB2SData@336] directb2s file found at: /home/pinball/Tables/Attack from Mars (Bally 1995)/Attack from Mars (Midway 1995).directb2s
2026-06-28 03:55:59.113 INFO  [265505] [Renderer::RenderStaticPrepass@1702] Performing prerendering of static parts.
2026-06-28 03:55:59.113 INFO  [265505] [ProgressDialog::SetProgress@35] Prerendering Static Parts... 70%
2026-06-28 03:55:59.308 INFO  [265505] [ProgressDialog::SetProgress@35] Prerendering Static Parts... 71%
2026-06-28 03:55:59.321 INFO  [265505] [ProgressDialog::SetProgress@35] Prerendering Static Parts... 72%
2026-06-28 03:55:59.333 INFO  [265505] [ProgressDialog::SetProgress@35] Prerendering Static Parts... 73%
2026-06-28 03:55:59.349 INFO  [265505] [ProgressDialog::SetProgress@35] Prerendering Static Parts... 74%
2026-06-28 03:55:59.361 INFO  [265505] [ProgressDialog::SetProgress@35] Prerendering Static Parts... 75%
2026-06-28 03:55:59.374 INFO  [265505] [ProgressDialog::SetProgress@35] Prerendering Static Parts... 76%
2026-06-28 03:55:59.386 INFO  [265505] [ProgressDialog::SetProgress@35] Prerendering Static Parts... 77%
2026-06-28 03:55:59.401 INFO  [265505] [ProgressDialog::SetProgress@35] Prerendering Static Parts... 78%
2026-06-28 03:55:59.414 INFO  [265505] [ProgressDialog::SetProgress@35] Prerendering Static Parts... 79%
2026-06-28 03:55:59.426 INFO  [265505] [ProgressDialog::SetProgress@35] Prerendering Static Parts... 80%
2026-06-28 03:55:59.439 INFO  [265505] [ProgressDialog::SetProgress@35] Prerendering Static Parts... 81%
2026-06-28 03:55:59.455 INFO  [265505] [ProgressDialog::SetProgress@35] Prerendering Static Parts... 82%
2026-06-28 03:55:59.467 INFO  [265505] [ProgressDialog::SetProgress@35] Prerendering Static Parts... 83%
2026-06-28 03:55:59.480 INFO  [265505] [ProgressDialog::SetProgress@35] Prerendering Static Parts... 84%
2026-06-28 03:55:59.493 INFO  [265505] [ProgressDialog::SetProgress@35] Prerendering Static Parts... 85%
2026-06-28 03:55:59.509 INFO  [265505] [ProgressDialog::SetProgress@35] Prerendering Static Parts... 86%
2026-06-28 03:55:59.522 INFO  [265505] [ProgressDialog::SetProgress@35] Prerendering Static Parts... 87%
2026-06-28 03:55:59.535 INFO  [265505] [ProgressDialog::SetProgress@35] Prerendering Static Parts... 88%
2026-06-28 03:55:59.551 INFO  [265505] [ProgressDialog::SetProgress@35] Prerendering Static Parts... 89%
2026-06-28 03:55:59.565 INFO  [265505] [ProgressDialog::SetProgress@35] Prerendering Static Parts... 90%
2026-06-28 03:55:59.578 INFO  [265505] [ProgressDialog::SetProgress@35] Prerendering Static Parts... 91%
2026-06-28 03:55:59.591 INFO  [265505] [ProgressDialog::SetProgress@35] Prerendering Static Parts... 92%
2026-06-28 03:55:59.607 INFO  [265505] [ProgressDialog::SetProgress@35] Prerendering Static Parts... 93%
2026-06-28 03:55:59.620 INFO  [265505] [ProgressDialog::SetProgress@35] Prerendering Static Parts... 94%
2026-06-28 03:55:59.634 INFO  [265505] [ProgressDialog::SetProgress@35] Prerendering Static Parts... 95%
2026-06-28 03:55:59.647 INFO  [265505] [ProgressDialog::SetProgress@35] Prerendering Static Parts... 96%
2026-06-28 03:55:59.663 INFO  [265505] [ProgressDialog::SetProgress@35] Prerendering Static Parts... 97%
2026-06-28 03:55:59.677 INFO  [265505] [ProgressDialog::SetProgress@35] Prerendering Static Parts... 98%
2026-06-28 03:55:59.690 INFO  [265505] [ProgressDialog::SetProgress@35] Prerendering Static Parts... 99%
2026-06-28 03:55:59.703 INFO  [265505] [ProgressDialog::SetProgress@35] Prerendering Static Parts... 100%
2026-06-28 03:55:59.707 INFO  [265505] [Renderer::RenderStaticPrepass@1889] Starting Reflection Probe prerendering
2026-06-28 03:55:59.707 INFO  [265505] [Renderer::RenderStaticPrepass@1898] Static PreRender done
2026-06-28 03:55:59.726 INFO  [265505] [DOF:DOFPlugin::OnDevSrcChanged@279] OnDevSrcChanged - Found 145 PinMAME devices and 0 B2S devices
2026-06-28 03:55:59.726 INFO  [265505] [B2SLegacy:B2SLegacy::Server::OnDevSrcChanged@166] Device state updated - 145 devices
2026-06-28 03:55:59.726 INFO  [265505] [DOF:DOFPlugin::OnInputSrcChanged@309] OnInputSrcChanged - Found 104 PinMAME inputs
2026-06-28 03:55:59.726 INFO  [265505] [Serum:Serum::OnControllerGameStart@367] Loading from /home/pinball/Tables/Attack from Mars (Bally 1995)/pinmame/altcolor for afm_113b
2026-06-28 03:55:59.741 INFO  [265505] [DOF:DOFPlugin::OnControllerGameStart@210] OnControllerGameStart: gameId=afm_113b
2026-06-28 03:55:59.741 INFO  [265666] [DOF:DOFPlugin::OnDOFLog@89] Global config filename is "/home/pinball/.local/share/VPinballX/10.8/directoutputconfig/GlobalConfig_B2SServer.xml"
2026-06-28 03:55:59.741 INFO  [265666] [DOF:DOFPlugin::OnDOFLog@89] No global config file loaded
2026-06-28 03:55:59.741 INFO  [265505] [VNI:Vni::OnControllerGameStart@264] No PAL file found for afm_113b
2026-06-28 03:55:59.741 INFO  [265666] [DOF:DOFPlugin::OnDOFLog@89] Install folder lookup: executable: /home/pinball/VPinballX_BGFX-10.8.1-5231-7ca174632-linux-x64/VPinballX_BGFX, install folder: /home/pinball/VPinballX_BGFX-10.8.1-5231-7ca174632-linux-x64 (EXECUTABLE folder -> original flat install configuration)
2026-06-28 03:55:59.742 INFO  [265505] [AltSound:AltSound::OnControllerGameStart@215] Found altsound directory for game: afm_113b at /home/pinball/Tables/Attack from Mars (Bally 1995)/pinmame/altsound/afm_113b
2026-06-28 03:55:59.742 INFO  [265505] [AltSound:AltSound::StartAltSound@131] Initializing AltSound for game: afm_113b, basePath: /home/pinball/Tables/Attack from Mars (Bally 1995)/pinmame
2026-06-28 03:55:59.742 INFO  [265666] [DOF:DOFPlugin::OnDOFLog@89] Could not find or load the global config file /home/pinball/.local/share/VPinballX/10.8/directoutputconfig/GlobalConfig_B2SServer.xml
2026-06-28 03:55:59.742 INFO  [265666] [DOF:DOFPlugin::OnDOFLog@89] Loading Pinball parts
2026-06-28 03:55:59.742 INFO  [265666] [DOF:DOFPlugin::OnDOFLog@89] Loading cabinet
2026-06-28 03:55:59.742 INFO  [265666] [DOF:DOFPlugin::OnDOFLog@89] No cabinet config file loaded. Will use AutoConfig.
2026-06-28 03:55:59.743 INFO  [265505] [AltSound:AltSound::StartAltSound@148] AltSound initialized successfully for game: afm_113b
2026-06-28 03:55:59.751 INFO  [265666] [DOF:DOFPlugin::OnDOFLog@89] Pinscape device scan found 0 devices
2026-06-28 03:55:59.759 INFO  [265666] [DOF:DOFPlugin::OnDOFLog@89] Cabinet auto configuration started
2026-06-28 03:55:59.759 INFO  [265666] [DOF:DOFPlugin::OnDOFLog@89] Pinscape auto-configuration starting
2026-06-28 03:55:59.768 INFO  [265666] [DOF:DOFPlugin::OnDOFLog@89] Pinscape device scan found 0 devices
2026-06-28 03:55:59.768 INFO  [265666] [DOF:DOFPlugin::OnDOFLog@89] PinscapePico auto-configuration starting
2026-06-28 03:55:59.785 INFO  [265666] [DOF:DOFPlugin::OnDOFLog@89] Found LedWiz device: LED-Wiz (unit 1) PID:00F0 Path:2-3:1.0
2026-06-28 03:55:59.785 INFO  [265666] [DOF:DOFPlugin::OnDOFLog@89] Detected and added LedWiz Nr. 1 with name LedWiz 01
2026-06-28 03:55:59.785 INFO  [265666] [DOF:DOFPlugin::OnDOFLog@89] Added LedwizEquivalent Nr. 1 with name LedWiz 01 Equivalent for Ledwiz Nr. 1
2026-06-28 03:55:59.785 INFO  [265666] [DOF:DOFPlugin::OnDOFLog@89] DudesCab auto-configuration starting
2026-06-28 03:55:59.795 INFO  [265666] [DOF:DOFPlugin::OnDOFLog@89] Ultimate VPinball says : Beertime, DudesCab is Connected
2026-06-28 03:55:59.799 INFO  [265666] [DOF:DOFPlugin::OnDOFLog@89] DudesCab Controller Informations : Device [DudesCab,RID:3] Name [Ultimate VPinball], v2.0.4, unit #1, Max extensions 8
2026-06-28 03:55:59.803 INFO  [265666] [DOF:DOFPlugin::OnDOFLog@89]     Pwm Informations : Max outputs per extensions 16, Extension Mask 0x0
2026-06-28 03:55:59.803 INFO  [265666] [DOF:DOFPlugin::OnDOFLog@89]     Output configuration received, highest configured output is #0
2026-06-28 03:55:59.819 INFO  [265666] [DOF:DOFPlugin::OnDOFLog@89] Ultimate VPinball says : Beertime, DudesCab is Connected
2026-06-28 03:55:59.835 INFO  [265505] [Player::Player@791] Startup done
2026-06-28 03:55:59.835 INFO  [265666] [DOF:DOFPlugin::OnDOFLog@89] DudesCab Controller Informations : Device [DudesCab,RID:5] Name [Ultimate VPinball], v2.0.4, unit #1, Max extensions 8
2026-06-28 03:55:59.835 INFO  [265666] [DOF:DOFPlugin::OnDOFLog@89] Detected and added DudesCab Controller DudesCab Controller 01 with 0 outputs
2026-06-28 03:55:59.835 INFO  [265666] [DOF:DOFPlugin::OnDOFLog@89] Added LedwizEquivalent Nr. 90 with name DudesCab Controller 01 Equivalent 1 for DudesCab Controller with Unit 1
2026-06-28 03:55:59.859 INFO  [265666] [DOF:DOFPlugin::OnDOFLog@89] UMX Handshake : Hi! I'm an UMXController board[DudesCab(Ultimate VPinball)] firmware[2,0,4]
2026-06-28 03:55:59.859 WARN  [265505] [PinTable::StopSound@4174] Request to stop "fx_ballrolling7", but sound was not found.
2026-06-28 03:55:59.859 WARN  [265505] [PinTable::StopSound@4174] Request to stop "fx_ballrolling8", but sound was not found.
2026-06-28 03:55:59.859 WARN  [265505] [PinTable::StopSound@4174] Request to stop "fx_ballrolling9", but sound was not found.
2026-06-28 03:55:59.859 WARN  [265505] [PinTable::StopSound@4174] Request to stop "fx_ballrolling10", but sound was not found.
2026-06-28 03:55:59.859 WARN  [265505] [PinTable::StopSound@4174] Request to stop "fx_ballrolling11", but sound was not found.
2026-06-28 03:55:59.859 WARN  [265505] [PinTable::StopSound@4174] Request to stop "fx_ballrolling12", but sound was not found.
2026-06-28 03:55:59.859 WARN  [265505] [PinTable::StopSound@4174] Request to stop "fx_ballrolling13", but sound was not found.
2026-06-28 03:55:59.859 WARN  [265505] [PinTable::StopSound@4174] Request to stop "fx_ballrolling14", but sound was not found.
2026-06-28 03:55:59.859 WARN  [265505] [PinTable::StopSound@4174] Request to stop "fx_ballrolling15", but sound was not found.
2026-06-28 03:55:59.859 WARN  [265505] [PinTable::StopSound@4174] Request to stop "fx_ballrolling16", but sound was not found.
2026-06-28 03:55:59.859 WARN  [265505] [PinTable::StopSound@4174] Request to stop "fx_ballrolling17", but sound was not found.
2026-06-28 03:55:59.859 WARN  [265505] [PinTable::StopSound@4174] Request to stop "fx_ballrolling18", but sound was not found.
2026-06-28 03:55:59.859 WARN  [265505] [PinTable::StopSound@4174] Request to stop "fx_ballrolling19", but sound was not found.
2026-06-28 03:55:59.907 INFO  [265666] [DOF:DOFPlugin::OnDOFLog@89] Detected and added UMX Controller Nr. 1 with name UMX Controller 01
2026-06-28 03:55:59.907 INFO  [265666] [DOF:DOFPlugin::OnDOFLog@89] UMX Infos : Name UMXDudesCab[Ultimate VPinball], UMX Version 1.0.0, MaxDataLines 8, MaxNbLeds 6000
2026-06-28 03:55:59.907 INFO  [265666] [DOF:DOFPlugin::OnDOFLog@89] UMX Config : Enabled 1, LedChipset 2, LedWizEquivalent 30
2026-06-28 03:55:59.907 INFO  [265666] [DOF:DOFPlugin::OnDOFLog@89] TestOnReset 3(3s), TestOnConnect 3(4s), TestBrightness: 100
2026-06-28 03:55:59.907 INFO  [265666] [DOF:DOFPlugin::OnDOFLog@89] CompressionRatio 100%
2026-06-28 03:55:59.907 INFO  [265666] [DOF:DOFPlugin::OnDOFLog@89] 5 ledstrips :
2026-06-28 03:55:59.907 INFO  [265666] [DOF:DOFPlugin::OnDOFLog@89] 	[0] LeftPFStripe => W/H:1/58 (58 leds), FirstLed: 0, Dof:1, Brightness:50
2026-06-28 03:55:59.907 INFO  [265666] [DOF:DOFPlugin::OnDOFLog@89] 		1 split : 58 leds on line 0
2026-06-28 03:55:59.907 INFO  [265666] [DOF:DOFPlugin::OnDOFLog@89] 	[1] RightPFStripe => W/H:1/58 (58 leds), FirstLed: 58, Dof:4, Brightness:50
2026-06-28 03:55:59.907 INFO  [265666] [DOF:DOFPlugin::OnDOFLog@89] 		1 split : 58 leds on line 1
2026-06-28 03:55:59.907 INFO  [265666] [DOF:DOFPlugin::OnDOFLog@89] 	[2] FilippersButMX => W/H:1/1 (1 leds), FirstLed: 116, Dof:7, Brightness:100
2026-06-28 03:55:59.907 INFO  [265666] [DOF:DOFPlugin::OnDOFLog@89] 		1 split : 1 leds on line 2
2026-06-28 03:55:59.907 INFO  [265666] [DOF:DOFPlugin::OnDOFLog@89] 	[3] RightMagBut => W/H:1/1 (1 leds), FirstLed: 117, Dof:13, Brightness:100
2026-06-28 03:55:59.907 INFO  [265666] [DOF:DOFPlugin::OnDOFLog@89] 		1 split : 1 leds on line 4
2026-06-28 03:55:59.907 INFO  [265666] [DOF:DOFPlugin::OnDOFLog@89] 	[4] LeftMagBut => W/H:1/1 (1 leds), FirstLed: 118, Dof:10, Brightness:100
2026-06-28 03:55:59.907 INFO  [265666] [DOF:DOFPlugin::OnDOFLog@89] 		1 split : 1 leds on line 3
2026-06-28 03:55:59.907 INFO  [265666] [DOF:DOFPlugin::OnDOFLog@89] 119 leds, 357 outputs configured
2026-06-28 03:55:59.907 INFO  [265666] [DOF:DOFPlugin::OnDOFLog@89] Added LedwizEquivalent Nr. 30 with name UMXDudesCab[Ultimate VPinball]#1 Equivalent for UMXController Nr. 1, 5
2026-06-28 03:55:59.915 INFO  [265666] [DOF:DOFPlugin::OnDOFLog@89] PacLed64 auto-configuration starting
2026-06-28 03:55:59.933 INFO  [265666] [DOF:DOFPlugin::OnDOFLog@89] PacDrive auto-configuration starting
2026-06-28 03:55:59.933 INFO  [265666] [DOF:DOFPlugin::OnDOFLog@89] PacUIO auto-configuration starting
2026-06-28 03:55:59.942 INFO  [265666] [DOF:DOFPlugin::OnDOFLog@89] FTDI auto-configuration starting
2026-06-28 03:55:59.948 INFO  [265666] [DOF:DOFPlugin::OnDOFLog@89] FTDI device scan found 0 devices
2026-06-28 03:56:00.413 INFO  [265666] [DOF:DOFPlugin::OnDOFLog@89] Cabinet auto configuration finished
2026-06-28 03:56:00.413 INFO  [265666] [DOF:DOFPlugin::OnDOFLog@89] Cabinet loaded
2026-06-28 03:56:00.413 INFO  [265666] [DOF:DOFPlugin::OnDOFLog@89] Loading table config
2026-06-28 03:56:00.413 INFO  [265666] [DOF:DOFPlugin::OnDOFLog@89] Will try to load configs from DirectOutput.ini or LedControl.ini file(s) for RomName afm_113b
2026-06-28 03:56:00.413 INFO  [265666] [DOF:DOFPlugin::OnDOFLog@89] Loading LedControl file /home/pinball/.local/share/VPinballX/10.8/directoutputconfig/directoutputconfig.ini
2026-06-28 03:56:00.417 INFO  [265666] [DOF:DOFPlugin::OnDOFLog@89] Min DOF Version is 0.8 for file /home/pinball/.local/share/VPinballX/10.8/directoutputconfig/directoutputconfig.ini
2026-06-28 03:56:00.417 INFO  [265666] [DOF:DOFPlugin::OnDOFLog@89] Resolving Table Variables
2026-06-28 03:56:00.418 INFO  [265666] [DOF:DOFPlugin::OnDOFLog@89] Resolving Global Variables
2026-06-28 03:56:00.831 INFO  [265505] [B2SLegacy:B2SLegacy::Server::TimerElapsed@336] B2S polling status: lamps=false, solenoids=false, giStrings=false, leds=false
2026-06-28 03:56:00.879 INFO  [265666] [DOF:DOFPlugin::OnDOFLog@89] Loading LedControl file /home/pinball/.local/share/VPinballX/10.8/directoutputconfig/directoutputconfig30.ini
2026-06-28 03:56:00.888 INFO  [265666] [DOF:DOFPlugin::OnDOFLog@89] Min DOF Version is 0.8 for file /home/pinball/.local/share/VPinballX/10.8/directoutputconfig/directoutputconfig30.ini
2026-06-28 03:56:00.888 INFO  [265666] [DOF:DOFPlugin::OnDOFLog@89] Resolving Table Variables
2026-06-28 03:56:00.888 INFO  [265666] [DOF:DOFPlugin::OnDOFLog@89] Resolving Global Variables
2026-06-28 03:56:01.249 INFO  [265666] [DOF:DOFPlugin::OnDOFLog@89] Loading LedControl file /home/pinball/.local/share/VPinballX/10.8/directoutputconfig/directoutputconfig90.ini
2026-06-28 03:56:01.249 INFO  [265666] [DOF:DOFPlugin::OnDOFLog@89] Min DOF Version is 0.8 for file /home/pinball/.local/share/VPinballX/10.8/directoutputconfig/directoutputconfig90.ini
2026-06-28 03:56:01.249 INFO  [265666] [DOF:DOFPlugin::OnDOFLog@89] Resolving Table Variables
2026-06-28 03:56:01.249 INFO  [265666] [DOF:DOFPlugin::OnDOFLog@89] Resolving Global Variables
2026-06-28 03:56:01.355 INFO  [265666] [DOF:DOFPlugin::OnDOFLog@89] 3 directoutputconfig.ini or ledcontrol.ini files loaded.
2026-06-28 03:56:01.355 INFO  [265666] [DOF:DOFPlugin::OnDOFLog@89] Config for RomName afm_113b exists in LedControl data. Updating cabinet and config.
2026-06-28 03:56:01.366 INFO  [265666] [DOF:DOFPlugin::OnDOFLog@89] Table config loading finished: romname=afm_113b, tablename=Attack from Mars (Midway 1995)
2026-06-28 03:56:01.366 INFO  [265666] [DOF:DOFPlugin::OnDOFLog@89] Pinball parts loaded
2026-06-28 03:56:01.366 INFO  [265666] [DOF:DOFPlugin::OnDOFLog@89] Starting processes
2026-06-28 03:56:01.366 INFO  [265666] [DOF:DOFPlugin::OnDOFLog@89] Initializing cabinet
2026-06-28 03:56:01.366 INFO  [265666] [DOF:DOFPlugin::OnDOFLog@89] Initializing output controllers
2026-06-28 03:56:01.366 INFO  [265666] [DOF:DOFPlugin::OnDOFLog@89] Initializing LedWiz Nr. 01
2026-06-28 03:56:01.367 INFO  [265666] [DOF:DOFPlugin::OnDOFLog@89] LedWiz LedWiz 01 connected successfully
2026-06-28 03:56:01.368 INFO  [265666] [DOF:DOFPlugin::OnDOFLog@89] LedWiz Nr. 01 initialized and updater thread initialized.
2026-06-28 03:56:01.368 INFO  [265666] [DOF:DOFPlugin::OnDOFLog@89] DudesCab DudesCab Controller 01 initialized and updater thread started.
2026-06-28 03:56:01.368 INFO  [265680] [DOF:DOFPlugin::OnDOFLog@89] Updater thread started for DudesCab DudesCab Controller 01
2026-06-28 03:56:01.368 INFO  [265680] [DOF:DOFPlugin::OnDOFLog@89] Updater thread connected to DudesCab DudesCab Controller 01
2026-06-28 03:56:01.369 INFO  [265666] [DOF:DOFPlugin::OnDOFLog@89] UMXController UMX Controller 01 initialized and updater thread started.
2026-06-28 03:56:01.369 INFO  [265681] [DOF:DOFPlugin::OnDOFLog@89] Updater thread started for UMXController UMX Controller 01
2026-06-28 03:56:01.369 INFO  [265666] [DOF:DOFPlugin::OnDOFLog@89] Output controllers initialized
2026-06-28 03:56:01.369 INFO  [265681] [DOF:DOFPlugin::OnDOFLog@89] Updater thread connected to UMXController UMX Controller 01
2026-06-28 03:56:01.369 INFO  [265666] [DOF:DOFPlugin::OnDOFLog@89] Initializing 32 toys
2026-06-28 03:56:01.369 INFO  [265666] [DOF:DOFPlugin::OnDOFLog@89] Initializing LedWizEquivalent: LedWiz 01 Equivalent (LedWiz 1)
2026-06-28 03:56:01.369 INFO  [265666] [DOF:DOFPlugin::OnDOFLog@89] LedWizEquivalent 1: Resolved 32 of 32 outputs
2026-06-28 03:56:01.369 INFO  [265666] [DOF:DOFPlugin::OnDOFLog@89] LedWizEquivalent 1 initialized with 32 outputs
2026-06-28 03:56:01.369 INFO  [265666] [DOF:DOFPlugin::OnDOFLog@89] Initializing LedWizEquivalent: DudesCab Controller 01 Equivalent 1 (LedWiz 90)
2026-06-28 03:56:01.369 INFO  [265666] [DOF:DOFPlugin::OnDOFLog@89] LedWizEquivalent 90: Resolved 0 of 0 outputs
2026-06-28 03:56:01.369 INFO  [265666] [DOF:DOFPlugin::OnDOFLog@89] LedWizEquivalent 90 initialized with 0 outputs
2026-06-28 03:56:01.369 INFO  [265666] [DOF:DOFPlugin::OnDOFLog@89] Initializing LedWizEquivalent: UMXDudesCab[Ultimate VPinball]#1 Equivalent (LedWiz 30)
2026-06-28 03:56:01.369 INFO  [265666] [DOF:DOFPlugin::OnDOFLog@89] LedWizEquivalent 30: Resolved 0 of 5 outputs
2026-06-28 03:56:01.369 INFO  [265666] [DOF:DOFPlugin::OnDOFLog@89] LedWizEquivalent 30 initialized with 5 outputs
2026-06-28 03:56:01.369 INFO  [265666] [DOF:DOFPlugin::OnDOFLog@89] Initializing RGBAToy: LedWiz 01 Column 18
2026-06-28 03:56:01.369 INFO  [265666] [DOF:DOFPlugin::OnDOFLog@89] Initializing RGBAToy: LedWiz 01 Column 19
2026-06-28 03:56:01.369 INFO  [265666] [DOF:DOFPlugin::OnDOFLog@89] Initializing RGBAToy: LedWiz 01 Column 20
2026-06-28 03:56:01.369 INFO  [265666] [DOF:DOFPlugin::OnDOFLog@89] Initializing RGBAToy: LedWiz 01 Column 21
2026-06-28 03:56:01.369 INFO  [265666] [DOF:DOFPlugin::OnDOFLog@89] Initializing RGBAToy: LedWiz 01 Column 22
2026-06-28 03:56:01.369 INFO  [265666] [DOF:DOFPlugin::OnDOFLog@89] Cabinet initialized
2026-06-28 03:56:01.369 INFO  [265666] [DOF:DOFPlugin::OnDOFLog@89] Loading shape definition file: /home/pinball/.local/share/VPinballX/10.8/directoutputconfig/DirectOutputShapes.xml
2026-06-28 03:56:01.370 INFO  [265666] [DOF:DOFPlugin::OnDOFLog@89] LED-Wiz trace #1: 13:255
2026-06-28 03:56:01.372 INFO  [265666] [DOF:DOFPlugin::OnDOFLog@89] LED-Wiz trace #2: 13:255 14:255
2026-06-28 03:56:01.374 INFO  [265666] [DOF:DOFPlugin::OnDOFLog@89] LED-Wiz trace #3: 13:255 14:255 15:255
2026-06-28 03:56:01.376 INFO  [265666] [DOF:DOFPlugin::OnDOFLog@89] Framework initialized.
2026-06-28 03:56:01.376 INFO  [265666] [DOF:DOFPlugin::OnDOFLog@89] Have fun! :)
2026-06-28 03:56:01.376 INFO  [265682] [DOF:DOFPlugin::OnDOFLog@89] LED-Wiz trace #4: 8:255 13:255 14:255 15:255
2026-06-28 03:56:01.437 INFO  [265682] [DOF:DOFPlugin::OnDOFLog@89] LED-Wiz trace #5: 13:255 14:255 15:255
2026-06-28 03:56:07.747 INFO  [265682] [DOF:DOFPlugin::OnDOFLog@89] LED-Wiz trace #6: 12:255 13:255 14:255 15:255
2026-06-28 03:56:08.015 INFO  [265682] [DOF:DOFPlugin::OnDOFLog@89] LED-Wiz trace #7: 13:255 14:255 15:255
2026-06-28 03:56:08.215 INFO  [265682] [DOF:DOFPlugin::OnDOFLog@89] LED-Wiz trace #8: 12:255 13:255 14:255 15:255
2026-06-28 03:56:08.450 INFO  [265682] [DOF:DOFPlugin::OnDOFLog@89] LED-Wiz trace #9: 13:255 14:255 15:255
2026-06-28 03:56:08.684 INFO  [265682] [DOF:DOFPlugin::OnDOFLog@89] LED-Wiz trace #10: 12:255 13:255 14:255 15:255
2026-06-28 03:56:08.918 INFO  [265682] [DOF:DOFPlugin::OnDOFLog@89] LED-Wiz trace #11: 13:255 14:255 15:255
2026-06-28 03:56:09.152 INFO  [265682] [DOF:DOFPlugin::OnDOFLog@89] LED-Wiz trace #12: 12:255 13:255 14:255 15:255
2026-06-28 03:56:09.386 INFO  [265682] [DOF:DOFPlugin::OnDOFLog@89] LED-Wiz trace #13: 13:255 14:255 15:255
2026-06-28 03:56:09.587 INFO  [265682] [DOF:DOFPlugin::OnDOFLog@89] LED-Wiz trace #14: 12:255 13:255 14:255 15:255
2026-06-28 03:56:09.855 INFO  [265682] [DOF:DOFPlugin::OnDOFLog@89] LED-Wiz trace #15: 13:255 14:255 15:255
2026-06-28 03:56:10.055 INFO  [265682] [DOF:DOFPlugin::OnDOFLog@89] LED-Wiz trace #16: 12:255 13:255 14:255 15:255
2026-06-28 03:56:10.289 INFO  [265682] [DOF:DOFPlugin::OnDOFLog@89] LED-Wiz trace #17: 13:255 14:255 15:255
2026-06-28 03:56:10.524 INFO  [265682] [DOF:DOFPlugin::OnDOFLog@89] LED-Wiz trace #18: 12:255 13:255 14:255 15:255
2026-06-28 03:56:10.758 INFO  [265682] [DOF:DOFPlugin::OnDOFLog@89] LED-Wiz trace #19: 13:255 14:255 15:255
2026-06-28 03:56:10.992 INFO  [265682] [DOF:DOFPlugin::OnDOFLog@89] LED-Wiz trace #20: 12:255 13:255 14:255 15:255
2026-06-28 03:56:11.209 INFO  [265682] [DOF:DOFPlugin::OnDOFLog@89] LED-Wiz trace #21: 13:255 14:255 15:255
2026-06-28 03:56:11.410 INFO  [265682] [DOF:DOFPlugin::OnDOFLog@89] LED-Wiz trace #22: 12:255 13:255 14:255 15:255
2026-06-28 03:56:11.678 INFO  [265682] [DOF:DOFPlugin::OnDOFLog@89] LED-Wiz trace #23: 13:255 14:255 15:255
2026-06-28 03:56:11.878 INFO  [265682] [DOF:DOFPlugin::OnDOFLog@89] LED-Wiz trace #24: 12:255 13:255 14:255 15:255
2026-06-28 03:56:12.146 INFO  [265682] [DOF:DOFPlugin::OnDOFLog@89] LED-Wiz trace #25: 13:255 14:255 15:255
2026-06-28 03:56:12.347 INFO  [265682] [DOF:DOFPlugin::OnDOFLog@89] LED-Wiz trace #26: 12:255 13:255 14:255 15:255
2026-06-28 03:56:12.581 INFO  [265682] [DOF:DOFPlugin::OnDOFLog@89] LED-Wiz trace #27: 13:255 14:255 15:255
2026-06-28 03:56:12.815 INFO  [265682] [DOF:DOFPlugin::OnDOFLog@89] LED-Wiz trace #28: 12:255 13:255 14:255 15:255
2026-06-28 03:56:13.083 INFO  [265682] [DOF:DOFPlugin::OnDOFLog@89] LED-Wiz trace #29: 13:255 14:255 15:255
2026-06-28 03:56:13.283 INFO  [265682] [DOF:DOFPlugin::OnDOFLog@89] LED-Wiz trace #30: 12:255 13:255 14:255 15:255
2026-06-28 03:56:13.517 INFO  [265682] [DOF:DOFPlugin::OnDOFLog@89] LED-Wiz trace #31: 13:255 14:255 15:255
2026-06-28 03:56:13.752 INFO  [265682] [DOF:DOFPlugin::OnDOFLog@89] LED-Wiz trace #32: 12:255 13:255 14:255 15:255
2026-06-28 03:56:13.986 INFO  [265682] [DOF:DOFPlugin::OnDOFLog@89] LED-Wiz trace #33: 13:255 14:255 15:255
2026-06-28 03:56:14.186 INFO  [265682] [DOF:DOFPlugin::OnDOFLog@89] LED-Wiz trace #34: 12:255 13:255 14:255 15:255
2026-06-28 03:56:14.454 INFO  [265682] [DOF:DOFPlugin::OnDOFLog@89] LED-Wiz trace #35: 13:255 14:255 15:255
2026-06-28 03:56:14.655 INFO  [265682] [DOF:DOFPlugin::OnDOFLog@89] LED-Wiz trace #36: 12:255 13:255 14:255 15:255
2026-06-28 03:56:14.922 INFO  [265682] [DOF:DOFPlugin::OnDOFLog@89] LED-Wiz trace #37: 13:255 14:255 15:255
2026-06-28 03:56:15.123 INFO  [265682] [DOF:DOFPlugin::OnDOFLog@89] LED-Wiz trace #38: 12:255 13:255 14:255 15:255
2026-06-28 03:56:15.357 INFO  [265682] [DOF:DOFPlugin::OnDOFLog@89] LED-Wiz trace #39: 13:255 14:255 15:255
2026-06-28 03:56:15.591 INFO  [265682] [DOF:DOFPlugin::OnDOFLog@89] LED-Wiz trace #40: 12:255 13:255 14:255 15:255
2026-06-28 03:56:15.809 INFO  [265682] [DOF:DOFPlugin::OnDOFLog@89] LED-Wiz trace #41: 13:255 14:255 15:255
2026-06-28 03:56:16.009 INFO  [265682] [DOF:DOFPlugin::OnDOFLog@89] LED-Wiz trace #42: 12:255 13:255 14:255 15:255
2026-06-28 03:56:16.277 INFO  [265682] [DOF:DOFPlugin::OnDOFLog@89] LED-Wiz trace #43: 13:255 14:255 15:255
2026-06-28 03:56:16.478 INFO  [265682] [DOF:DOFPlugin::OnDOFLog@89] LED-Wiz trace #44: 12:255 13:255 14:255 15:255
2026-06-28 03:56:16.745 INFO  [265682] [DOF:DOFPlugin::OnDOFLog@89] LED-Wiz trace #45: 13:255 14:255 15:255
2026-06-28 03:56:16.946 INFO  [265682] [DOF:DOFPlugin::OnDOFLog@89] LED-Wiz trace #46: 12:255 13:255 14:255 15:255
2026-06-28 03:56:17.180 INFO  [265682] [DOF:DOFPlugin::OnDOFLog@89] LED-Wiz trace #47: 13:255 14:255 15:255
2026-06-28 03:56:17.414 INFO  [265682] [DOF:DOFPlugin::OnDOFLog@89] LED-Wiz trace #48: 12:255 13:255 14:255 15:255
2026-06-28 03:56:17.682 INFO  [265682] [DOF:DOFPlugin::OnDOFLog@89] LED-Wiz trace #49: 13:255 14:255 15:255
2026-06-28 03:56:17.883 INFO  [265682] [DOF:DOFPlugin::OnDOFLog@89] LED-Wiz trace #50: 12:255 13:255 14:255 15:255
2026-06-28 03:56:18.117 INFO  [265682] [DOF:DOFPlugin::OnDOFLog@89] LED-Wiz trace #51: 13:255 14:255 15:255
2026-06-28 03:56:18.351 INFO  [265682] [DOF:DOFPlugin::OnDOFLog@89] LED-Wiz trace #52: 12:255 13:255 14:255 15:255
2026-06-28 03:56:18.585 INFO  [265682] [DOF:DOFPlugin::OnDOFLog@89] LED-Wiz trace #53: 13:255 14:255 15:255
2026-06-28 03:56:18.819 INFO  [265682] [DOF:DOFPlugin::OnDOFLog@89] LED-Wiz trace #54: 12:255 13:255 14:255 15:255
2026-06-28 03:56:19.053 INFO  [265682] [DOF:DOFPlugin::OnDOFLog@89] LED-Wiz trace #55: 13:255 14:255 15:255
2026-06-28 03:56:19.254 INFO  [265682] [DOF:DOFPlugin::OnDOFLog@89] LED-Wiz trace #56: 12:255 13:255 14:255 15:255
2026-06-28 03:56:19.522 INFO  [265682] [DOF:DOFPlugin::OnDOFLog@89] LED-Wiz trace #57: 13:255 14:255 15:255
2026-06-28 03:56:19.722 INFO  [265682] [DOF:DOFPlugin::OnDOFLog@89] LED-Wiz trace #58: 12:255 13:255 14:255 15:255
2026-06-28 03:56:19.957 INFO  [265682] [DOF:DOFPlugin::OnDOFLog@89] LED-Wiz trace #59: 13:255 14:255 15:255
2026-06-28 03:56:20.191 INFO  [265682] [DOF:DOFPlugin::OnDOFLog@89] LED-Wiz trace #60: 12:255 13:255 14:255 15:255
2026-06-28 03:56:20.425 INFO  [265682] [DOF:DOFPlugin::OnDOFLog@89] LED-Wiz trace #61: 13:255 14:255 15:255
2026-06-28 03:56:20.642 INFO  [265682] [DOF:DOFPlugin::OnDOFLog@89] LED-Wiz trace #62: 12:255 13:255 14:255 15:255
2026-06-28 03:56:20.876 INFO  [265682] [DOF:DOFPlugin::OnDOFLog@89] LED-Wiz trace #63: 13:255 14:255 15:255
2026-06-28 03:56:21.077 INFO  [265682] [DOF:DOFPlugin::OnDOFLog@89] LED-Wiz trace #64: 12:255 13:255 14:255 15:255
2026-06-28 03:56:21.345 INFO  [265682] [DOF:DOFPlugin::OnDOFLog@89] LED-Wiz trace #65: 13:255 14:255 15:255
2026-06-28 03:56:21.545 INFO  [265682] [DOF:DOFPlugin::OnDOFLog@89] LED-Wiz trace #66: 12:255 13:255 14:255 15:255
2026-06-28 03:56:21.813 INFO  [265682] [DOF:DOFPlugin::OnDOFLog@89] LED-Wiz trace #67: 13:255 14:255 15:255
2026-06-28 03:56:22.014 INFO  [265682] [DOF:DOFPlugin::OnDOFLog@89] LED-Wiz trace #68: 12:255 13:255 14:255 15:255
2026-06-28 03:56:22.248 INFO  [265682] [DOF:DOFPlugin::OnDOFLog@89] LED-Wiz trace #69: 13:255 14:255 15:255
2026-06-28 03:56:22.482 INFO  [265682] [DOF:DOFPlugin::OnDOFLog@89] LED-Wiz trace #70: 12:255 13:255 14:255 15:255
2026-06-28 03:56:22.716 INFO  [265682] [DOF:DOFPlugin::OnDOFLog@89] LED-Wiz trace #71: 13:255 14:255 15:255
2026-06-28 03:56:22.917 INFO  [265682] [DOF:DOFPlugin::OnDOFLog@89] LED-Wiz trace #72: 12:255 13:255 14:255 15:255
2026-06-28 03:56:23.185 INFO  [265682] [DOF:DOFPlugin::OnDOFLog@89] LED-Wiz trace #73: 13:255 14:255 15:255
2026-06-28 03:56:23.385 INFO  [265682] [DOF:DOFPlugin::OnDOFLog@89] LED-Wiz trace #74: 12:255 13:255 14:255 15:255
2026-06-28 03:56:23.653 INFO  [265682] [DOF:DOFPlugin::OnDOFLog@89] LED-Wiz trace #75: 13:255 14:255 15:255
2026-06-28 03:56:23.854 INFO  [265682] [DOF:DOFPlugin::OnDOFLog@89] LED-Wiz trace #76: 12:255 13:255 14:255 15:255
2026-06-28 03:56:24.088 INFO  [265682] [DOF:DOFPlugin::OnDOFLog@89] LED-Wiz trace #77: 13:255 14:255 15:255
2026-06-28 03:56:24.322 INFO  [265682] [DOF:DOFPlugin::OnDOFLog@89] LED-Wiz trace #78: 12:255 13:255 14:255 15:255
2026-06-28 03:56:24.556 INFO  [265682] [DOF:DOFPlugin::OnDOFLog@89] LED-Wiz trace #79: 13:255 14:255 15:255
2026-06-28 03:56:24.757 INFO  [265682] [DOF:DOFPlugin::OnDOFLog@89] LED-Wiz trace #80: 12:255 13:255 14:255 15:255
2026-06-28 04:03:53.134 INFO  [265505] [Player::~Player@832] Closing player...
2026-06-28 04:03:53.154 INFO  [265505] [MsgPI::MsgPlugin::Unload@548] Plugin vpx unloaded [id=1]
2026-06-28 04:03:53.155 INFO  [265505] [MsgPI::MsgPlugin::Unload@548] Plugin Serum unloaded [id=3]
2026-06-28 04:03:53.163 INFO  [265666] [DOF:DOFPlugin::OnDOFLog@89] Finishing framework
2026-06-28 04:03:53.164 INFO  [265666] [DOF:DOFPlugin::OnDOFLog@89] Finishing cabinet
2026-06-28 04:03:53.164 INFO  [265666] [DOF:DOFPlugin::OnDOFLog@89] Finishing 32 toys
2026-06-28 04:03:53.164 INFO  [265666] [DOF:DOFPlugin::OnDOFLog@89] Finishing LedWizEquivalent: LedWiz 01 Equivalent (LedWiz 1)
2026-06-28 04:03:53.169 INFO  [265666] [DOF:DOFPlugin::OnDOFLog@89] Finishing LedWizEquivalent: DudesCab Controller 01 Equivalent 1 (LedWiz 90)
2026-06-28 04:03:53.169 INFO  [265666] [DOF:DOFPlugin::OnDOFLog@89] Finishing LedWizEquivalent: UMXDudesCab[Ultimate VPinball]#1 Equivalent (LedWiz 30)
2026-06-28 04:03:53.169 INFO  [265666] [DOF:DOFPlugin::OnDOFLog@89] Finishing RGBAToy: LedWiz 01 Column 18
2026-06-28 04:03:53.169 INFO  [265666] [DOF:DOFPlugin::OnDOFLog@89] Finishing RGBAToy: LedWiz 01 Column 19
2026-06-28 04:03:53.169 INFO  [265666] [DOF:DOFPlugin::OnDOFLog@89] Finishing RGBAToy: LedWiz 01 Column 20
2026-06-28 04:03:53.169 INFO  [265666] [DOF:DOFPlugin::OnDOFLog@89] Finishing RGBAToy: LedWiz 01 Column 21
2026-06-28 04:03:53.169 INFO  [265666] [DOF:DOFPlugin::OnDOFLog@89] Finishing RGBAToy: LedWiz 01 Column 22
2026-06-28 04:03:53.169 INFO  [265666] [DOF:DOFPlugin::OnDOFLog@89] Finishing output controllers
2026-06-28 04:03:53.169 INFO  [265666] [DOF:DOFPlugin::OnDOFLog@89] Finishing LedWiz Nr. 01
2026-06-28 04:03:53.270 INFO  [265666] [DOF:DOFPlugin::OnDOFLog@89] LedWiz LedWiz 01 disconnected
2026-06-28 04:03:53.270 INFO  [265666] [DOF:DOFPlugin::OnDOFLog@89] LedWiz Nr. 01 finished and updater thread stopped.
2026-06-28 04:03:53.270 INFO  [265680] [DOF:DOFPlugin::OnDOFLog@89] Updater thread disconnected and will terminate
2026-06-28 04:03:53.280 INFO  [265666] [DOF:DOFPlugin::OnDOFLog@89] DudesCab DudesCab Controller 01 finished and updater thread stopped.
2026-06-28 04:03:53.280 INFO  [265681] [DOF:DOFPlugin::OnDOFLog@89] Updater thread disconnected and will terminate
2026-06-28 04:03:53.290 INFO  [265666] [DOF:DOFPlugin::OnDOFLog@89] UMXController UMX Controller 01 finished and updater thread stopped.
2026-06-28 04:03:53.290 INFO  [265666] [DOF:DOFPlugin::OnDOFLog@89] Output controllers finished
2026-06-28 04:03:53.290 INFO  [265666] [DOF:DOFPlugin::OnDOFLog@89] Cabinet finished
2026-06-28 04:03:53.291 INFO  [265666] [DOF:DOFPlugin::OnDOFLog@89] DirectOutput framework finished.
2026-06-28 04:03:53.291 INFO  [265666] [DOF:DOFPlugin::OnDOFLog@89] Bye and thanks for using!
2026-06-28 04:03:53.291 INFO  [265505] [DOF:DOFPlugin::OnDOFLog@89] LedWiz LedWiz 01 disconnected
libusb: debug [libusb_submit_transfer] transfer 0x5f9ccb7ae900
