2026-06-28 05:54:50.553 INFO  [9421] [VPApp::InitInstance@329] Starting VPX - v10.8.1 Beta (Rev. 5231 (7ca174632), linux BGFX 64bits)
2026-06-28 05:54:50.553 INFO  [9421] [VPApp::InitInstance@330] Settings file was loaded from /home/pinball/.local/share/VPinballX/10.8/VPinballX.ini
2026-06-28 05:54:50.553 INFO  [9421] [VPApp::InitInstance@331] Number of logical CPU cores: 40
2026-06-28 05:54:50.553 INFO  [9421] [VPApp::InitInstance@332] Application path: /home/pinball/VPinballX_BGFX-10.8.1-5231-7ca174632-linux-x64/
2026-06-28 05:54:50.553 INFO  [9421] [VPApp::InitInstance@333] Preference path: /home/pinball/.local/share/VPinballX/10.8
2026-06-28 05:54:50.556 INFO  [9421] [PinTable::LoadGameFromFilename@1419] LoadGameFromFilename /home/pinball/Tables/Attack from Mars (Bally 1995)/Attack from Mars (Midway 1995).vpx
2026-06-28 05:54:50.568 INFO  [9421] [PinTable::LoadGameFromFilename@1545] PinTable Data loaded
2026-06-28 05:54:50.623 INFO  [9421] [PinTable::LoadGameFromFilename@1810] Images, Sounds and Items loaded
2026-06-28 05:54:50.633 INFO  [9421] [PinTable::LoadGameFromFilename@2146] InitTablePostLoad
2026-06-28 05:54:50.633 INFO  [9421] [PinTable::LoadScriptOverride@2218] Loading script: /home/pinball/Tables/Attack from Mars (Bally 1995)/Attack from Mars (Midway 1995).vbs
2026-06-28 05:54:50.634 INFO  [9421] [MsgPI::MsgPlugin::Load@522] Plugin vpx loaded (statically linked plugin) [id=1]
2026-06-28 05:54:50.634 INFO  [9421] [SDLInputHandler::SDLInputHandler@17] SDL input handler registered
2026-06-28 05:54:51.074 INFO  [9421] [SDLInputHandler::OnJoystickAdded@287] Joystick connected: L'atelier d'Arnoz DudesCab #1 (SDL ID: 4, Axes: 6, Buttons: 32, Hats: 1, VPX UID: SDLJoy_0300a1eb8a2e00006f10000011010000_1)
2026-06-28 05:54:51.074 INFO  [9421] [OpenPinDevHandler::OpenPinDevHandler@242] OpenPinDev input handler registered
2026-06-28 05:54:51.120 INFO  [9421] [ma_device_init__sdl@154] Audio device initialized. Device: 'CMI8738/CMI8768 PCI Audio (CMI8738/C3DX PCI Audio Device) Analog Stereo', Freq : 48000, Format: SDL_AUDIO_S16LE, Channels: 2, Driver: pipewire
2026-06-28 05:54:51.142 INFO  [9421] [ma_device_init__sdl@154] Audio device initialized. Device: 'Built-in Audio Analog Stereo', Freq : 48000, Format: SDL_AUDIO_S16LE, Channels: 2, Driver: pipewire
2026-06-28 05:54:51.168 INFO  [9421] [Player::Player@112] SDL video driver: x11
2026-06-28 05:54:51.168 INFO  [9421] [Player::Player@120] Loading player plugins
2026-06-28 05:54:51.169 INFO  [9421] [Player::Player@166] Plugin vpx was found but is disabled ()
2026-06-28 05:54:51.169 INFO  [9421] [Player::Player@166] Plugin DMDUtil was found but is disabled (/home/pinball/VPinballX_BGFX-10.8.1-5231-7ca174632-linux-x64/plugins/dmdutil/plugin-dmdutil.so)
2026-06-28 05:54:51.169 INFO  [9421] [MsgPI::MsgPlugin::Load@518] Plugin Serum loaded (library: /home/pinball/VPinballX_BGFX-10.8.1-5231-7ca174632-linux-x64/plugins/serum/plugin-serum.so) [id=3]
2026-06-28 05:54:51.170 INFO  [9421] [Player::Player@166] Plugin UpscaleDMD was found but is disabled (/home/pinball/VPinballX_BGFX-10.8.1-5231-7ca174632-linux-x64/plugins/upscaledmd/plugin-upscaledmd.so)
2026-06-28 05:54:51.170 INFO  [9421] [DOF:DOFPlugin::OnDevSrcChanged@249] OnDevSrcChanged - No source
2026-06-28 05:54:51.170 INFO  [9421] [DOF:DOFPlugin::OnInputSrcChanged@309] OnInputSrcChanged - Found 0 PinMAME inputs
2026-06-28 05:54:51.191 INFO  [9421] [DOF:DOFPlugin::OnDOFLog@89] Pinscape device scan found 0 devices
2026-06-28 05:54:51.203 INFO  [9421] [MsgPI::MsgPlugin::Load@518] Plugin DOF loaded (library: /home/pinball/VPinballX_BGFX-10.8.1-5231-7ca174632-linux-x64/plugins/dof/plugin-dof.so) [id=5]
2026-06-28 05:54:51.207 INFO  [9421] [MsgPI::MsgPlugin::Load@518] Plugin PinMAME loaded (library: /home/pinball/VPinballX_BGFX-10.8.1-5231-7ca174632-linux-x64/plugins/pinmame/plugin-pinmame.so) [id=6]
2026-06-28 05:54:51.207 INFO  [9421] [MsgPI::MsgPlugin::Load@518] Plugin HelloWorld loaded (library: /home/pinball/VPinballX_BGFX-10.8.1-5231-7ca174632-linux-x64/plugins/helloworld/plugin-helloworld.so) [id=7]
2026-06-28 05:54:51.208 INFO  [9421] [MsgPI::MsgPlugin::Load@518] Plugin B2SLegacy loaded (library: /home/pinball/VPinballX_BGFX-10.8.1-5231-7ca174632-linux-x64/plugins/b2slegacy/plugin-b2slegacy.so) [id=8]
2026-06-28 05:54:51.208 INFO  [9421] [MsgPI::MsgPlugin::Load@518] Plugin ScoreView loaded (library: /home/pinball/VPinballX_BGFX-10.8.1-5231-7ca174632-linux-x64/plugins/scoreview/plugin-scoreview.so) [id=9]
2026-06-28 05:54:51.208 INFO  [9421] [Player::Player@166] Plugin RemoteControl was found but is disabled (/home/pinball/VPinballX_BGFX-10.8.1-5231-7ca174632-linux-x64/plugins/remote-control/plugin-remote-control.so)
2026-06-28 05:54:51.211 INFO  [9421] [PUP:PUPPluginLoad@292] No global PUP folder configured; per-table 'pupvideos' used when present
2026-06-28 05:54:51.211 INFO  [9421] [MsgPI::MsgPlugin::Load@518] Plugin PUP loaded (library: /home/pinball/VPinballX_BGFX-10.8.1-5231-7ca174632-linux-x64/plugins/pup/plugin-pup.so) [id=11]
2026-06-28 05:54:51.211 INFO  [9421] [MsgPI::MsgPlugin::Load@518] Plugin VNI loaded (library: /home/pinball/VPinballX_BGFX-10.8.1-5231-7ca174632-linux-x64/plugins/vni/plugin-vni.so) [id=12]
2026-06-28 05:54:51.212 INFO  [9421] [MsgPI::MsgPlugin::Load@518] Plugin FlexDMD loaded (library: /home/pinball/VPinballX_BGFX-10.8.1-5231-7ca174632-linux-x64/plugins/flexdmd/plugin-flexdmd.so) [id=13]
2026-06-28 05:54:51.212 INFO  [9421] [Player::Player@166] Plugin AlphaDMD was found but is disabled (/home/pinball/VPinballX_BGFX-10.8.1-5231-7ca174632-linux-x64/plugins/alphadmd/plugin-alphadmd.so)
2026-06-28 05:54:51.212 INFO  [9421] [Player::Player@166] Plugin B2S was found but is disabled (/home/pinball/VPinballX_BGFX-10.8.1-5231-7ca174632-linux-x64/plugins/b2s/plugin-b2s.so)
2026-06-28 05:54:51.213 INFO  [9421] [MsgPI::MsgPlugin::Load@518] Plugin WMP loaded (library: /home/pinball/VPinballX_BGFX-10.8.1-5231-7ca174632-linux-x64/plugins/wmp/plugin-wmp.so) [id=16]
2026-06-28 05:54:51.213 INFO  [9421] [MsgPI::MsgPlugin::Load@518] Plugin AltSound loaded (library: /home/pinball/VPinballX_BGFX-10.8.1-5231-7ca174632-linux-x64/plugins/altsound/plugin-altsound.so) [id=17]
2026-06-28 05:54:51.213 INFO  [9421] [Player::Player@166] Plugin HelloScript was found but is disabled (/home/pinball/VPinballX_BGFX-10.8.1-5231-7ca174632-linux-x64/plugins/helloscript/plugin-helloscript.so)
2026-06-28 05:54:51.213 INFO  [9421] [Player::Player@172] Compiling script
2026-06-28 05:54:51.214 INFO  [9421] [ProgressDialog::SetProgress@35] Creating Player... 1%
2026-06-28 05:54:51.214 INFO  [9421] [Player::Player@283] Creating main window
2026-06-28 05:54:51.226 INFO  [9421] [VPX::Window::Window@276] Window #0 (3840x2160) was created on display N43 32" [3840x2160 60Hz SDL_PIXELFORMAT_XRGB8888]
2026-06-28 05:54:51.226 INFO  [9421] [Player::Player@337] Synchronization mode: 3 with maximum FPS: 60, display FPS: 60
2026-06-28 05:54:51.226 INFO  [9421] [Player::Player@348] Initializing player
2026-06-28 05:54:51.226 INFO  [9421] [ProgressDialog::SetProgress@35] Initializing Visuals... 10%
2026-06-28 05:54:51.226 INFO  [9421] [Player::Player@362] Initializing renderer (global states & resources)
2026-06-28 05:54:51.226 INFO  [9421] [RenderDevice::RenderDevice@1269] Requested graphics backend: Vulkan (valid values: Default, Direct3D11, OpenGL, Vulkan)
2026-06-28 05:54:51.599 ERROR [9477] [RenderDevice::SelectBackBufferFormat@290] Driver did not report any supported backbuffer format for Visual Pinball Player. Defaulting to BGRA8
2026-06-28 05:54:52.020 INFO  [9477] [RenderDevice::RenderThread@466] BGFX initialized using Vulkan backend (3840x2160 BGRA8)
2026-06-28 05:54:52.045 INFO  [9421] [Renderer::Renderer@213] Computing environment map radiance
2026-06-28 05:54:52.565 INFO  [9421] [Renderer::Renderer@242] Environment map radiance computed
2026-06-28 05:54:52.577 INFO  [9421] [VPX::Window::Window@276] Window #1 (1920x1080) was created on display HP 27vc 27" [1920x1080 60Hz SDL_PIXELFORMAT_XRGB8888]
2026-06-28 05:54:52.588 INFO  [9421] [VPX::Window::Window@276] Window #2 (1024x768) was created on display F-415 15" [1024x768 75.03Hz SDL_PIXELFORMAT_XRGB8888]
2026-06-28 05:54:52.588 INFO  [9421] [Player::Player@398] Initializing inputs & implicit objects
2026-06-28 05:54:52.588 INFO  [9421] [Player::Player@487] Initializing physics
2026-06-28 05:54:52.588 INFO  [9421] [ProgressDialog::SetProgress@35] Initializing Physics... 30%
2026-06-28 05:54:52.601 INFO  [9421] [PhysicsEngine::PhysicsEngine@54] Initializing octree
2026-06-28 05:54:52.628 INFO  [9421] [ProgressDialog::SetProgress@35] Loading Textures... 50%
2026-06-28 05:54:52.628 INFO  [9421] [Player::Player@553] Texture cache found at /home/pinball/Tables/Attack from Mars (Bally 1995)/cache/Attack from Mars (Midway 1995)/used_textures.xml
2026-06-28 05:54:52.799 ERROR [9565] [Texture::GetRawBitmap@1135] Corrupted file: image 'ramp' height (5) does not match the height (8) of the image datablock.
2026-06-28 05:54:53.145 INFO  [9421] [Player::Player@684] Initializing renderer
2026-06-28 05:54:53.145 INFO  [9421] [ProgressDialog::SetProgress@35] Initializing Renderer... 60%
2026-06-28 05:54:53.186 INFO  [9421] [Player::Player@709] Starting script
2026-06-28 05:54:53.189 INFO  [9421] [ScriptGlobalTable::GetTextFile@359] Reading script: /home/pinball/VPinballX_BGFX-10.8.1-5231-7ca174632-linux-x64/scripts/controller.vbs
2026-06-28 05:54:53.190 INFO  [9421] [VPXPluginAPIImpl::ApplyScriptCOMObjectOverrides@377] COM script object b2s.server overriden to be provided by a plugin
2026-06-28 05:54:53.190 INFO  [9421] [VPXPluginAPIImpl::ApplyScriptCOMObjectOverrides@377] COM script object vpinmame.controller overriden to be provided by a plugin
2026-06-28 05:54:53.190 INFO  [9421] [VPXPluginAPIImpl::ApplyScriptCOMObjectOverrides@377] COM script object vpinmame.controller overriden to be provided by a plugin
2026-06-28 05:54:53.190 INFO  [9421] [VPXPluginAPIImpl::ApplyScriptCOMObjectOverrides@377] COM script object b2s.server overriden to be provided by a plugin
2026-06-28 05:54:53.190 INFO  [9421] [VPXPluginAPIImpl::ApplyScriptCOMObjectOverrides@377] COM script object b2s.server overriden to be provided by a plugin
2026-06-28 05:54:53.190 INFO  [9421] [find_case_insensitive_file_path@630] case insensitive file match: requested "/home/pinball/VPinballX_BGFX-10.8.1-5231-7ca174632-linux-x64/scripts/WPC.VBS", actual "/home/pinball/VPinballX_BGFX-10.8.1-5231-7ca174632-linux-x64/scripts/WPC.vbs"
2026-06-28 05:54:53.191 INFO  [9421] [ScriptGlobalTable::GetTextFile@359] Reading script: /home/pinball/VPinballX_BGFX-10.8.1-5231-7ca174632-linux-x64/scripts/core.vbs
2026-06-28 05:54:53.198 INFO  [9421] [ScriptGlobalTable::GetTextFile@359] Reading script: /home/pinball/VPinballX_BGFX-10.8.1-5231-7ca174632-linux-x64/scripts/VPMKeys.vbs
2026-06-28 05:54:53.199 INFO  [9421] [PinMAME:PinMAME::OnLogMessage@230] PinmameSetConfig(): sampleRate=44100, vpmPath=/home/pinball/Tables/Attack from Mars (Bally 1995)/pinmame/
2026-06-28 05:54:53.200 INFO  [9421] [PinMAME:PinMAME::Controller::SetGameName@103] Game found: name=afm_113b, description=Attack From Mars (1.13b / S1.1), manufacturer=Bally, year=1999
2026-06-28 05:54:53.200 INFO  [9421] [B2SLegacy:B2SLegacy::PinMAMEAPI::HandleCall@97] Setting GameName to 'afm_113b' in B2S settings
2026-06-28 05:54:53.200 ERROR [9421] [PinMAME:PinMAME::Controller::SetShowTitle@140] ShowTitle is deprecated
2026-06-28 05:54:53.200 ERROR [9421] [PinMAME:PinMAME::Controller::SetShowDMDOnly@138] ShowDMDOnly is deprecated
2026-06-28 05:54:53.200 ERROR [9421] [PinMAME:PinMAME::Controller::SetShowFrame@136] ShowFrame is deprecated
2026-06-28 05:54:53.201 INFO  [9579] [PinMAME:PinMAME::OnLogMessage@230] osd_display_loading_rom_message(): loading afm_113b.bin...
2026-06-28 05:54:53.209 INFO  [9579] [PinMAME:PinMAME::OnLogMessage@230] osd_display_loading_rom_message(): loading afm_s2.l1   ...
2026-06-28 05:54:53.217 INFO  [9579] [PinMAME:PinMAME::OnLogMessage@230] osd_display_loading_rom_message(): loading afm_s3.l1   ...
2026-06-28 05:54:53.225 INFO  [9579] [PinMAME:PinMAME::OnLogMessage@230] osd_display_loading_rom_message(): loading afm_s4.l1   ...
2026-06-28 05:54:53.234 INFO  [9579] [PinMAME:PinMAME::OnLogMessage@230] osd_display_loading_rom_message():
2026-06-28 05:54:53.234 INFO  [9579] [PinMAME:PinMAME::OnLogMessage@230] osd_create_display: 60.00 fps
2026-06-28 05:54:53.249 INFO  [9579] [PinMAME:PinMAME::OnAudioAvailable@280] format=INT16, channels=1, sampleRate=44100.00, framesPerSecond=60.00, samplesPerFrame=735, bufferSize=16384
2026-06-28 05:54:53.276 INFO  [9421] [B2SLegacy:B2SLegacy::Server::Startup@1717] B2S table filename set to '/home/pinball/Tables/Attack from Mars (Bally 1995)/Attack from Mars (Midway 1995).vpx'
2026-06-28 05:54:53.276 INFO  [9421] [B2SLegacy:B2SLegacy::FormBackglass::LoadB2SData@336] directb2s file found at: /home/pinball/Tables/Attack from Mars (Bally 1995)/Attack from Mars (Midway 1995).directb2s
2026-06-28 05:54:54.890 INFO  [9421] [Renderer::RenderStaticPrepass@1702] Performing prerendering of static parts.
2026-06-28 05:54:54.890 INFO  [9421] [ProgressDialog::SetProgress@35] Prerendering Static Parts... 70%
2026-06-28 05:54:55.082 INFO  [9421] [ProgressDialog::SetProgress@35] Prerendering Static Parts... 71%
2026-06-28 05:54:55.094 INFO  [9421] [ProgressDialog::SetProgress@35] Prerendering Static Parts... 72%
2026-06-28 05:54:55.107 INFO  [9421] [ProgressDialog::SetProgress@35] Prerendering Static Parts... 73%
2026-06-28 05:54:55.122 INFO  [9421] [ProgressDialog::SetProgress@35] Prerendering Static Parts... 74%
2026-06-28 05:54:55.134 INFO  [9421] [ProgressDialog::SetProgress@35] Prerendering Static Parts... 75%
2026-06-28 05:54:55.147 INFO  [9421] [ProgressDialog::SetProgress@35] Prerendering Static Parts... 76%
2026-06-28 05:54:55.159 INFO  [9421] [ProgressDialog::SetProgress@35] Prerendering Static Parts... 77%
2026-06-28 05:54:55.174 INFO  [9421] [ProgressDialog::SetProgress@35] Prerendering Static Parts... 78%
2026-06-28 05:54:55.186 INFO  [9421] [ProgressDialog::SetProgress@35] Prerendering Static Parts... 79%
2026-06-28 05:54:55.198 INFO  [9421] [ProgressDialog::SetProgress@35] Prerendering Static Parts... 80%
2026-06-28 05:54:55.210 INFO  [9421] [ProgressDialog::SetProgress@35] Prerendering Static Parts... 81%
2026-06-28 05:54:55.225 INFO  [9421] [ProgressDialog::SetProgress@35] Prerendering Static Parts... 82%
2026-06-28 05:54:55.237 INFO  [9421] [ProgressDialog::SetProgress@35] Prerendering Static Parts... 83%
2026-06-28 05:54:55.249 INFO  [9421] [ProgressDialog::SetProgress@35] Prerendering Static Parts... 84%
2026-06-28 05:54:55.261 INFO  [9421] [ProgressDialog::SetProgress@35] Prerendering Static Parts... 85%
2026-06-28 05:54:55.276 INFO  [9421] [ProgressDialog::SetProgress@35] Prerendering Static Parts... 86%
2026-06-28 05:54:55.288 INFO  [9421] [ProgressDialog::SetProgress@35] Prerendering Static Parts... 87%
2026-06-28 05:54:55.300 INFO  [9421] [ProgressDialog::SetProgress@35] Prerendering Static Parts... 88%
2026-06-28 05:54:55.315 INFO  [9421] [ProgressDialog::SetProgress@35] Prerendering Static Parts... 89%
2026-06-28 05:54:55.327 INFO  [9421] [ProgressDialog::SetProgress@35] Prerendering Static Parts... 90%
2026-06-28 05:54:55.339 INFO  [9421] [ProgressDialog::SetProgress@35] Prerendering Static Parts... 91%
2026-06-28 05:54:55.351 INFO  [9421] [ProgressDialog::SetProgress@35] Prerendering Static Parts... 92%
2026-06-28 05:54:55.366 INFO  [9421] [ProgressDialog::SetProgress@35] Prerendering Static Parts... 93%
2026-06-28 05:54:55.378 INFO  [9421] [ProgressDialog::SetProgress@35] Prerendering Static Parts... 94%
2026-06-28 05:54:55.390 INFO  [9421] [ProgressDialog::SetProgress@35] Prerendering Static Parts... 95%
2026-06-28 05:54:55.403 INFO  [9421] [ProgressDialog::SetProgress@35] Prerendering Static Parts... 96%
2026-06-28 05:54:55.418 INFO  [9421] [ProgressDialog::SetProgress@35] Prerendering Static Parts... 97%
2026-06-28 05:54:55.430 INFO  [9421] [ProgressDialog::SetProgress@35] Prerendering Static Parts... 98%
2026-06-28 05:54:55.442 INFO  [9421] [ProgressDialog::SetProgress@35] Prerendering Static Parts... 99%
2026-06-28 05:54:55.454 INFO  [9421] [ProgressDialog::SetProgress@35] Prerendering Static Parts... 100%
2026-06-28 05:54:55.459 INFO  [9421] [Renderer::RenderStaticPrepass@1889] Starting Reflection Probe prerendering
2026-06-28 05:54:55.459 INFO  [9421] [Renderer::RenderStaticPrepass@1898] Static PreRender done
2026-06-28 05:54:55.478 INFO  [9421] [DOF:DOFPlugin::OnDevSrcChanged@279] OnDevSrcChanged - Found 145 PinMAME devices and 0 B2S devices
2026-06-28 05:54:55.478 INFO  [9421] [B2SLegacy:B2SLegacy::Server::OnDevSrcChanged@166] Device state updated - 145 devices
2026-06-28 05:54:55.478 INFO  [9421] [DOF:DOFPlugin::OnInputSrcChanged@309] OnInputSrcChanged - Found 104 PinMAME inputs
2026-06-28 05:54:55.478 INFO  [9421] [Serum:Serum::OnControllerGameStart@367] Loading from /home/pinball/Tables/Attack from Mars (Bally 1995)/pinmame/altcolor for afm_113b
2026-06-28 05:54:55.493 INFO  [9421] [DOF:DOFPlugin::OnControllerGameStart@210] OnControllerGameStart: gameId=afm_113b
2026-06-28 05:54:55.493 INFO  [9582] [DOF:DOFPlugin::OnDOFLog@89] Global config filename is "/home/pinball/.local/share/VPinballX/10.8/directoutputconfig/GlobalConfig_B2SServer.xml"
2026-06-28 05:54:55.493 INFO  [9582] [DOF:DOFPlugin::OnDOFLog@89] No global config file loaded
2026-06-28 05:54:55.493 INFO  [9421] [VNI:Vni::OnControllerGameStart@264] No PAL file found for afm_113b
2026-06-28 05:54:55.493 INFO  [9582] [DOF:DOFPlugin::OnDOFLog@89] Install folder lookup: executable: /home/pinball/VPinballX_BGFX-10.8.1-5231-7ca174632-linux-x64/VPinballX_BGFX, install folder: /home/pinball/VPinballX_BGFX-10.8.1-5231-7ca174632-linux-x64 (EXECUTABLE folder -> original flat install configuration)
2026-06-28 05:54:55.493 INFO  [9421] [AltSound:AltSound::OnControllerGameStart@215] Found altsound directory for game: afm_113b at /home/pinball/Tables/Attack from Mars (Bally 1995)/pinmame/altsound/afm_113b
2026-06-28 05:54:55.493 INFO  [9421] [AltSound:AltSound::StartAltSound@131] Initializing AltSound for game: afm_113b, basePath: /home/pinball/Tables/Attack from Mars (Bally 1995)/pinmame
2026-06-28 05:54:55.493 INFO  [9582] [DOF:DOFPlugin::OnDOFLog@89] Could not find or load the global config file /home/pinball/.local/share/VPinballX/10.8/directoutputconfig/GlobalConfig_B2SServer.xml
2026-06-28 05:54:55.493 INFO  [9582] [DOF:DOFPlugin::OnDOFLog@89] Loading Pinball parts
2026-06-28 05:54:55.493 INFO  [9582] [DOF:DOFPlugin::OnDOFLog@89] Loading cabinet
2026-06-28 05:54:55.493 INFO  [9582] [DOF:DOFPlugin::OnDOFLog@89] No cabinet config file loaded. Will use AutoConfig.
2026-06-28 05:54:55.495 INFO  [9421] [AltSound:AltSound::StartAltSound@148] AltSound initialized successfully for game: afm_113b
2026-06-28 05:54:55.505 INFO  [9582] [DOF:DOFPlugin::OnDOFLog@89] Pinscape device scan found 0 devices
2026-06-28 05:54:55.515 INFO  [9582] [DOF:DOFPlugin::OnDOFLog@89] Cabinet auto configuration started
2026-06-28 05:54:55.515 INFO  [9582] [DOF:DOFPlugin::OnDOFLog@89] Pinscape auto-configuration starting
2026-06-28 05:54:55.526 INFO  [9582] [DOF:DOFPlugin::OnDOFLog@89] Pinscape device scan found 0 devices
2026-06-28 05:54:55.526 INFO  [9582] [DOF:DOFPlugin::OnDOFLog@89] PinscapePico auto-configuration starting
2026-06-28 05:54:55.543 INFO  [9582] [DOF:DOFPlugin::OnDOFLog@89] LED-Wiz isolated LIBUSB backend loaded; pacing 2 ms.
2026-06-28 05:54:55.543 INFO  [9582] [DOF:DOFPlugin::OnDOFLog@89] Found LedWiz device: <not available> (unit 1) PID:00F0 Path:3-3:1.0
2026-06-28 05:54:55.543 INFO  [9582] [DOF:DOFPlugin::OnDOFLog@89] Detected and added LedWiz Nr. 1 with name LedWiz 01
2026-06-28 05:54:55.543 INFO  [9582] [DOF:DOFPlugin::OnDOFLog@89] Added LedwizEquivalent Nr. 1 with name LedWiz 01 Equivalent for Ledwiz Nr. 1
2026-06-28 05:54:55.543 INFO  [9582] [DOF:DOFPlugin::OnDOFLog@89] DudesCab auto-configuration starting
2026-06-28 05:54:55.585 INFO  [9421] [Player::Player@791] Startup done
2026-06-28 05:54:55.602 WARN  [9421] [PinTable::StopSound@4174] Request to stop "fx_ballrolling7", but sound was not found.
2026-06-28 05:54:55.602 WARN  [9421] [PinTable::StopSound@4174] Request to stop "fx_ballrolling8", but sound was not found.
2026-06-28 05:54:55.602 WARN  [9421] [PinTable::StopSound@4174] Request to stop "fx_ballrolling9", but sound was not found.
2026-06-28 05:54:55.602 WARN  [9421] [PinTable::StopSound@4174] Request to stop "fx_ballrolling10", but sound was not found.
2026-06-28 05:54:55.602 WARN  [9421] [PinTable::StopSound@4174] Request to stop "fx_ballrolling11", but sound was not found.
2026-06-28 05:54:55.602 WARN  [9421] [PinTable::StopSound@4174] Request to stop "fx_ballrolling12", but sound was not found.
2026-06-28 05:54:55.602 WARN  [9421] [PinTable::StopSound@4174] Request to stop "fx_ballrolling13", but sound was not found.
2026-06-28 05:54:55.602 WARN  [9421] [PinTable::StopSound@4174] Request to stop "fx_ballrolling14", but sound was not found.
2026-06-28 05:54:55.602 WARN  [9421] [PinTable::StopSound@4174] Request to stop "fx_ballrolling15", but sound was not found.
2026-06-28 05:54:55.602 WARN  [9421] [PinTable::StopSound@4174] Request to stop "fx_ballrolling16", but sound was not found.
2026-06-28 05:54:55.602 WARN  [9421] [PinTable::StopSound@4174] Request to stop "fx_ballrolling17", but sound was not found.
2026-06-28 05:54:55.602 WARN  [9421] [PinTable::StopSound@4174] Request to stop "fx_ballrolling18", but sound was not found.
2026-06-28 05:54:55.602 WARN  [9421] [PinTable::StopSound@4174] Request to stop "fx_ballrolling19", but sound was not found.
2026-06-28 05:54:55.604 INFO  [9582] [DOF:DOFPlugin::OnDOFLog@89] Ultimate VPinball says : Beertime, DudesCab is Connected
2026-06-28 05:54:55.608 INFO  [9582] [DOF:DOFPlugin::OnDOFLog@89] DudesCab Controller Informations : Device [DudesCab,RID:3] Name [Ultimate VPinball], v2.0.4, unit #1, Max extensions 8
2026-06-28 05:54:55.612 INFO  [9582] [DOF:DOFPlugin::OnDOFLog@89]     Pwm Informations : Max outputs per extensions 16, Extension Mask 0x0
2026-06-28 05:54:55.612 INFO  [9582] [DOF:DOFPlugin::OnDOFLog@89]     Output configuration received, highest configured output is #0
2026-06-28 05:54:55.678 INFO  [9582] [DOF:DOFPlugin::OnDOFLog@89] Ultimate VPinball says : Beertime, DudesCab is Connected
2026-06-28 05:54:55.694 INFO  [9582] [DOF:DOFPlugin::OnDOFLog@89] DudesCab Controller Informations : Device [DudesCab,RID:5] Name [Ultimate VPinball], v2.0.4, unit #1, Max extensions 8
2026-06-28 05:54:55.694 INFO  [9582] [DOF:DOFPlugin::OnDOFLog@89] Detected and added DudesCab Controller DudesCab Controller 01 with 0 outputs
2026-06-28 05:54:55.694 INFO  [9582] [DOF:DOFPlugin::OnDOFLog@89] Added LedwizEquivalent Nr. 90 with name DudesCab Controller 01 Equivalent 1 for DudesCab Controller with Unit 1
2026-06-28 05:54:55.718 INFO  [9582] [DOF:DOFPlugin::OnDOFLog@89] UMX Handshake : Hi! I'm an UMXController board[DudesCab(Ultimate VPinball)] firmware[2,0,4]
2026-06-28 05:54:55.766 INFO  [9582] [DOF:DOFPlugin::OnDOFLog@89] Detected and added UMX Controller Nr. 1 with name UMX Controller 01
2026-06-28 05:54:55.766 INFO  [9582] [DOF:DOFPlugin::OnDOFLog@89] UMX Infos : Name UMXDudesCab[Ultimate VPinball], UMX Version 1.0.0, MaxDataLines 8, MaxNbLeds 6000
2026-06-28 05:54:55.766 INFO  [9582] [DOF:DOFPlugin::OnDOFLog@89] UMX Config : Enabled 1, LedChipset 2, LedWizEquivalent 30
2026-06-28 05:54:55.766 INFO  [9582] [DOF:DOFPlugin::OnDOFLog@89] TestOnReset 3(3s), TestOnConnect 3(4s), TestBrightness: 100
2026-06-28 05:54:55.766 INFO  [9582] [DOF:DOFPlugin::OnDOFLog@89] CompressionRatio 100%
2026-06-28 05:54:55.766 INFO  [9582] [DOF:DOFPlugin::OnDOFLog@89] 5 ledstrips :
2026-06-28 05:54:55.766 INFO  [9582] [DOF:DOFPlugin::OnDOFLog@89] 	[0] LeftPFStripe => W/H:1/58 (58 leds), FirstLed: 0, Dof:1, Brightness:50
2026-06-28 05:54:55.766 INFO  [9582] [DOF:DOFPlugin::OnDOFLog@89] 		1 split : 58 leds on line 0
2026-06-28 05:54:55.766 INFO  [9582] [DOF:DOFPlugin::OnDOFLog@89] 	[1] RightPFStripe => W/H:1/58 (58 leds), FirstLed: 58, Dof:4, Brightness:50
2026-06-28 05:54:55.766 INFO  [9582] [DOF:DOFPlugin::OnDOFLog@89] 		1 split : 58 leds on line 1
2026-06-28 05:54:55.766 INFO  [9582] [DOF:DOFPlugin::OnDOFLog@89] 	[2] FilippersButMX => W/H:1/1 (1 leds), FirstLed: 116, Dof:7, Brightness:100
2026-06-28 05:54:55.766 INFO  [9582] [DOF:DOFPlugin::OnDOFLog@89] 		1 split : 1 leds on line 2
2026-06-28 05:54:55.766 INFO  [9582] [DOF:DOFPlugin::OnDOFLog@89] 	[3] RightMagBut => W/H:1/1 (1 leds), FirstLed: 117, Dof:13, Brightness:100
2026-06-28 05:54:55.766 INFO  [9582] [DOF:DOFPlugin::OnDOFLog@89] 		1 split : 1 leds on line 4
2026-06-28 05:54:55.766 INFO  [9582] [DOF:DOFPlugin::OnDOFLog@89] 	[4] LeftMagBut => W/H:1/1 (1 leds), FirstLed: 118, Dof:10, Brightness:100
2026-06-28 05:54:55.766 INFO  [9582] [DOF:DOFPlugin::OnDOFLog@89] 		1 split : 1 leds on line 3
2026-06-28 05:54:55.767 INFO  [9582] [DOF:DOFPlugin::OnDOFLog@89] 119 leds, 357 outputs configured
2026-06-28 05:54:55.767 INFO  [9582] [DOF:DOFPlugin::OnDOFLog@89] Added LedwizEquivalent Nr. 30 with name UMXDudesCab[Ultimate VPinball]#1 Equivalent for UMXController Nr. 1, 5
2026-06-28 05:54:55.774 INFO  [9582] [DOF:DOFPlugin::OnDOFLog@89] PacLed64 auto-configuration starting
2026-06-28 05:54:55.795 INFO  [9582] [DOF:DOFPlugin::OnDOFLog@89] PacDrive auto-configuration starting
2026-06-28 05:54:55.796 INFO  [9582] [DOF:DOFPlugin::OnDOFLog@89] PacUIO auto-configuration starting
2026-06-28 05:54:55.806 INFO  [9582] [DOF:DOFPlugin::OnDOFLog@89] FTDI auto-configuration starting
2026-06-28 05:54:55.812 INFO  [9582] [DOF:DOFPlugin::OnDOFLog@89] FTDI device scan found 0 devices
2026-06-28 05:54:56.277 INFO  [9582] [DOF:DOFPlugin::OnDOFLog@89] Cabinet auto configuration finished
2026-06-28 05:54:56.277 INFO  [9582] [DOF:DOFPlugin::OnDOFLog@89] Cabinet loaded
2026-06-28 05:54:56.277 INFO  [9582] [DOF:DOFPlugin::OnDOFLog@89] Loading table config
2026-06-28 05:54:56.277 INFO  [9582] [DOF:DOFPlugin::OnDOFLog@89] Will try to load configs from DirectOutput.ini or LedControl.ini file(s) for RomName afm_113b
2026-06-28 05:54:56.277 INFO  [9582] [DOF:DOFPlugin::OnDOFLog@89] Loading LedControl file /home/pinball/.local/share/VPinballX/10.8/directoutputconfig/directoutputconfig.ini
2026-06-28 05:54:56.280 INFO  [9582] [DOF:DOFPlugin::OnDOFLog@89] Min DOF Version is 0.8 for file /home/pinball/.local/share/VPinballX/10.8/directoutputconfig/directoutputconfig.ini
2026-06-28 05:54:56.280 INFO  [9582] [DOF:DOFPlugin::OnDOFLog@89] Resolving Table Variables
2026-06-28 05:54:56.281 INFO  [9582] [DOF:DOFPlugin::OnDOFLog@89] Resolving Global Variables
2026-06-28 05:54:56.562 INFO  [9421] [B2SLegacy:B2SLegacy::Server::TimerElapsed@336] B2S polling status: lamps=false, solenoids=false, giStrings=false, leds=false
2026-06-28 05:54:56.735 INFO  [9582] [DOF:DOFPlugin::OnDOFLog@89] Loading LedControl file /home/pinball/.local/share/VPinballX/10.8/directoutputconfig/directoutputconfig30.ini
2026-06-28 05:54:56.744 INFO  [9582] [DOF:DOFPlugin::OnDOFLog@89] Min DOF Version is 0.8 for file /home/pinball/.local/share/VPinballX/10.8/directoutputconfig/directoutputconfig30.ini
2026-06-28 05:54:56.744 INFO  [9582] [DOF:DOFPlugin::OnDOFLog@89] Resolving Table Variables
2026-06-28 05:54:56.744 INFO  [9582] [DOF:DOFPlugin::OnDOFLog@89] Resolving Global Variables
2026-06-28 05:54:57.106 INFO  [9582] [DOF:DOFPlugin::OnDOFLog@89] Loading LedControl file /home/pinball/.local/share/VPinballX/10.8/directoutputconfig/directoutputconfig90.ini
2026-06-28 05:54:57.107 INFO  [9582] [DOF:DOFPlugin::OnDOFLog@89] Min DOF Version is 0.8 for file /home/pinball/.local/share/VPinballX/10.8/directoutputconfig/directoutputconfig90.ini
2026-06-28 05:54:57.107 INFO  [9582] [DOF:DOFPlugin::OnDOFLog@89] Resolving Table Variables
2026-06-28 05:54:57.107 INFO  [9582] [DOF:DOFPlugin::OnDOFLog@89] Resolving Global Variables
2026-06-28 05:54:57.212 INFO  [9582] [DOF:DOFPlugin::OnDOFLog@89] 3 directoutputconfig.ini or ledcontrol.ini files loaded.
2026-06-28 05:54:57.213 INFO  [9582] [DOF:DOFPlugin::OnDOFLog@89] Config for RomName afm_113b exists in LedControl data. Updating cabinet and config.
2026-06-28 05:54:57.224 INFO  [9582] [DOF:DOFPlugin::OnDOFLog@89] Table config loading finished: romname=afm_113b, tablename=Attack from Mars (Midway 1995)
2026-06-28 05:54:57.224 INFO  [9582] [DOF:DOFPlugin::OnDOFLog@89] Pinball parts loaded
2026-06-28 05:54:57.224 INFO  [9582] [DOF:DOFPlugin::OnDOFLog@89] Starting processes
2026-06-28 05:54:57.224 INFO  [9582] [DOF:DOFPlugin::OnDOFLog@89] Initializing cabinet
2026-06-28 05:54:57.224 INFO  [9582] [DOF:DOFPlugin::OnDOFLog@89] Initializing output controllers
2026-06-28 05:54:57.224 INFO  [9582] [DOF:DOFPlugin::OnDOFLog@89] Initializing LedWiz Nr. 01
2026-06-28 05:54:57.224 INFO  [9582] [DOF:DOFPlugin::OnDOFLog@89] LedWiz LedWiz 01 could not connect to device
2026-06-28 05:54:57.224 INFO  [9582] [DOF:DOFPlugin::OnDOFLog@89] LedWiz Nr. 01 initialized and updater thread initialized.
2026-06-28 05:54:57.224 INFO  [9582] [DOF:DOFPlugin::OnDOFLog@89] DudesCab DudesCab Controller 01 initialized and updater thread started.
2026-06-28 05:54:57.224 INFO  [9590] [DOF:DOFPlugin::OnDOFLog@89] Updater thread started for DudesCab DudesCab Controller 01
2026-06-28 05:54:57.224 INFO  [9590] [DOF:DOFPlugin::OnDOFLog@89] Updater thread connected to DudesCab DudesCab Controller 01
2026-06-28 05:54:57.224 INFO  [9582] [DOF:DOFPlugin::OnDOFLog@89] UMXController UMX Controller 01 initialized and updater thread started.
2026-06-28 05:54:57.224 INFO  [9582] [DOF:DOFPlugin::OnDOFLog@89] Output controllers initialized
2026-06-28 05:54:57.224 INFO  [9582] [DOF:DOFPlugin::OnDOFLog@89] Initializing 32 toys
2026-06-28 05:54:57.224 INFO  [9582] [DOF:DOFPlugin::OnDOFLog@89] Initializing LedWizEquivalent: LedWiz 01 Equivalent (LedWiz 1)
2026-06-28 05:54:57.224 INFO  [9591] [DOF:DOFPlugin::OnDOFLog@89] Updater thread started for UMXController UMX Controller 01
2026-06-28 05:54:57.224 INFO  [9582] [DOF:DOFPlugin::OnDOFLog@89] LedWizEquivalent 1: Resolved 32 of 32 outputs
2026-06-28 05:54:57.225 INFO  [9591] [DOF:DOFPlugin::OnDOFLog@89] Updater thread connected to UMXController UMX Controller 01
2026-06-28 05:54:57.225 INFO  [9582] [DOF:DOFPlugin::OnDOFLog@89] LedWizEquivalent 1 initialized with 32 outputs
2026-06-28 05:54:57.225 INFO  [9582] [DOF:DOFPlugin::OnDOFLog@89] Initializing LedWizEquivalent: DudesCab Controller 01 Equivalent 1 (LedWiz 90)
2026-06-28 05:54:57.225 INFO  [9582] [DOF:DOFPlugin::OnDOFLog@89] LedWizEquivalent 90: Resolved 0 of 0 outputs
2026-06-28 05:54:57.225 INFO  [9582] [DOF:DOFPlugin::OnDOFLog@89] LedWizEquivalent 90 initialized with 0 outputs
2026-06-28 05:54:57.225 INFO  [9582] [DOF:DOFPlugin::OnDOFLog@89] Initializing LedWizEquivalent: UMXDudesCab[Ultimate VPinball]#1 Equivalent (LedWiz 30)
2026-06-28 05:54:57.225 INFO  [9582] [DOF:DOFPlugin::OnDOFLog@89] LedWizEquivalent 30: Resolved 0 of 5 outputs
2026-06-28 05:54:57.225 INFO  [9582] [DOF:DOFPlugin::OnDOFLog@89] LedWizEquivalent 30 initialized with 5 outputs
2026-06-28 05:54:57.225 INFO  [9582] [DOF:DOFPlugin::OnDOFLog@89] Initializing RGBAToy: LedWiz 01 Column 18
2026-06-28 05:54:57.225 INFO  [9582] [DOF:DOFPlugin::OnDOFLog@89] Initializing RGBAToy: LedWiz 01 Column 19
2026-06-28 05:54:57.225 INFO  [9582] [DOF:DOFPlugin::OnDOFLog@89] Initializing RGBAToy: LedWiz 01 Column 20
2026-06-28 05:54:57.225 INFO  [9582] [DOF:DOFPlugin::OnDOFLog@89] Initializing RGBAToy: LedWiz 01 Column 21
2026-06-28 05:54:57.225 INFO  [9582] [DOF:DOFPlugin::OnDOFLog@89] Initializing RGBAToy: LedWiz 01 Column 22
2026-06-28 05:54:57.225 INFO  [9582] [DOF:DOFPlugin::OnDOFLog@89] Cabinet initialized
2026-06-28 05:54:57.225 INFO  [9582] [DOF:DOFPlugin::OnDOFLog@89] Loading shape definition file: /home/pinball/.local/share/VPinballX/10.8/directoutputconfig/DirectOutputShapes.xml
2026-06-28 05:54:57.226 INFO  [9582] [DOF:DOFPlugin::OnDOFLog@89] Framework initialized.
2026-06-28 05:54:57.226 INFO  [9582] [DOF:DOFPlugin::OnDOFLog@89] Have fun! :)
2026-06-28 05:55:13.618 INFO  [9421] [OnSignalHandler@33] Exiting from signal: 2
terminate called without an active exception
