2026-06-28 02:23:05.605 INFO  [236814] [VPApp::InitInstance@329] Starting VPX - v10.8.1 Beta (Rev. 5231 (7ca174632), linux BGFX 64bits)
2026-06-28 02:23:05.605 INFO  [236814] [VPApp::InitInstance@330] Settings file was loaded from /home/pinball/.local/share/VPinballX/10.8/VPinballX.ini
2026-06-28 02:23:05.605 INFO  [236814] [VPApp::InitInstance@331] Number of logical CPU cores: 40
2026-06-28 02:23:05.605 INFO  [236814] [VPApp::InitInstance@332] Application path: /home/pinball/VPinballX_BGFX-10.8.1-5231-7ca174632-linux-x64/
2026-06-28 02:23:05.605 INFO  [236814] [VPApp::InitInstance@333] Preference path: /home/pinball/.local/share/VPinballX/10.8
2026-06-28 02:23:05.608 INFO  [236814] [PinTable::LoadGameFromFilename@1419] LoadGameFromFilename /home/pinball/Tables/Attack from Mars (Bally 1995)/Attack from Mars (Midway 1995).vpx
2026-06-28 02:23:05.622 INFO  [236814] [PinTable::LoadGameFromFilename@1545] PinTable Data loaded
2026-06-28 02:23:05.687 INFO  [236814] [PinTable::LoadGameFromFilename@1810] Images, Sounds and Items loaded
2026-06-28 02:23:05.698 INFO  [236814] [PinTable::LoadGameFromFilename@2146] InitTablePostLoad
2026-06-28 02:23:05.699 INFO  [236814] [PinTable::LoadScriptOverride@2218] Loading script: /home/pinball/Tables/Attack from Mars (Bally 1995)/Attack from Mars (Midway 1995).vbs
2026-06-28 02:23:05.699 INFO  [236814] [MsgPI::MsgPlugin::Load@522] Plugin vpx loaded (statically linked plugin) [id=1]
2026-06-28 02:23:05.699 INFO  [236814] [SDLInputHandler::SDLInputHandler@17] SDL input handler registered
2026-06-28 02:23:06.132 INFO  [236814] [SDLInputHandler::OnJoystickAdded@287] Joystick connected: L'atelier d'Arnoz DudesCab #1 (SDL ID: 4, Axes: 6, Buttons: 32, Hats: 1, VPX UID: SDLJoy_0300a1eb8a2e00006f10000011010000_1)
2026-06-28 02:23:06.132 INFO  [236814] [OpenPinDevHandler::OpenPinDevHandler@242] OpenPinDev input handler registered
2026-06-28 02:23:06.150 INFO  [236814] [VPX::AudioPlayer::AudioPlayer@226] Table sound device was not found (), using default: CMI8738/CMI8768 PCI Audio (CMI8738/C3DX PCI Audio Device) Analog Stereo
2026-06-28 02:23:06.150 INFO  [236814] [VPX::AudioPlayer::AudioPlayer@230] Backglass sound device was not found (), using default: CMI8738/CMI8768 PCI Audio (CMI8738/C3DX PCI Audio Device) Analog Stereo
2026-06-28 02:23:06.190 INFO  [236814] [ma_device_init__sdl@154] Audio device initialized. Device: 'CMI8738/CMI8768 PCI Audio (CMI8738/C3DX PCI Audio Device) Analog Stereo', Freq : 48000, Format: SDL_AUDIO_S16LE, Channels: 2, Driver: pipewire
2026-06-28 02:23:06.191 INFO  [236814] [ma_device_init__sdl@154] Audio device initialized. Device: 'CMI8738/CMI8768 PCI Audio (CMI8738/C3DX PCI Audio Device) Analog Stereo', Freq : 48000, Format: SDL_AUDIO_S16LE, Channels: 2, Driver: pipewire
2026-06-28 02:23:06.214 INFO  [236814] [Player::Player@112] SDL video driver: x11
2026-06-28 02:23:06.214 INFO  [236814] [Player::Player@120] Loading player plugins
2026-06-28 02:23:06.215 INFO  [236814] [Player::Player@166] Plugin vpx was found but is disabled ()
2026-06-28 02:23:06.215 INFO  [236814] [Player::Player@166] Plugin DMDUtil was found but is disabled (/home/pinball/VPinballX_BGFX-10.8.1-5231-7ca174632-linux-x64/plugins/dmdutil/plugin-dmdutil.so)
2026-06-28 02:23:06.215 INFO  [236814] [MsgPI::MsgPlugin::Load@518] Plugin Serum loaded (library: /home/pinball/VPinballX_BGFX-10.8.1-5231-7ca174632-linux-x64/plugins/serum/plugin-serum.so) [id=3]
2026-06-28 02:23:06.215 INFO  [236814] [Player::Player@166] Plugin UpscaleDMD was found but is disabled (/home/pinball/VPinballX_BGFX-10.8.1-5231-7ca174632-linux-x64/plugins/upscaledmd/plugin-upscaledmd.so)
2026-06-28 02:23:06.218 INFO  [236814] [DOF:DOFPlugin::OnDevSrcChanged@249] OnDevSrcChanged - No source
2026-06-28 02:23:06.218 INFO  [236814] [DOF:DOFPlugin::OnInputSrcChanged@309] OnInputSrcChanged - Found 0 PinMAME inputs
2026-06-28 02:23:06.235 INFO  [236814] [DOF:DOFPlugin::OnDOFLog@89] Pinscape device scan found 0 devices
2026-06-28 02:23:06.245 INFO  [236814] [MsgPI::MsgPlugin::Load@518] Plugin DOF loaded (library: /home/pinball/VPinballX_BGFX-10.8.1-5231-7ca174632-linux-x64/plugins/dof/plugin-dof.so) [id=5]
2026-06-28 02:23:06.250 INFO  [236814] [MsgPI::MsgPlugin::Load@518] Plugin PinMAME loaded (library: /home/pinball/VPinballX_BGFX-10.8.1-5231-7ca174632-linux-x64/plugins/pinmame/plugin-pinmame.so) [id=6]
2026-06-28 02:23:06.250 INFO  [236814] [Player::Player@166] Plugin HelloWorld was found but is disabled (/home/pinball/VPinballX_BGFX-10.8.1-5231-7ca174632-linux-x64/plugins/helloworld/plugin-helloworld.so)
2026-06-28 02:23:06.251 INFO  [236814] [MsgPI::MsgPlugin::Load@518] Plugin B2SLegacy loaded (library: /home/pinball/VPinballX_BGFX-10.8.1-5231-7ca174632-linux-x64/plugins/b2slegacy/plugin-b2slegacy.so) [id=8]
2026-06-28 02:23:06.251 INFO  [236814] [MsgPI::MsgPlugin::Load@518] Plugin ScoreView loaded (library: /home/pinball/VPinballX_BGFX-10.8.1-5231-7ca174632-linux-x64/plugins/scoreview/plugin-scoreview.so) [id=9]
2026-06-28 02:23:06.251 INFO  [236814] [Player::Player@166] Plugin RemoteControl was found but is disabled (/home/pinball/VPinballX_BGFX-10.8.1-5231-7ca174632-linux-x64/plugins/remote-control/plugin-remote-control.so)
2026-06-28 02:23:06.254 INFO  [236814] [PUP:PUPPluginLoad@292] No global PUP folder configured; per-table 'pupvideos' used when present
2026-06-28 02:23:06.254 INFO  [236814] [MsgPI::MsgPlugin::Load@518] Plugin PUP loaded (library: /home/pinball/VPinballX_BGFX-10.8.1-5231-7ca174632-linux-x64/plugins/pup/plugin-pup.so) [id=11]
2026-06-28 02:23:06.254 INFO  [236814] [MsgPI::MsgPlugin::Load@518] Plugin VNI loaded (library: /home/pinball/VPinballX_BGFX-10.8.1-5231-7ca174632-linux-x64/plugins/vni/plugin-vni.so) [id=12]
2026-06-28 02:23:06.255 INFO  [236814] [MsgPI::MsgPlugin::Load@518] Plugin FlexDMD loaded (library: /home/pinball/VPinballX_BGFX-10.8.1-5231-7ca174632-linux-x64/plugins/flexdmd/plugin-flexdmd.so) [id=13]
2026-06-28 02:23:06.255 INFO  [236814] [Player::Player@166] Plugin AlphaDMD was found but is disabled (/home/pinball/VPinballX_BGFX-10.8.1-5231-7ca174632-linux-x64/plugins/alphadmd/plugin-alphadmd.so)
2026-06-28 02:23:06.255 INFO  [236814] [Player::Player@166] Plugin B2S was found but is disabled (/home/pinball/VPinballX_BGFX-10.8.1-5231-7ca174632-linux-x64/plugins/b2s/plugin-b2s.so)
2026-06-28 02:23:06.255 INFO  [236814] [MsgPI::MsgPlugin::Load@518] Plugin WMP loaded (library: /home/pinball/VPinballX_BGFX-10.8.1-5231-7ca174632-linux-x64/plugins/wmp/plugin-wmp.so) [id=16]
2026-06-28 02:23:06.256 INFO  [236814] [MsgPI::MsgPlugin::Load@518] Plugin AltSound loaded (library: /home/pinball/VPinballX_BGFX-10.8.1-5231-7ca174632-linux-x64/plugins/altsound/plugin-altsound.so) [id=17]
2026-06-28 02:23:06.256 INFO  [236814] [Player::Player@166] Plugin HelloScript was found but is disabled (/home/pinball/VPinballX_BGFX-10.8.1-5231-7ca174632-linux-x64/plugins/helloscript/plugin-helloscript.so)
2026-06-28 02:23:06.256 INFO  [236814] [Player::Player@172] Compiling script
2026-06-28 02:23:06.256 INFO  [236814] [ProgressDialog::SetProgress@35] Creating Player... 1%
2026-06-28 02:23:06.256 INFO  [236814] [Player::Player@283] Creating main window
2026-06-28 02:23:06.268 INFO  [236814] [VPX::Window::Window@276] Window #0 (3840x2160) was created on display N43 32" [3840x2160 60Hz SDL_PIXELFORMAT_XRGB8888]
2026-06-28 02:23:06.268 INFO  [236814] [Player::Player@337] Synchronization mode: 0 with maximum FPS: 10000, display FPS: 60
2026-06-28 02:23:06.268 INFO  [236814] [Player::Player@348] Initializing player
2026-06-28 02:23:06.268 INFO  [236814] [ProgressDialog::SetProgress@35] Initializing Visuals... 10%
2026-06-28 02:23:06.268 INFO  [236814] [Player::Player@362] Initializing renderer (global states & resources)
2026-06-28 02:23:06.268 INFO  [236814] [RenderDevice::RenderDevice@1269] Requested graphics backend: Vulkan (valid values: Default, Direct3D11, OpenGL, Vulkan)
2026-06-28 02:23:06.655 ERROR [236872] [RenderDevice::SelectBackBufferFormat@290] Driver did not report any supported backbuffer format for Visual Pinball Player. Defaulting to BGRA8
2026-06-28 02:23:07.076 INFO  [236872] [RenderDevice::RenderThread@466] BGFX initialized using Vulkan backend (3840x2160 BGRA8)
2026-06-28 02:23:07.101 INFO  [236814] [Renderer::Renderer@213] Computing environment map radiance
2026-06-28 02:23:07.620 INFO  [236814] [Renderer::Renderer@242] Environment map radiance computed
2026-06-28 02:23:07.632 INFO  [236814] [VPX::Window::Window@276] Window #1 (1920x1080) was created on display HP 27vc 27" [1920x1080 60Hz SDL_PIXELFORMAT_XRGB8888]
2026-06-28 02:23:07.643 INFO  [236814] [VPX::Window::Window@276] Window #2 (1024x768) was created on display F-415 15" [1024x768 75.03Hz SDL_PIXELFORMAT_XRGB8888]
2026-06-28 02:23:07.643 INFO  [236814] [Player::Player@398] Initializing inputs & implicit objects
2026-06-28 02:23:07.643 INFO  [236814] [Player::Player@487] Initializing physics
2026-06-28 02:23:07.643 INFO  [236814] [ProgressDialog::SetProgress@35] Initializing Physics... 30%
2026-06-28 02:23:07.656 INFO  [236814] [PhysicsEngine::PhysicsEngine@54] Initializing octree
2026-06-28 02:23:07.684 INFO  [236814] [ProgressDialog::SetProgress@35] Loading Textures... 50%
2026-06-28 02:23:07.684 INFO  [236814] [Player::Player@553] Texture cache found at /home/pinball/Tables/Attack from Mars (Bally 1995)/cache/Attack from Mars (Midway 1995)/used_textures.xml
2026-06-28 02:23:07.843 ERROR [236963] [Texture::GetRawBitmap@1135] Corrupted file: image 'ramp' height (5) does not match the height (8) of the image datablock.
2026-06-28 02:23:08.188 INFO  [236814] [Player::Player@684] Initializing renderer
2026-06-28 02:23:08.188 INFO  [236814] [ProgressDialog::SetProgress@35] Initializing Renderer... 60%
2026-06-28 02:23:08.230 INFO  [236814] [Player::Player@709] Starting script
2026-06-28 02:23:08.233 INFO  [236814] [ScriptGlobalTable::GetTextFile@359] Reading script: /home/pinball/VPinballX_BGFX-10.8.1-5231-7ca174632-linux-x64/scripts/controller.vbs
2026-06-28 02:23:08.233 INFO  [236814] [VPXPluginAPIImpl::ApplyScriptCOMObjectOverrides@377] COM script object b2s.server overriden to be provided by a plugin
2026-06-28 02:23:08.233 INFO  [236814] [VPXPluginAPIImpl::ApplyScriptCOMObjectOverrides@377] COM script object vpinmame.controller overriden to be provided by a plugin
2026-06-28 02:23:08.233 INFO  [236814] [VPXPluginAPIImpl::ApplyScriptCOMObjectOverrides@377] COM script object vpinmame.controller overriden to be provided by a plugin
2026-06-28 02:23:08.233 INFO  [236814] [VPXPluginAPIImpl::ApplyScriptCOMObjectOverrides@377] COM script object b2s.server overriden to be provided by a plugin
2026-06-28 02:23:08.233 INFO  [236814] [VPXPluginAPIImpl::ApplyScriptCOMObjectOverrides@377] COM script object b2s.server overriden to be provided by a plugin
2026-06-28 02:23:08.234 INFO  [236814] [find_case_insensitive_file_path@630] case insensitive file match: requested "/home/pinball/VPinballX_BGFX-10.8.1-5231-7ca174632-linux-x64/scripts/WPC.VBS", actual "/home/pinball/VPinballX_BGFX-10.8.1-5231-7ca174632-linux-x64/scripts/WPC.vbs"
2026-06-28 02:23:08.234 INFO  [236814] [ScriptGlobalTable::GetTextFile@359] Reading script: /home/pinball/VPinballX_BGFX-10.8.1-5231-7ca174632-linux-x64/scripts/core.vbs
2026-06-28 02:23:08.241 INFO  [236814] [ScriptGlobalTable::GetTextFile@359] Reading script: /home/pinball/VPinballX_BGFX-10.8.1-5231-7ca174632-linux-x64/scripts/VPMKeys.vbs
2026-06-28 02:23:08.243 INFO  [236814] [PinMAME:PinMAME::OnLogMessage@230] PinmameSetConfig(): sampleRate=44100, vpmPath=/home/pinball/Tables/Attack from Mars (Bally 1995)/pinmame/
2026-06-28 02:23:08.243 INFO  [236814] [PinMAME:PinMAME::Controller::SetGameName@103] Game found: name=afm_113b, description=Attack From Mars (1.13b / S1.1), manufacturer=Bally, year=1999
2026-06-28 02:23:08.243 INFO  [236814] [B2SLegacy:B2SLegacy::PinMAMEAPI::HandleCall@97] Setting GameName to 'afm_113b' in B2S settings
2026-06-28 02:23:08.244 ERROR [236814] [PinMAME:PinMAME::Controller::SetShowTitle@140] ShowTitle is deprecated
2026-06-28 02:23:08.244 ERROR [236814] [PinMAME:PinMAME::Controller::SetShowDMDOnly@138] ShowDMDOnly is deprecated
2026-06-28 02:23:08.244 ERROR [236814] [PinMAME:PinMAME::Controller::SetShowFrame@136] ShowFrame is deprecated
2026-06-28 02:23:08.245 INFO  [236974] [PinMAME:PinMAME::OnLogMessage@230] osd_display_loading_rom_message(): loading afm_113b.bin...
2026-06-28 02:23:08.253 INFO  [236974] [PinMAME:PinMAME::OnLogMessage@230] osd_display_loading_rom_message(): loading afm_s2.l1   ...
2026-06-28 02:23:08.263 INFO  [236974] [PinMAME:PinMAME::OnLogMessage@230] osd_display_loading_rom_message(): loading afm_s3.l1   ...
2026-06-28 02:23:08.271 INFO  [236974] [PinMAME:PinMAME::OnLogMessage@230] osd_display_loading_rom_message(): loading afm_s4.l1   ...
2026-06-28 02:23:08.280 INFO  [236974] [PinMAME:PinMAME::OnLogMessage@230] osd_display_loading_rom_message():
2026-06-28 02:23:08.280 INFO  [236974] [PinMAME:PinMAME::OnLogMessage@230] osd_create_display: 60.00 fps
2026-06-28 02:23:08.296 INFO  [236974] [PinMAME:PinMAME::OnAudioAvailable@280] format=INT16, channels=1, sampleRate=44100.00, framesPerSecond=60.00, samplesPerFrame=735, bufferSize=16384
2026-06-28 02:23:08.319 INFO  [236814] [B2SLegacy:B2SLegacy::Server::Startup@1717] B2S table filename set to '/home/pinball/Tables/Attack from Mars (Bally 1995)/Attack from Mars (Midway 1995).vpx'
2026-06-28 02:23:08.319 INFO  [236814] [B2SLegacy:B2SLegacy::FormBackglass::LoadB2SData@336] directb2s file found at: /home/pinball/Tables/Attack from Mars (Bally 1995)/Attack from Mars (Midway 1995).directb2s
2026-06-28 02:23:09.938 INFO  [236814] [Renderer::RenderStaticPrepass@1702] Performing prerendering of static parts.
2026-06-28 02:23:09.938 INFO  [236814] [ProgressDialog::SetProgress@35] Prerendering Static Parts... 70%
2026-06-28 02:23:10.077 INFO  [236814] [ProgressDialog::SetProgress@35] Prerendering Static Parts... 71%
2026-06-28 02:23:10.088 INFO  [236814] [ProgressDialog::SetProgress@35] Prerendering Static Parts... 72%
2026-06-28 02:23:10.098 INFO  [236814] [ProgressDialog::SetProgress@35] Prerendering Static Parts... 73%
2026-06-28 02:23:10.111 INFO  [236814] [ProgressDialog::SetProgress@35] Prerendering Static Parts... 74%
2026-06-28 02:23:10.121 INFO  [236814] [ProgressDialog::SetProgress@35] Prerendering Static Parts... 75%
2026-06-28 02:23:10.131 INFO  [236814] [ProgressDialog::SetProgress@35] Prerendering Static Parts... 76%
2026-06-28 02:23:10.141 INFO  [236814] [ProgressDialog::SetProgress@35] Prerendering Static Parts... 77%
2026-06-28 02:23:10.154 INFO  [236814] [ProgressDialog::SetProgress@35] Prerendering Static Parts... 78%
2026-06-28 02:23:10.164 INFO  [236814] [ProgressDialog::SetProgress@35] Prerendering Static Parts... 79%
2026-06-28 02:23:10.174 INFO  [236814] [ProgressDialog::SetProgress@35] Prerendering Static Parts... 80%
2026-06-28 02:23:10.184 INFO  [236814] [ProgressDialog::SetProgress@35] Prerendering Static Parts... 81%
2026-06-28 02:23:10.197 INFO  [236814] [ProgressDialog::SetProgress@35] Prerendering Static Parts... 82%
2026-06-28 02:23:10.207 INFO  [236814] [ProgressDialog::SetProgress@35] Prerendering Static Parts... 83%
2026-06-28 02:23:10.217 INFO  [236814] [ProgressDialog::SetProgress@35] Prerendering Static Parts... 84%
2026-06-28 02:23:10.227 INFO  [236814] [ProgressDialog::SetProgress@35] Prerendering Static Parts... 85%
2026-06-28 02:23:10.240 INFO  [236814] [ProgressDialog::SetProgress@35] Prerendering Static Parts... 86%
2026-06-28 02:23:10.250 INFO  [236814] [ProgressDialog::SetProgress@35] Prerendering Static Parts... 87%
2026-06-28 02:23:10.260 INFO  [236814] [ProgressDialog::SetProgress@35] Prerendering Static Parts... 88%
2026-06-28 02:23:10.273 INFO  [236814] [ProgressDialog::SetProgress@35] Prerendering Static Parts... 89%
2026-06-28 02:23:10.283 INFO  [236814] [ProgressDialog::SetProgress@35] Prerendering Static Parts... 90%
2026-06-28 02:23:10.293 INFO  [236814] [ProgressDialog::SetProgress@35] Prerendering Static Parts... 91%
2026-06-28 02:23:10.303 INFO  [236814] [ProgressDialog::SetProgress@35] Prerendering Static Parts... 92%
2026-06-28 02:23:10.316 INFO  [236814] [ProgressDialog::SetProgress@35] Prerendering Static Parts... 93%
2026-06-28 02:23:10.326 INFO  [236814] [ProgressDialog::SetProgress@35] Prerendering Static Parts... 94%
2026-06-28 02:23:10.336 INFO  [236814] [ProgressDialog::SetProgress@35] Prerendering Static Parts... 95%
2026-06-28 02:23:10.346 INFO  [236814] [ProgressDialog::SetProgress@35] Prerendering Static Parts... 96%
2026-06-28 02:23:10.359 INFO  [236814] [ProgressDialog::SetProgress@35] Prerendering Static Parts... 97%
2026-06-28 02:23:10.369 INFO  [236814] [ProgressDialog::SetProgress@35] Prerendering Static Parts... 98%
2026-06-28 02:23:10.380 INFO  [236814] [ProgressDialog::SetProgress@35] Prerendering Static Parts... 99%
2026-06-28 02:23:10.390 INFO  [236814] [ProgressDialog::SetProgress@35] Prerendering Static Parts... 100%
2026-06-28 02:23:10.394 INFO  [236814] [Renderer::RenderStaticPrepass@1889] Starting Reflection Probe prerendering
2026-06-28 02:23:10.394 INFO  [236814] [Renderer::RenderStaticPrepass@1898] Static PreRender done
2026-06-28 02:23:10.413 INFO  [236814] [DOF:DOFPlugin::OnDevSrcChanged@279] OnDevSrcChanged - Found 145 PinMAME devices and 0 B2S devices
2026-06-28 02:23:10.413 INFO  [236814] [B2SLegacy:B2SLegacy::Server::OnDevSrcChanged@166] Device state updated - 145 devices
2026-06-28 02:23:10.413 INFO  [236814] [DOF:DOFPlugin::OnInputSrcChanged@309] OnInputSrcChanged - Found 104 PinMAME inputs
2026-06-28 02:23:10.413 INFO  [236814] [Serum:Serum::OnControllerGameStart@367] Loading from /home/pinball/Tables/Attack from Mars (Bally 1995)/pinmame/altcolor for afm_113b
2026-06-28 02:23:10.428 INFO  [236814] [DOF:DOFPlugin::OnControllerGameStart@210] OnControllerGameStart: gameId=afm_113b
2026-06-28 02:23:10.428 INFO  [236977] [DOF:DOFPlugin::OnDOFLog@89] Global config filename is "/home/pinball/.local/share/VPinballX/10.8/directoutputconfig/GlobalConfig_B2SServer.xml"
2026-06-28 02:23:10.428 INFO  [236977] [DOF:DOFPlugin::OnDOFLog@89] No global config file loaded
2026-06-28 02:23:10.428 INFO  [236814] [VNI:Vni::OnControllerGameStart@264] No PAL file found for afm_113b
2026-06-28 02:23:10.429 INFO  [236977] [DOF:DOFPlugin::OnDOFLog@89] Install folder lookup: executable: /home/pinball/VPinballX_BGFX-10.8.1-5231-7ca174632-linux-x64/VPinballX_BGFX, install folder: /home/pinball/VPinballX_BGFX-10.8.1-5231-7ca174632-linux-x64 (EXECUTABLE folder -> original flat install configuration)
2026-06-28 02:23:10.429 INFO  [236814] [AltSound:AltSound::OnControllerGameStart@215] Found altsound directory for game: afm_113b at /home/pinball/Tables/Attack from Mars (Bally 1995)/pinmame/altsound/afm_113b
2026-06-28 02:23:10.429 INFO  [236814] [AltSound:AltSound::StartAltSound@131] Initializing AltSound for game: afm_113b, basePath: /home/pinball/Tables/Attack from Mars (Bally 1995)/pinmame
2026-06-28 02:23:10.429 INFO  [236977] [DOF:DOFPlugin::OnDOFLog@89] Could not find or load the global config file /home/pinball/.local/share/VPinballX/10.8/directoutputconfig/GlobalConfig_B2SServer.xml
2026-06-28 02:23:10.429 INFO  [236977] [DOF:DOFPlugin::OnDOFLog@89] Loading Pinball parts
2026-06-28 02:23:10.429 INFO  [236977] [DOF:DOFPlugin::OnDOFLog@89] Loading cabinet
2026-06-28 02:23:10.429 INFO  [236977] [DOF:DOFPlugin::OnDOFLog@89] No cabinet config file loaded. Will use AutoConfig.
2026-06-28 02:23:10.430 INFO  [236814] [AltSound:AltSound::StartAltSound@148] AltSound initialized successfully for game: afm_113b
2026-06-28 02:23:10.445 INFO  [236977] [DOF:DOFPlugin::OnDOFLog@89] Pinscape device scan found 0 devices
2026-06-28 02:23:10.455 INFO  [236977] [DOF:DOFPlugin::OnDOFLog@89] Cabinet auto configuration started
2026-06-28 02:23:10.455 INFO  [236977] [DOF:DOFPlugin::OnDOFLog@89] Pinscape auto-configuration starting
2026-06-28 02:23:10.464 INFO  [236977] [DOF:DOFPlugin::OnDOFLog@89] Pinscape device scan found 0 devices
2026-06-28 02:23:10.464 INFO  [236977] [DOF:DOFPlugin::OnDOFLog@89] PinscapePico auto-configuration starting
2026-06-28 02:23:10.483 INFO  [236977] [DOF:DOFPlugin::OnDOFLog@89] DudesCab auto-configuration starting
2026-06-28 02:23:10.523 INFO  [236814] [Player::Player@791] Startup done
2026-06-28 02:23:10.539 WARN  [236814] [PinTable::StopSound@4174] Request to stop "fx_ballrolling7", but sound was not found.
2026-06-28 02:23:10.539 WARN  [236814] [PinTable::StopSound@4174] Request to stop "fx_ballrolling8", but sound was not found.
2026-06-28 02:23:10.539 WARN  [236814] [PinTable::StopSound@4174] Request to stop "fx_ballrolling9", but sound was not found.
2026-06-28 02:23:10.539 WARN  [236814] [PinTable::StopSound@4174] Request to stop "fx_ballrolling10", but sound was not found.
2026-06-28 02:23:10.539 WARN  [236814] [PinTable::StopSound@4174] Request to stop "fx_ballrolling11", but sound was not found.
2026-06-28 02:23:10.539 WARN  [236814] [PinTable::StopSound@4174] Request to stop "fx_ballrolling12", but sound was not found.
2026-06-28 02:23:10.539 WARN  [236814] [PinTable::StopSound@4174] Request to stop "fx_ballrolling13", but sound was not found.
2026-06-28 02:23:10.539 WARN  [236814] [PinTable::StopSound@4174] Request to stop "fx_ballrolling14", but sound was not found.
2026-06-28 02:23:10.539 WARN  [236814] [PinTable::StopSound@4174] Request to stop "fx_ballrolling15", but sound was not found.
2026-06-28 02:23:10.539 WARN  [236814] [PinTable::StopSound@4174] Request to stop "fx_ballrolling16", but sound was not found.
2026-06-28 02:23:10.539 WARN  [236814] [PinTable::StopSound@4174] Request to stop "fx_ballrolling17", but sound was not found.
2026-06-28 02:23:10.539 WARN  [236814] [PinTable::StopSound@4174] Request to stop "fx_ballrolling18", but sound was not found.
2026-06-28 02:23:10.539 WARN  [236814] [PinTable::StopSound@4174] Request to stop "fx_ballrolling19", but sound was not found.
2026-06-28 02:23:10.545 INFO  [236977] [DOF:DOFPlugin::OnDOFLog@89] Ultimate VPinball says : Beertime, DudesCab is Connected
2026-06-28 02:23:10.549 INFO  [236977] [DOF:DOFPlugin::OnDOFLog@89] DudesCab Controller Informations : Device [DudesCab,RID:3] Name [Ultimate VPinball], v2.0.4, unit #1, Max extensions 8
2026-06-28 02:23:10.553 INFO  [236977] [DOF:DOFPlugin::OnDOFLog@89]     Pwm Informations : Max outputs per extensions 16, Extension Mask 0x0
2026-06-28 02:23:10.553 INFO  [236977] [DOF:DOFPlugin::OnDOFLog@89]     Output configuration received, highest configured output is #0
2026-06-28 02:23:10.553 INFO  [236977] [DOF:DOFPlugin::OnDOFLog@89] Detected and added DudesCab Controller DudesCab Controller 01 with 0 outputs
2026-06-28 02:23:10.553 INFO  [236977] [DOF:DOFPlugin::OnDOFLog@89] Added LedwizEquivalent Nr. 90 with name DudesCab Controller 01 Equivalent 1 for DudesCab Controller with Unit 1
2026-06-28 02:23:10.553 INFO  [236977] [DOF:DOFPlugin::OnDOFLog@89] PacLed64 auto-configuration starting
2026-06-28 02:23:10.573 INFO  [236977] [DOF:DOFPlugin::OnDOFLog@89] PacDrive auto-configuration starting
2026-06-28 02:23:10.573 INFO  [236977] [DOF:DOFPlugin::OnDOFLog@89] PacUIO auto-configuration starting
2026-06-28 02:23:10.582 INFO  [236977] [DOF:DOFPlugin::OnDOFLog@89] FTDI auto-configuration starting
2026-06-28 02:23:10.588 INFO  [236977] [DOF:DOFPlugin::OnDOFLog@89] FTDI device scan found 0 devices
2026-06-28 02:23:11.053 INFO  [236977] [DOF:DOFPlugin::OnDOFLog@89] Cabinet auto configuration finished
2026-06-28 02:23:11.053 INFO  [236977] [DOF:DOFPlugin::OnDOFLog@89] Cabinet loaded
2026-06-28 02:23:11.053 INFO  [236977] [DOF:DOFPlugin::OnDOFLog@89] Loading table config
2026-06-28 02:23:11.053 INFO  [236977] [DOF:DOFPlugin::OnDOFLog@89] Will try to load configs from DirectOutput.ini or LedControl.ini file(s) for RomName afm_113b
2026-06-28 02:23:11.054 INFO  [236977] [DOF:DOFPlugin::OnDOFLog@89] Loading LedControl file /home/pinball/.local/share/VPinballX/10.8/directoutputconfig/directoutputconfig.ini
2026-06-28 02:23:11.064 INFO  [236977] [DOF:DOFPlugin::OnDOFLog@89] Min DOF Version is 0.8 for file /home/pinball/.local/share/VPinballX/10.8/directoutputconfig/directoutputconfig.ini
2026-06-28 02:23:11.064 INFO  [236977] [DOF:DOFPlugin::OnDOFLog@89] Resolving Table Variables
2026-06-28 02:23:11.064 INFO  [236977] [DOF:DOFPlugin::OnDOFLog@89] Resolving Global Variables
2026-06-28 02:23:11.496 INFO  [236814] [B2SLegacy:B2SLegacy::Server::TimerElapsed@336] B2S polling status: lamps=false, solenoids=false, giStrings=false, leds=false
2026-06-28 02:23:11.912 INFO  [236977] [DOF:DOFPlugin::OnDOFLog@89] Loading LedControl file /home/pinball/.local/share/VPinballX/10.8/directoutputconfig/directoutputconfig30.ini
2026-06-28 02:23:11.920 INFO  [236977] [DOF:DOFPlugin::OnDOFLog@89] Min DOF Version is 0.8 for file /home/pinball/.local/share/VPinballX/10.8/directoutputconfig/directoutputconfig30.ini
2026-06-28 02:23:11.920 INFO  [236977] [DOF:DOFPlugin::OnDOFLog@89] Resolving Table Variables
2026-06-28 02:23:11.921 INFO  [236977] [DOF:DOFPlugin::OnDOFLog@89] Resolving Global Variables
2026-06-28 02:23:12.706 INFO  [236977] [DOF:DOFPlugin::OnDOFLog@89] Loading LedControl file /home/pinball/.local/share/VPinballX/10.8/directoutputconfig/directoutputconfig90.ini
2026-06-28 02:23:12.706 INFO  [236977] [DOF:DOFPlugin::OnDOFLog@89] Min DOF Version is 0.8 for file /home/pinball/.local/share/VPinballX/10.8/directoutputconfig/directoutputconfig90.ini
2026-06-28 02:23:12.706 INFO  [236977] [DOF:DOFPlugin::OnDOFLog@89] Resolving Table Variables
2026-06-28 02:23:12.706 INFO  [236977] [DOF:DOFPlugin::OnDOFLog@89] Resolving Global Variables
2026-06-28 02:23:12.821 INFO  [236977] [DOF:DOFPlugin::OnDOFLog@89] 3 directoutputconfig.ini or ledcontrol.ini files loaded.
2026-06-28 02:23:12.822 INFO  [236977] [DOF:DOFPlugin::OnDOFLog@89] Config for RomName afm_113b exists in LedControl data. Updating cabinet and config.
2026-06-28 02:23:12.832 INFO  [236977] [DOF:DOFPlugin::OnDOFLog@89] Table config loading finished: romname=afm_113b, tablename=Attack from Mars (Midway 1995)
2026-06-28 02:23:12.832 INFO  [236977] [DOF:DOFPlugin::OnDOFLog@89] Pinball parts loaded
2026-06-28 02:23:12.832 INFO  [236977] [DOF:DOFPlugin::OnDOFLog@89] Starting processes
2026-06-28 02:23:12.832 INFO  [236977] [DOF:DOFPlugin::OnDOFLog@89] Initializing cabinet
2026-06-28 02:23:12.832 INFO  [236977] [DOF:DOFPlugin::OnDOFLog@89] Initializing output controllers
2026-06-28 02:23:12.832 INFO  [236977] [DOF:DOFPlugin::OnDOFLog@89] DudesCab DudesCab Controller 01 initialized and updater thread started.
2026-06-28 02:23:12.832 INFO  [236977] [DOF:DOFPlugin::OnDOFLog@89] Output controllers initialized
2026-06-28 02:23:12.832 INFO  [236977] [DOF:DOFPlugin::OnDOFLog@89] Initializing 1 toys
2026-06-28 02:23:12.832 INFO  [236985] [DOF:DOFPlugin::OnDOFLog@89] Updater thread started for DudesCab DudesCab Controller 01
2026-06-28 02:23:12.832 INFO  [236977] [DOF:DOFPlugin::OnDOFLog@89] Initializing LedWizEquivalent: DudesCab Controller 01 Equivalent 1 (LedWiz 90)
2026-06-28 02:23:12.832 INFO  [236985] [DOF:DOFPlugin::OnDOFLog@89] Updater thread connected to DudesCab DudesCab Controller 01
2026-06-28 02:23:12.832 INFO  [236977] [DOF:DOFPlugin::OnDOFLog@89] LedWizEquivalent 90: Resolved 0 of 0 outputs
2026-06-28 02:23:12.832 INFO  [236977] [DOF:DOFPlugin::OnDOFLog@89] LedWizEquivalent 90 initialized with 0 outputs
2026-06-28 02:23:12.832 INFO  [236977] [DOF:DOFPlugin::OnDOFLog@89] Cabinet initialized
2026-06-28 02:23:12.833 INFO  [236977] [DOF:DOFPlugin::OnDOFLog@89] Loading shape definition file: /home/pinball/.local/share/VPinballX/10.8/directoutputconfig/DirectOutputShapes.xml
2026-06-28 02:23:12.834 INFO  [236977] [DOF:DOFPlugin::OnDOFLog@89] Framework initialized.
2026-06-28 02:23:12.834 INFO  [236977] [DOF:DOFPlugin::OnDOFLog@89] Have fun! :)
2026-06-28 02:26:06.497 INFO  [236814] [MsgPI::MsgPlugin::Load@518] Plugin HelloWorld loaded (library: /home/pinball/VPinballX_BGFX-10.8.1-5231-7ca174632-linux-x64/plugins/helloworld/plugin-helloworld.so) [id=7]
2026-06-28 02:26:47.256 INFO  [236814] [MsgPI::MsgPlugin::Unload@548] Plugin ScoreView unloaded [id=9]
2026-06-28 02:26:48.120 INFO  [236814] [MsgPI::MsgPlugin::Load@518] Plugin ScoreView loaded (library: /home/pinball/VPinballX_BGFX-10.8.1-5231-7ca174632-linux-x64/plugins/scoreview/plugin-scoreview.so) [id=9]
2026-06-28 02:27:23.023 INFO  [236814] [MsgPI::MsgPlugin::Load@518] Plugin UpscaleDMD loaded (library: /home/pinball/VPinballX_BGFX-10.8.1-5231-7ca174632-linux-x64/plugins/upscaledmd/plugin-upscaledmd.so) [id=4]
2026-06-28 02:27:24.382 INFO  [236814] [MsgPI::MsgPlugin::Unload@548] Plugin UpscaleDMD unloaded [id=4]
2026-06-28 02:27:25.142 INFO  [236814] [MsgPI::MsgPlugin::Load@518] Plugin UpscaleDMD loaded (library: /home/pinball/VPinballX_BGFX-10.8.1-5231-7ca174632-linux-x64/plugins/upscaledmd/plugin-upscaledmd.so) [id=4]
2026-06-28 02:27:26.038 INFO  [236814] [UpscaleDMD:UpscaleDMD::OnDmdSrcChanged@420] DMD Upscaler source selected [endpointId=3.0, 128x32 fmt=3]
2026-06-28 02:27:32.582 INFO  [236814] [UpscaleDMD:UpscaleDMD::OnDmdSrcChanged@420] DMD Upscaler source selected [endpointId=0.0, 0x0 fmt=0]
2026-06-28 02:27:33.038 INFO  [236814] [UpscaleDMD:UpscaleDMD::OnDmdSrcChanged@420] DMD Upscaler source selected [endpointId=3.0, 128x32 fmt=3]
2026-06-28 02:27:33.494 INFO  [236814] [UpscaleDMD:UpscaleDMD::OnDmdSrcChanged@420] DMD Upscaler source selected [endpointId=0.0, 0x0 fmt=0]
2026-06-28 02:27:34.446 INFO  [236814] [UpscaleDMD:UpscaleDMD::OnDmdSrcChanged@420] DMD Upscaler source selected [endpointId=3.0, 128x32 fmt=3]
2026-06-28 02:27:37.646 INFO  [236814] [UpscaleDMD:UpscaleDMD::OnDmdSrcChanged@420] DMD Upscaler source selected [endpointId=0.0, 0x0 fmt=0]
2026-06-28 02:27:39.590 INFO  [236814] [UpscaleDMD:UpscaleDMD::OnDmdSrcChanged@420] DMD Upscaler source selected [endpointId=3.0, 128x32 fmt=3]
2026-06-28 02:27:41.590 INFO  [236814] [UpscaleDMD:UpscaleDMD::OnDmdSrcChanged@420] DMD Upscaler source selected [endpointId=0.0, 0x0 fmt=0]
2026-06-28 02:27:41.766 INFO  [236814] [UpscaleDMD:UpscaleDMD::OnDmdSrcChanged@420] DMD Upscaler source selected [endpointId=3.0, 128x32 fmt=3]
2026-06-28 02:27:45.366 INFO  [236814] [UpscaleDMD:UpscaleDMD::OnDmdSrcChanged@420] DMD Upscaler source selected [endpointId=0.0, 0x0 fmt=0]
2026-06-28 02:27:46.466 INFO  [236814] [MsgPI::MsgPlugin::Unload@548] Plugin UpscaleDMD unloaded [id=4]
2026-06-28 02:32:00.704 WARN  [236814] [PinTable::PlaySound@4156] Request to play "fx_motor2", but sound was not found.
2026-06-28 02:32:43.354 INFO  [236814] [Player::ApplyPlayingState@1201] Pausing Game
2026-06-28 02:33:01.019 INFO  [236814] [VPX::AudioPlayer::AudioPlayer@230] Backglass sound device was not found (), using default: CMI8738/CMI8768 PCI Audio (CMI8738/C3DX PCI Audio Device) Analog Stereo
2026-06-28 02:33:01.019 INFO  [236814] [ma_device_init__sdl@154] Audio device initialized. Device: 'CMI8738/CMI8768 PCI Audio (CMI8738/C3DX PCI Audio Device) Analog Stereo', Freq : 48000, Format: SDL_AUDIO_S16LE, Channels: 2, Driver: pipewire
2026-06-28 02:33:01.029 INFO  [236814] [ma_device_init__sdl@154] Audio device initialized. Device: 'Built-in Audio Analog Stereo', Freq : 48000, Format: SDL_AUDIO_S16LE, Channels: 2, Driver: pipewire
2026-06-28 02:33:02.274 INFO  [236814] [VPX::AudioPlayer::AudioPlayer@230] Backglass sound device was not found (), using default: CMI8738/CMI8768 PCI Audio (CMI8738/C3DX PCI Audio Device) Analog Stereo
2026-06-28 02:33:02.275 INFO  [236814] [ma_device_init__sdl@154] Audio device initialized. Device: 'CMI8738/CMI8768 PCI Audio (CMI8738/C3DX PCI Audio Device) Analog Stereo', Freq : 48000, Format: SDL_AUDIO_S16LE, Channels: 2, Driver: pipewire
2026-06-28 02:33:02.284 INFO  [236814] [ma_device_init__sdl@154] Audio device initialized. Device: 'GA104 High Definition Audio Controller Digital Stereo (HDMI)', Freq : 48000, Format: SDL_AUDIO_S16LE, Channels: 2, Driver: pipewire
2026-06-28 02:33:05.322 INFO  [236814] [VPX::AudioPlayer::AudioPlayer@230] Backglass sound device was not found (), using default: CMI8738/CMI8768 PCI Audio (CMI8738/C3DX PCI Audio Device) Analog Stereo
2026-06-28 02:33:05.323 INFO  [236814] [ma_device_init__sdl@154] Audio device initialized. Device: 'CMI8738/CMI8768 PCI Audio (CMI8738/C3DX PCI Audio Device) Analog Stereo', Freq : 48000, Format: SDL_AUDIO_S16LE, Channels: 2, Driver: pipewire
2026-06-28 02:33:05.323 INFO  [236814] [ma_device_init__sdl@154] Audio device initialized. Device: 'CMI8738/CMI8768 PCI Audio (CMI8738/C3DX PCI Audio Device) Analog Stereo', Freq : 48000, Format: SDL_AUDIO_S16LE, Channels: 2, Driver: pipewire
2026-06-28 02:33:06.538 INFO  [236814] [VPX::AudioPlayer::AudioPlayer@230] Backglass sound device was not found (), using default: CMI8738/CMI8768 PCI Audio (CMI8738/C3DX PCI Audio Device) Analog Stereo
2026-06-28 02:33:06.538 INFO  [236814] [ma_device_init__sdl@154] Audio device initialized. Device: 'CMI8738/CMI8768 PCI Audio (CMI8738/C3DX PCI Audio Device) Analog Stereo', Freq : 48000, Format: SDL_AUDIO_S16LE, Channels: 2, Driver: pipewire
2026-06-28 02:33:06.548 INFO  [236814] [ma_device_init__sdl@154] Audio device initialized. Device: 'Built-in Audio Analog Stereo', Freq : 48000, Format: SDL_AUDIO_S16LE, Channels: 2, Driver: pipewire
2026-06-28 02:33:10.978 INFO  [236814] [VPX::AudioPlayer::AudioPlayer@230] Backglass sound device was not found (), using default: CMI8738/CMI8768 PCI Audio (CMI8738/C3DX PCI Audio Device) Analog Stereo
2026-06-28 02:33:10.978 INFO  [236814] [ma_device_init__sdl@154] Audio device initialized. Device: 'CMI8738/CMI8768 PCI Audio (CMI8738/C3DX PCI Audio Device) Analog Stereo', Freq : 48000, Format: SDL_AUDIO_S16LE, Channels: 2, Driver: pipewire
2026-06-28 02:33:10.988 INFO  [236814] [ma_device_init__sdl@154] Audio device initialized. Device: 'GA104 High Definition Audio Controller Digital Stereo (HDMI)', Freq : 48000, Format: SDL_AUDIO_S16LE, Channels: 2, Driver: pipewire
2026-06-28 02:33:13.338 INFO  [236814] [VPX::AudioPlayer::AudioPlayer@230] Backglass sound device was not found (), using default: CMI8738/CMI8768 PCI Audio (CMI8738/C3DX PCI Audio Device) Analog Stereo
2026-06-28 02:33:13.338 INFO  [236814] [ma_device_init__sdl@154] Audio device initialized. Device: 'CMI8738/CMI8768 PCI Audio (CMI8738/C3DX PCI Audio Device) Analog Stereo', Freq : 48000, Format: SDL_AUDIO_S16LE, Channels: 2, Driver: pipewire
2026-06-28 02:33:13.338 INFO  [236814] [ma_device_init__sdl@154] Audio device initialized. Device: 'CMI8738/CMI8768 PCI Audio (CMI8738/C3DX PCI Audio Device) Analog Stereo', Freq : 48000, Format: SDL_AUDIO_S16LE, Channels: 2, Driver: pipewire
2026-06-28 02:33:14.514 INFO  [236814] [VPX::AudioPlayer::AudioPlayer@230] Backglass sound device was not found (), using default: CMI8738/CMI8768 PCI Audio (CMI8738/C3DX PCI Audio Device) Analog Stereo
2026-06-28 02:33:14.514 INFO  [236814] [ma_device_init__sdl@154] Audio device initialized. Device: 'CMI8738/CMI8768 PCI Audio (CMI8738/C3DX PCI Audio Device) Analog Stereo', Freq : 48000, Format: SDL_AUDIO_S16LE, Channels: 2, Driver: pipewire
2026-06-28 02:33:14.523 INFO  [236814] [ma_device_init__sdl@154] Audio device initialized. Device: 'Built-in Audio Analog Stereo', Freq : 48000, Format: SDL_AUDIO_S16LE, Channels: 2, Driver: pipewire
2026-06-28 02:33:15.770 INFO  [236814] [VPX::AudioPlayer::AudioPlayer@230] Backglass sound device was not found (), using default: CMI8738/CMI8768 PCI Audio (CMI8738/C3DX PCI Audio Device) Analog Stereo
2026-06-28 02:33:15.770 INFO  [236814] [ma_device_init__sdl@154] Audio device initialized. Device: 'CMI8738/CMI8768 PCI Audio (CMI8738/C3DX PCI Audio Device) Analog Stereo', Freq : 48000, Format: SDL_AUDIO_S16LE, Channels: 2, Driver: pipewire
2026-06-28 02:33:15.780 INFO  [236814] [ma_device_init__sdl@154] Audio device initialized. Device: 'GA104 High Definition Audio Controller Digital Stereo (HDMI)', Freq : 48000, Format: SDL_AUDIO_S16LE, Channels: 2, Driver: pipewire
2026-06-28 02:33:18.634 INFO  [236814] [VPX::AudioPlayer::AudioPlayer@226] Table sound device was not found (), using default: CMI8738/CMI8768 PCI Audio (CMI8738/C3DX PCI Audio Device) Analog Stereo
2026-06-28 02:33:18.634 INFO  [236814] [VPX::AudioPlayer::AudioPlayer@230] Backglass sound device was not found (), using default: CMI8738/CMI8768 PCI Audio (CMI8738/C3DX PCI Audio Device) Analog Stereo
2026-06-28 02:33:18.634 INFO  [236814] [ma_device_init__sdl@154] Audio device initialized. Device: 'CMI8738/CMI8768 PCI Audio (CMI8738/C3DX PCI Audio Device) Analog Stereo', Freq : 48000, Format: SDL_AUDIO_S16LE, Channels: 2, Driver: pipewire
2026-06-28 02:33:18.634 INFO  [236814] [ma_device_init__sdl@154] Audio device initialized. Device: 'CMI8738/CMI8768 PCI Audio (CMI8738/C3DX PCI Audio Device) Analog Stereo', Freq : 48000, Format: SDL_AUDIO_S16LE, Channels: 2, Driver: pipewire
2026-06-28 02:33:20.018 INFO  [236814] [VPX::AudioPlayer::AudioPlayer@226] Table sound device was not found (), using default: CMI8738/CMI8768 PCI Audio (CMI8738/C3DX PCI Audio Device) Analog Stereo
2026-06-28 02:33:20.018 INFO  [236814] [VPX::AudioPlayer::AudioPlayer@230] Backglass sound device was not found (), using default: CMI8738/CMI8768 PCI Audio (CMI8738/C3DX PCI Audio Device) Analog Stereo
2026-06-28 02:33:20.018 INFO  [236814] [ma_device_init__sdl@154] Audio device initialized. Device: 'CMI8738/CMI8768 PCI Audio (CMI8738/C3DX PCI Audio Device) Analog Stereo', Freq : 48000, Format: SDL_AUDIO_S16LE, Channels: 2, Driver: pipewire
2026-06-28 02:33:20.018 INFO  [236814] [ma_device_init__sdl@154] Audio device initialized. Device: 'CMI8738/CMI8768 PCI Audio (CMI8738/C3DX PCI Audio Device) Analog Stereo', Freq : 48000, Format: SDL_AUDIO_S16LE, Channels: 2, Driver: pipewire
2026-06-28 02:33:22.178 INFO  [236814] [VPX::AudioPlayer::AudioPlayer@226] Table sound device was not found (), using default: CMI8738/CMI8768 PCI Audio (CMI8738/C3DX PCI Audio Device) Analog Stereo
2026-06-28 02:33:22.178 INFO  [236814] [VPX::AudioPlayer::AudioPlayer@230] Backglass sound device was not found (), using default: CMI8738/CMI8768 PCI Audio (CMI8738/C3DX PCI Audio Device) Analog Stereo
2026-06-28 02:33:22.178 INFO  [236814] [ma_device_init__sdl@154] Audio device initialized. Device: 'CMI8738/CMI8768 PCI Audio (CMI8738/C3DX PCI Audio Device) Analog Stereo', Freq : 48000, Format: SDL_AUDIO_S16LE, Channels: 2, Driver: pipewire
2026-06-28 02:33:22.178 INFO  [236814] [ma_device_init__sdl@154] Audio device initialized. Device: 'CMI8738/CMI8768 PCI Audio (CMI8738/C3DX PCI Audio Device) Analog Stereo', Freq : 48000, Format: SDL_AUDIO_S16LE, Channels: 2, Driver: pipewire
2026-06-28 02:33:22.546 INFO  [236814] [VPX::AudioPlayer::AudioPlayer@226] Table sound device was not found (), using default: CMI8738/CMI8768 PCI Audio (CMI8738/C3DX PCI Audio Device) Analog Stereo
2026-06-28 02:33:22.546 INFO  [236814] [VPX::AudioPlayer::AudioPlayer@230] Backglass sound device was not found (), using default: CMI8738/CMI8768 PCI Audio (CMI8738/C3DX PCI Audio Device) Analog Stereo
2026-06-28 02:33:22.546 INFO  [236814] [ma_device_init__sdl@154] Audio device initialized. Device: 'CMI8738/CMI8768 PCI Audio (CMI8738/C3DX PCI Audio Device) Analog Stereo', Freq : 48000, Format: SDL_AUDIO_S16LE, Channels: 2, Driver: pipewire
2026-06-28 02:33:22.546 INFO  [236814] [ma_device_init__sdl@154] Audio device initialized. Device: 'CMI8738/CMI8768 PCI Audio (CMI8738/C3DX PCI Audio Device) Analog Stereo', Freq : 48000, Format: SDL_AUDIO_S16LE, Channels: 2, Driver: pipewire
2026-06-28 02:33:23.442 INFO  [236814] [VPX::AudioPlayer::AudioPlayer@226] Table sound device was not found (), using default: CMI8738/CMI8768 PCI Audio (CMI8738/C3DX PCI Audio Device) Analog Stereo
2026-06-28 02:33:23.442 INFO  [236814] [VPX::AudioPlayer::AudioPlayer@230] Backglass sound device was not found (), using default: CMI8738/CMI8768 PCI Audio (CMI8738/C3DX PCI Audio Device) Analog Stereo
2026-06-28 02:33:23.442 INFO  [236814] [ma_device_init__sdl@154] Audio device initialized. Device: 'CMI8738/CMI8768 PCI Audio (CMI8738/C3DX PCI Audio Device) Analog Stereo', Freq : 48000, Format: SDL_AUDIO_S16LE, Channels: 2, Driver: pipewire
2026-06-28 02:33:23.442 INFO  [236814] [ma_device_init__sdl@154] Audio device initialized. Device: 'CMI8738/CMI8768 PCI Audio (CMI8738/C3DX PCI Audio Device) Analog Stereo', Freq : 48000, Format: SDL_AUDIO_S16LE, Channels: 2, Driver: pipewire
2026-06-28 02:33:23.722 INFO  [236814] [VPX::AudioPlayer::AudioPlayer@226] Table sound device was not found (), using default: CMI8738/CMI8768 PCI Audio (CMI8738/C3DX PCI Audio Device) Analog Stereo
2026-06-28 02:33:23.722 INFO  [236814] [VPX::AudioPlayer::AudioPlayer@230] Backglass sound device was not found (), using default: CMI8738/CMI8768 PCI Audio (CMI8738/C3DX PCI Audio Device) Analog Stereo
2026-06-28 02:33:23.722 INFO  [236814] [ma_device_init__sdl@154] Audio device initialized. Device: 'CMI8738/CMI8768 PCI Audio (CMI8738/C3DX PCI Audio Device) Analog Stereo', Freq : 48000, Format: SDL_AUDIO_S16LE, Channels: 2, Driver: pipewire
2026-06-28 02:33:23.722 INFO  [236814] [ma_device_init__sdl@154] Audio device initialized. Device: 'CMI8738/CMI8768 PCI Audio (CMI8738/C3DX PCI Audio Device) Analog Stereo', Freq : 48000, Format: SDL_AUDIO_S16LE, Channels: 2, Driver: pipewire
2026-06-28 02:33:32.042 INFO  [236814] [VPX::AudioPlayer::AudioPlayer@230] Backglass sound device was not found (), using default: CMI8738/CMI8768 PCI Audio (CMI8738/C3DX PCI Audio Device) Analog Stereo
2026-06-28 02:33:32.042 INFO  [236814] [ma_device_init__sdl@154] Audio device initialized. Device: 'CMI8738/CMI8768 PCI Audio (CMI8738/C3DX PCI Audio Device) Analog Stereo', Freq : 48000, Format: SDL_AUDIO_S16LE, Channels: 2, Driver: pipewire
2026-06-28 02:33:32.051 INFO  [236814] [ma_device_init__sdl@154] Audio device initialized. Device: 'Built-in Audio Analog Stereo', Freq : 48000, Format: SDL_AUDIO_S16LE, Channels: 2, Driver: pipewire
2026-06-28 02:33:35.809 INFO  [236814] [VPX::AudioPlayer::AudioPlayer@230] Backglass sound device was not found (), using default: CMI8738/CMI8768 PCI Audio (CMI8738/C3DX PCI Audio Device) Analog Stereo
2026-06-28 02:33:35.809 INFO  [236814] [ma_device_init__sdl@154] Audio device initialized. Device: 'CMI8738/CMI8768 PCI Audio (CMI8738/C3DX PCI Audio Device) Analog Stereo', Freq : 48000, Format: SDL_AUDIO_S16LE, Channels: 2, Driver: pipewire
2026-06-28 02:33:35.819 INFO  [236814] [ma_device_init__sdl@154] Audio device initialized. Device: 'GA104 High Definition Audio Controller Digital Stereo (HDMI)', Freq : 48000, Format: SDL_AUDIO_S16LE, Channels: 2, Driver: pipewire
2026-06-28 02:33:46.937 INFO  [236814] [Renderer::RenderStaticPrepass@1898] Static PreRender done
2026-06-28 02:33:50.706 INFO  [236814] [Renderer::RenderStaticPrepass@1702] Performing prerendering of static parts.
2026-06-28 02:33:50.706 INFO  [236814] [ProgressDialog::SetProgress@35] Prerendering Static Parts... 70%
2026-06-28 02:33:50.738 INFO  [236814] [ProgressDialog::SetProgress@35] Prerendering Static Parts... 71%
2026-06-28 02:33:50.752 INFO  [236814] [ProgressDialog::SetProgress@35] Prerendering Static Parts... 72%
2026-06-28 02:33:50.765 INFO  [236814] [ProgressDialog::SetProgress@35] Prerendering Static Parts... 73%
2026-06-28 02:33:50.781 INFO  [236814] [ProgressDialog::SetProgress@35] Prerendering Static Parts... 74%
2026-06-28 02:33:50.794 INFO  [236814] [ProgressDialog::SetProgress@35] Prerendering Static Parts... 75%
2026-06-28 02:33:50.807 INFO  [236814] [ProgressDialog::SetProgress@35] Prerendering Static Parts... 76%
2026-06-28 02:33:50.820 INFO  [236814] [ProgressDialog::SetProgress@35] Prerendering Static Parts... 77%
2026-06-28 02:33:50.836 INFO  [236814] [ProgressDialog::SetProgress@35] Prerendering Static Parts... 78%
2026-06-28 02:33:50.849 INFO  [236814] [ProgressDialog::SetProgress@35] Prerendering Static Parts... 79%
2026-06-28 02:33:50.861 INFO  [236814] [ProgressDialog::SetProgress@35] Prerendering Static Parts... 80%
2026-06-28 02:33:50.875 INFO  [236814] [ProgressDialog::SetProgress@35] Prerendering Static Parts... 81%
2026-06-28 02:33:50.891 INFO  [236814] [ProgressDialog::SetProgress@35] Prerendering Static Parts... 82%
2026-06-28 02:33:50.904 INFO  [236814] [ProgressDialog::SetProgress@35] Prerendering Static Parts... 83%
2026-06-28 02:33:50.918 INFO  [236814] [ProgressDialog::SetProgress@35] Prerendering Static Parts... 84%
2026-06-28 02:33:50.931 INFO  [236814] [ProgressDialog::SetProgress@35] Prerendering Static Parts... 85%
2026-06-28 02:33:50.948 INFO  [236814] [ProgressDialog::SetProgress@35] Prerendering Static Parts... 86%
2026-06-28 02:33:50.962 INFO  [236814] [ProgressDialog::SetProgress@35] Prerendering Static Parts... 87%
2026-06-28 02:33:50.976 INFO  [236814] [ProgressDialog::SetProgress@35] Prerendering Static Parts... 88%
2026-06-28 02:33:50.993 INFO  [236814] [ProgressDialog::SetProgress@35] Prerendering Static Parts... 89%
2026-06-28 02:33:51.007 INFO  [236814] [ProgressDialog::SetProgress@35] Prerendering Static Parts... 90%
2026-06-28 02:33:51.021 INFO  [236814] [ProgressDialog::SetProgress@35] Prerendering Static Parts... 91%
2026-06-28 02:33:51.035 INFO  [236814] [ProgressDialog::SetProgress@35] Prerendering Static Parts... 92%
2026-06-28 02:33:51.053 INFO  [236814] [ProgressDialog::SetProgress@35] Prerendering Static Parts... 93%
2026-06-28 02:33:51.066 INFO  [236814] [ProgressDialog::SetProgress@35] Prerendering Static Parts... 94%
2026-06-28 02:33:51.080 INFO  [236814] [ProgressDialog::SetProgress@35] Prerendering Static Parts... 95%
2026-06-28 02:33:51.095 INFO  [236814] [ProgressDialog::SetProgress@35] Prerendering Static Parts... 96%
2026-06-28 02:33:51.112 INFO  [236814] [ProgressDialog::SetProgress@35] Prerendering Static Parts... 97%
2026-06-28 02:33:51.125 INFO  [236814] [ProgressDialog::SetProgress@35] Prerendering Static Parts... 98%
2026-06-28 02:33:51.138 INFO  [236814] [ProgressDialog::SetProgress@35] Prerendering Static Parts... 99%
2026-06-28 02:33:51.151 INFO  [236814] [ProgressDialog::SetProgress@35] Prerendering Static Parts... 100%
2026-06-28 02:33:51.156 INFO  [236814] [Renderer::RenderStaticPrepass@1889] Starting Reflection Probe prerendering
2026-06-28 02:33:51.156 INFO  [236814] [Renderer::RenderStaticPrepass@1898] Static PreRender done
2026-06-28 02:34:06.554 INFO  [236814] [Renderer::RenderStaticPrepass@1898] Static PreRender done
2026-06-28 02:34:18.389 INFO  [236814] [Renderer::RenderStaticPrepass@1702] Performing prerendering of static parts.
2026-06-28 02:34:18.389 INFO  [236814] [ProgressDialog::SetProgress@35] Prerendering Static Parts... 70%
2026-06-28 02:34:18.420 INFO  [236814] [ProgressDialog::SetProgress@35] Prerendering Static Parts... 71%
2026-06-28 02:34:18.433 INFO  [236814] [ProgressDialog::SetProgress@35] Prerendering Static Parts... 72%
2026-06-28 02:34:18.446 INFO  [236814] [ProgressDialog::SetProgress@35] Prerendering Static Parts... 73%
2026-06-28 02:34:18.462 INFO  [236814] [ProgressDialog::SetProgress@35] Prerendering Static Parts... 74%
2026-06-28 02:34:18.475 INFO  [236814] [ProgressDialog::SetProgress@35] Prerendering Static Parts... 75%
2026-06-28 02:34:18.488 INFO  [236814] [ProgressDialog::SetProgress@35] Prerendering Static Parts... 76%
2026-06-28 02:34:18.501 INFO  [236814] [ProgressDialog::SetProgress@35] Prerendering Static Parts... 77%
2026-06-28 02:34:18.518 INFO  [236814] [ProgressDialog::SetProgress@35] Prerendering Static Parts... 78%
2026-06-28 02:34:18.531 INFO  [236814] [ProgressDialog::SetProgress@35] Prerendering Static Parts... 79%
2026-06-28 02:34:18.544 INFO  [236814] [ProgressDialog::SetProgress@35] Prerendering Static Parts... 80%
2026-06-28 02:34:18.557 INFO  [236814] [ProgressDialog::SetProgress@35] Prerendering Static Parts... 81%
2026-06-28 02:34:18.573 INFO  [236814] [ProgressDialog::SetProgress@35] Prerendering Static Parts... 82%
2026-06-28 02:34:18.586 INFO  [236814] [ProgressDialog::SetProgress@35] Prerendering Static Parts... 83%
2026-06-28 02:34:18.599 INFO  [236814] [ProgressDialog::SetProgress@35] Prerendering Static Parts... 84%
2026-06-28 02:34:18.612 INFO  [236814] [ProgressDialog::SetProgress@35] Prerendering Static Parts... 85%
2026-06-28 02:34:18.628 INFO  [236814] [ProgressDialog::SetProgress@35] Prerendering Static Parts... 86%
2026-06-28 02:34:18.641 INFO  [236814] [ProgressDialog::SetProgress@35] Prerendering Static Parts... 87%
2026-06-28 02:34:18.654 INFO  [236814] [ProgressDialog::SetProgress@35] Prerendering Static Parts... 88%
2026-06-28 02:34:18.670 INFO  [236814] [ProgressDialog::SetProgress@35] Prerendering Static Parts... 89%
2026-06-28 02:34:18.683 INFO  [236814] [ProgressDialog::SetProgress@35] Prerendering Static Parts... 90%
2026-06-28 02:34:18.696 INFO  [236814] [ProgressDialog::SetProgress@35] Prerendering Static Parts... 91%
2026-06-28 02:34:18.709 INFO  [236814] [ProgressDialog::SetProgress@35] Prerendering Static Parts... 92%
2026-06-28 02:34:18.725 INFO  [236814] [ProgressDialog::SetProgress@35] Prerendering Static Parts... 93%
2026-06-28 02:34:18.738 INFO  [236814] [ProgressDialog::SetProgress@35] Prerendering Static Parts... 94%
2026-06-28 02:34:18.751 INFO  [236814] [ProgressDialog::SetProgress@35] Prerendering Static Parts... 95%
2026-06-28 02:34:18.764 INFO  [236814] [ProgressDialog::SetProgress@35] Prerendering Static Parts... 96%
2026-06-28 02:34:18.780 INFO  [236814] [ProgressDialog::SetProgress@35] Prerendering Static Parts... 97%
2026-06-28 02:34:18.793 INFO  [236814] [ProgressDialog::SetProgress@35] Prerendering Static Parts... 98%
2026-06-28 02:34:18.806 INFO  [236814] [ProgressDialog::SetProgress@35] Prerendering Static Parts... 99%
2026-06-28 02:34:18.819 INFO  [236814] [ProgressDialog::SetProgress@35] Prerendering Static Parts... 100%
2026-06-28 02:34:18.823 INFO  [236814] [Renderer::RenderStaticPrepass@1889] Starting Reflection Probe prerendering
2026-06-28 02:34:18.823 INFO  [236814] [Renderer::RenderStaticPrepass@1898] Static PreRender done
2026-06-28 02:35:26.220 INFO  [236814] [Player::ApplyPlayingState@1194] Unpausing Game
2026-06-28 02:40:38.308 INFO  [236814] [VPX::AudioPlayer::AudioPlayer@230] Backglass sound device was not found (), using default: CMI8738/CMI8768 PCI Audio (CMI8738/C3DX PCI Audio Device) Analog Stereo
2026-06-28 02:40:38.308 INFO  [236814] [ma_device_init__sdl@154] Audio device initialized. Device: 'CMI8738/CMI8768 PCI Audio (CMI8738/C3DX PCI Audio Device) Analog Stereo', Freq : 48000, Format: SDL_AUDIO_S16LE, Channels: 2, Driver: pipewire
2026-06-28 02:40:38.308 INFO  [236814] [ma_device_init__sdl@154] Audio device initialized. Device: 'CMI8738/CMI8768 PCI Audio (CMI8738/C3DX PCI Audio Device) Analog Stereo', Freq : 48000, Format: SDL_AUDIO_S16LE, Channels: 2, Driver: pipewire
2026-06-28 02:40:39.620 INFO  [236814] [VPX::AudioPlayer::AudioPlayer@230] Backglass sound device was not found (), using default: CMI8738/CMI8768 PCI Audio (CMI8738/C3DX PCI Audio Device) Analog Stereo
2026-06-28 02:40:39.620 INFO  [236814] [ma_device_init__sdl@154] Audio device initialized. Device: 'CMI8738/CMI8768 PCI Audio (CMI8738/C3DX PCI Audio Device) Analog Stereo', Freq : 48000, Format: SDL_AUDIO_S16LE, Channels: 2, Driver: pipewire
2026-06-28 02:40:39.630 INFO  [236814] [ma_device_init__sdl@154] Audio device initialized. Device: 'Built-in Audio Analog Stereo', Freq : 48000, Format: SDL_AUDIO_S16LE, Channels: 2, Driver: pipewire
2026-06-28 02:40:40.748 INFO  [236814] [VPX::AudioPlayer::AudioPlayer@230] Backglass sound device was not found (), using default: CMI8738/CMI8768 PCI Audio (CMI8738/C3DX PCI Audio Device) Analog Stereo
2026-06-28 02:40:40.748 INFO  [236814] [ma_device_init__sdl@154] Audio device initialized. Device: 'CMI8738/CMI8768 PCI Audio (CMI8738/C3DX PCI Audio Device) Analog Stereo', Freq : 48000, Format: SDL_AUDIO_S16LE, Channels: 2, Driver: pipewire
2026-06-28 02:40:40.758 INFO  [236814] [ma_device_init__sdl@154] Audio device initialized. Device: 'GA104 High Definition Audio Controller Digital Stereo (HDMI)', Freq : 48000, Format: SDL_AUDIO_S16LE, Channels: 2, Driver: pipewire
2026-06-28 02:40:41.595 INFO  [236814] [VPX::AudioPlayer::AudioPlayer@230] Backglass sound device was not found (), using default: CMI8738/CMI8768 PCI Audio (CMI8738/C3DX PCI Audio Device) Analog Stereo
2026-06-28 02:40:41.596 INFO  [236814] [ma_device_init__sdl@154] Audio device initialized. Device: 'CMI8738/CMI8768 PCI Audio (CMI8738/C3DX PCI Audio Device) Analog Stereo', Freq : 48000, Format: SDL_AUDIO_S16LE, Channels: 2, Driver: pipewire
2026-06-28 02:40:41.596 INFO  [236814] [ma_device_init__sdl@154] Audio device initialized. Device: 'CMI8738/CMI8768 PCI Audio (CMI8738/C3DX PCI Audio Device) Analog Stereo', Freq : 48000, Format: SDL_AUDIO_S16LE, Channels: 2, Driver: pipewire
2026-06-28 02:40:42.283 INFO  [236814] [VPX::AudioPlayer::AudioPlayer@230] Backglass sound device was not found (), using default: CMI8738/CMI8768 PCI Audio (CMI8738/C3DX PCI Audio Device) Analog Stereo
2026-06-28 02:40:42.283 INFO  [236814] [ma_device_init__sdl@154] Audio device initialized. Device: 'CMI8738/CMI8768 PCI Audio (CMI8738/C3DX PCI Audio Device) Analog Stereo', Freq : 48000, Format: SDL_AUDIO_S16LE, Channels: 2, Driver: pipewire
2026-06-28 02:40:42.293 INFO  [236814] [ma_device_init__sdl@154] Audio device initialized. Device: 'Built-in Audio Analog Stereo', Freq : 48000, Format: SDL_AUDIO_S16LE, Channels: 2, Driver: pipewire
2026-06-28 02:40:42.611 INFO  [236814] [VPX::AudioPlayer::AudioPlayer@230] Backglass sound device was not found (), using default: CMI8738/CMI8768 PCI Audio (CMI8738/C3DX PCI Audio Device) Analog Stereo
2026-06-28 02:40:42.611 INFO  [236814] [ma_device_init__sdl@154] Audio device initialized. Device: 'CMI8738/CMI8768 PCI Audio (CMI8738/C3DX PCI Audio Device) Analog Stereo', Freq : 48000, Format: SDL_AUDIO_S16LE, Channels: 2, Driver: pipewire
2026-06-28 02:40:42.621 INFO  [236814] [ma_device_init__sdl@154] Audio device initialized. Device: 'GA104 High Definition Audio Controller Digital Stereo (HDMI)', Freq : 48000, Format: SDL_AUDIO_S16LE, Channels: 2, Driver: pipewire
2026-06-28 02:40:43.611 INFO  [236814] [VPX::AudioPlayer::AudioPlayer@230] Backglass sound device was not found (), using default: CMI8738/CMI8768 PCI Audio (CMI8738/C3DX PCI Audio Device) Analog Stereo
2026-06-28 02:40:43.611 INFO  [236814] [ma_device_init__sdl@154] Audio device initialized. Device: 'CMI8738/CMI8768 PCI Audio (CMI8738/C3DX PCI Audio Device) Analog Stereo', Freq : 48000, Format: SDL_AUDIO_S16LE, Channels: 2, Driver: pipewire
2026-06-28 02:40:43.612 INFO  [236814] [ma_device_init__sdl@154] Audio device initialized. Device: 'CMI8738/CMI8768 PCI Audio (CMI8738/C3DX PCI Audio Device) Analog Stereo', Freq : 48000, Format: SDL_AUDIO_S16LE, Channels: 2, Driver: pipewire
2026-06-28 02:40:44.659 INFO  [236814] [VPX::AudioPlayer::AudioPlayer@230] Backglass sound device was not found (), using default: CMI8738/CMI8768 PCI Audio (CMI8738/C3DX PCI Audio Device) Analog Stereo
2026-06-28 02:40:44.660 INFO  [236814] [ma_device_init__sdl@154] Audio device initialized. Device: 'CMI8738/CMI8768 PCI Audio (CMI8738/C3DX PCI Audio Device) Analog Stereo', Freq : 48000, Format: SDL_AUDIO_S16LE, Channels: 2, Driver: pipewire
2026-06-28 02:40:44.669 INFO  [236814] [ma_device_init__sdl@154] Audio device initialized. Device: 'Built-in Audio Analog Stereo', Freq : 48000, Format: SDL_AUDIO_S16LE, Channels: 2, Driver: pipewire
2026-06-28 02:40:52.651 INFO  [236814] [VPX::AudioPlayer::AudioPlayer@226] Table sound device was not found (), using default: CMI8738/CMI8768 PCI Audio (CMI8738/C3DX PCI Audio Device) Analog Stereo
2026-06-28 02:40:52.662 INFO  [236814] [ma_device_init__sdl@154] Audio device initialized. Device: 'GA104 High Definition Audio Controller Digital Stereo (HDMI)', Freq : 48000, Format: SDL_AUDIO_S16LE, Channels: 2, Driver: pipewire
2026-06-28 02:40:52.662 INFO  [236814] [ma_device_init__sdl@154] Audio device initialized. Device: 'CMI8738/CMI8768 PCI Audio (CMI8738/C3DX PCI Audio Device) Analog Stereo', Freq : 48000, Format: SDL_AUDIO_S16LE, Channels: 2, Driver: pipewire
2026-06-28 02:40:52.663 INFO  [236814] [VPX::AudioPlayer::AudioPlayer@230] Backglass sound device was not found (), using default: CMI8738/CMI8768 PCI Audio (CMI8738/C3DX PCI Audio Device) Analog Stereo
2026-06-28 02:40:52.663 INFO  [236814] [ma_device_init__sdl@154] Audio device initialized. Device: 'CMI8738/CMI8768 PCI Audio (CMI8738/C3DX PCI Audio Device) Analog Stereo', Freq : 48000, Format: SDL_AUDIO_S16LE, Channels: 2, Driver: pipewire
2026-06-28 02:40:52.663 INFO  [236814] [ma_device_init__sdl@154] Audio device initialized. Device: 'GA104 High Definition Audio Controller Digital Stereo (HDMI)', Freq : 48000, Format: SDL_AUDIO_S16LE, Channels: 2, Driver: pipewire
2026-06-28 02:40:52.665 INFO  [236814] [VPX::AudioPlayer::AudioPlayer@226] Table sound device was not found (), using default: CMI8738/CMI8768 PCI Audio (CMI8738/C3DX PCI Audio Device) Analog Stereo
2026-06-28 02:40:52.665 INFO  [236814] [ma_device_init__sdl@154] Audio device initialized. Device: 'GA104 High Definition Audio Controller Digital Stereo (HDMI)', Freq : 48000, Format: SDL_AUDIO_S16LE, Channels: 2, Driver: pipewire
2026-06-28 02:40:52.665 INFO  [236814] [ma_device_init__sdl@154] Audio device initialized. Device: 'CMI8738/CMI8768 PCI Audio (CMI8738/C3DX PCI Audio Device) Analog Stereo', Freq : 48000, Format: SDL_AUDIO_S16LE, Channels: 2, Driver: pipewire
2026-06-28 02:40:52.665 INFO  [236814] [VPX::AudioPlayer::AudioPlayer@230] Backglass sound device was not found (), using default: CMI8738/CMI8768 PCI Audio (CMI8738/C3DX PCI Audio Device) Analog Stereo
2026-06-28 02:40:52.665 INFO  [236814] [ma_device_init__sdl@154] Audio device initialized. Device: 'CMI8738/CMI8768 PCI Audio (CMI8738/C3DX PCI Audio Device) Analog Stereo', Freq : 48000, Format: SDL_AUDIO_S16LE, Channels: 2, Driver: pipewire
2026-06-28 02:40:52.665 INFO  [236814] [ma_device_init__sdl@154] Audio device initialized. Device: 'GA104 High Definition Audio Controller Digital Stereo (HDMI)', Freq : 48000, Format: SDL_AUDIO_S16LE, Channels: 2, Driver: pipewire
2026-06-28 02:40:52.671 INFO  [236814] [VPX::AudioPlayer::AudioPlayer@226] Table sound device was not found (), using default: CMI8738/CMI8768 PCI Audio (CMI8738/C3DX PCI Audio Device) Analog Stereo
2026-06-28 02:40:52.671 INFO  [236814] [ma_device_init__sdl@154] Audio device initialized. Device: 'GA104 High Definition Audio Controller Digital Stereo (HDMI)', Freq : 48000, Format: SDL_AUDIO_S16LE, Channels: 2, Driver: pipewire
2026-06-28 02:40:52.671 INFO  [236814] [ma_device_init__sdl@154] Audio device initialized. Device: 'CMI8738/CMI8768 PCI Audio (CMI8738/C3DX PCI Audio Device) Analog Stereo', Freq : 48000, Format: SDL_AUDIO_S16LE, Channels: 2, Driver: pipewire
2026-06-28 02:40:52.671 INFO  [236814] [VPX::AudioPlayer::AudioPlayer@230] Backglass sound device was not found (), using default: CMI8738/CMI8768 PCI Audio (CMI8738/C3DX PCI Audio Device) Analog Stereo
2026-06-28 02:40:52.671 INFO  [236814] [ma_device_init__sdl@154] Audio device initialized. Device: 'CMI8738/CMI8768 PCI Audio (CMI8738/C3DX PCI Audio Device) Analog Stereo', Freq : 48000, Format: SDL_AUDIO_S16LE, Channels: 2, Driver: pipewire
2026-06-28 02:40:52.671 INFO  [236814] [ma_device_init__sdl@154] Audio device initialized. Device: 'GA104 High Definition Audio Controller Digital Stereo (HDMI)', Freq : 48000, Format: SDL_AUDIO_S16LE, Channels: 2, Driver: pipewire
2026-06-28 02:40:52.688 INFO  [236814] [VPX::AudioPlayer::AudioPlayer@226] Table sound device was not found (), using default: CMI8738/CMI8768 PCI Audio (CMI8738/C3DX PCI Audio Device) Analog Stereo
2026-06-28 02:40:52.688 INFO  [236814] [ma_device_init__sdl@154] Audio device initialized. Device: 'GA104 High Definition Audio Controller Digital Stereo (HDMI)', Freq : 48000, Format: SDL_AUDIO_S16LE, Channels: 2, Driver: pipewire
2026-06-28 02:40:52.688 INFO  [236814] [ma_device_init__sdl@154] Audio device initialized. Device: 'CMI8738/CMI8768 PCI Audio (CMI8738/C3DX PCI Audio Device) Analog Stereo', Freq : 48000, Format: SDL_AUDIO_S16LE, Channels: 2, Driver: pipewire
2026-06-28 02:40:52.688 INFO  [236814] [VPX::AudioPlayer::AudioPlayer@230] Backglass sound device was not found (), using default: CMI8738/CMI8768 PCI Audio (CMI8738/C3DX PCI Audio Device) Analog Stereo
2026-06-28 02:40:52.688 INFO  [236814] [ma_device_init__sdl@154] Audio device initialized. Device: 'CMI8738/CMI8768 PCI Audio (CMI8738/C3DX PCI Audio Device) Analog Stereo', Freq : 48000, Format: SDL_AUDIO_S16LE, Channels: 2, Driver: pipewire
2026-06-28 02:40:52.688 INFO  [236814] [ma_device_init__sdl@154] Audio device initialized. Device: 'GA104 High Definition Audio Controller Digital Stereo (HDMI)', Freq : 48000, Format: SDL_AUDIO_S16LE, Channels: 2, Driver: pipewire
2026-06-28 02:40:52.704 INFO  [236814] [VPX::AudioPlayer::AudioPlayer@226] Table sound device was not found (), using default: CMI8738/CMI8768 PCI Audio (CMI8738/C3DX PCI Audio Device) Analog Stereo
2026-06-28 02:40:52.704 INFO  [236814] [ma_device_init__sdl@154] Audio device initialized. Device: 'GA104 High Definition Audio Controller Digital Stereo (HDMI)', Freq : 48000, Format: SDL_AUDIO_S16LE, Channels: 2, Driver: pipewire
2026-06-28 02:40:52.704 INFO  [236814] [ma_device_init__sdl@154] Audio device initialized. Device: 'CMI8738/CMI8768 PCI Audio (CMI8738/C3DX PCI Audio Device) Analog Stereo', Freq : 48000, Format: SDL_AUDIO_S16LE, Channels: 2, Driver: pipewire
2026-06-28 02:40:52.704 INFO  [236814] [VPX::AudioPlayer::AudioPlayer@230] Backglass sound device was not found (), using default: CMI8738/CMI8768 PCI Audio (CMI8738/C3DX PCI Audio Device) Analog Stereo
2026-06-28 02:40:52.704 INFO  [236814] [ma_device_init__sdl@154] Audio device initialized. Device: 'CMI8738/CMI8768 PCI Audio (CMI8738/C3DX PCI Audio Device) Analog Stereo', Freq : 48000, Format: SDL_AUDIO_S16LE, Channels: 2, Driver: pipewire
2026-06-28 02:40:52.704 INFO  [236814] [ma_device_init__sdl@154] Audio device initialized. Device: 'GA104 High Definition Audio Controller Digital Stereo (HDMI)', Freq : 48000, Format: SDL_AUDIO_S16LE, Channels: 2, Driver: pipewire
2026-06-28 02:40:52.721 INFO  [236814] [VPX::AudioPlayer::AudioPlayer@226] Table sound device was not found (), using default: CMI8738/CMI8768 PCI Audio (CMI8738/C3DX PCI Audio Device) Analog Stereo
2026-06-28 02:40:52.721 INFO  [236814] [ma_device_init__sdl@154] Audio device initialized. Device: 'GA104 High Definition Audio Controller Digital Stereo (HDMI)', Freq : 48000, Format: SDL_AUDIO_S16LE, Channels: 2, Driver: pipewire
2026-06-28 02:40:52.721 INFO  [236814] [ma_device_init__sdl@154] Audio device initialized. Device: 'CMI8738/CMI8768 PCI Audio (CMI8738/C3DX PCI Audio Device) Analog Stereo', Freq : 48000, Format: SDL_AUDIO_S16LE, Channels: 2, Driver: pipewire
2026-06-28 02:40:52.721 INFO  [236814] [VPX::AudioPlayer::AudioPlayer@230] Backglass sound device was not found (), using default: CMI8738/CMI8768 PCI Audio (CMI8738/C3DX PCI Audio Device) Analog Stereo
2026-06-28 02:40:52.721 INFO  [236814] [ma_device_init__sdl@154] Audio device initialized. Device: 'CMI8738/CMI8768 PCI Audio (CMI8738/C3DX PCI Audio Device) Analog Stereo', Freq : 48000, Format: SDL_AUDIO_S16LE, Channels: 2, Driver: pipewire
2026-06-28 02:40:52.721 INFO  [236814] [ma_device_init__sdl@154] Audio device initialized. Device: 'GA104 High Definition Audio Controller Digital Stereo (HDMI)', Freq : 48000, Format: SDL_AUDIO_S16LE, Channels: 2, Driver: pipewire
2026-06-28 02:40:52.737 INFO  [236814] [VPX::AudioPlayer::AudioPlayer@226] Table sound device was not found (), using default: CMI8738/CMI8768 PCI Audio (CMI8738/C3DX PCI Audio Device) Analog Stereo
2026-06-28 02:40:52.738 INFO  [236814] [ma_device_init__sdl@154] Audio device initialized. Device: 'GA104 High Definition Audio Controller Digital Stereo (HDMI)', Freq : 48000, Format: SDL_AUDIO_S16LE, Channels: 2, Driver: pipewire
2026-06-28 02:40:52.738 INFO  [236814] [ma_device_init__sdl@154] Audio device initialized. Device: 'CMI8738/CMI8768 PCI Audio (CMI8738/C3DX PCI Audio Device) Analog Stereo', Freq : 48000, Format: SDL_AUDIO_S16LE, Channels: 2, Driver: pipewire
2026-06-28 02:40:52.738 INFO  [236814] [VPX::AudioPlayer::AudioPlayer@230] Backglass sound device was not found (), using default: CMI8738/CMI8768 PCI Audio (CMI8738/C3DX PCI Audio Device) Analog Stereo
2026-06-28 02:40:52.738 INFO  [236814] [ma_device_init__sdl@154] Audio device initialized. Device: 'CMI8738/CMI8768 PCI Audio (CMI8738/C3DX PCI Audio Device) Analog Stereo', Freq : 48000, Format: SDL_AUDIO_S16LE, Channels: 2, Driver: pipewire
2026-06-28 02:40:52.738 INFO  [236814] [ma_device_init__sdl@154] Audio device initialized. Device: 'GA104 High Definition Audio Controller Digital Stereo (HDMI)', Freq : 48000, Format: SDL_AUDIO_S16LE, Channels: 2, Driver: pipewire
2026-06-28 02:40:56.819 INFO  [236814] [VPX::AudioPlayer::AudioPlayer@230] Backglass sound device was not found (), using default: CMI8738/CMI8768 PCI Audio (CMI8738/C3DX PCI Audio Device) Analog Stereo
2026-06-28 02:40:56.819 INFO  [236814] [ma_device_init__sdl@154] Audio device initialized. Device: 'CMI8738/CMI8768 PCI Audio (CMI8738/C3DX PCI Audio Device) Analog Stereo', Freq : 48000, Format: SDL_AUDIO_S16LE, Channels: 2, Driver: pipewire
2026-06-28 02:40:56.819 INFO  [236814] [ma_device_init__sdl@154] Audio device initialized. Device: 'CMI8738/CMI8768 PCI Audio (CMI8738/C3DX PCI Audio Device) Analog Stereo', Freq : 48000, Format: SDL_AUDIO_S16LE, Channels: 2, Driver: pipewire
2026-06-28 02:40:57.523 INFO  [236814] [VPX::AudioPlayer::AudioPlayer@230] Backglass sound device was not found (), using default: CMI8738/CMI8768 PCI Audio (CMI8738/C3DX PCI Audio Device) Analog Stereo
2026-06-28 02:40:57.523 INFO  [236814] [ma_device_init__sdl@154] Audio device initialized. Device: 'CMI8738/CMI8768 PCI Audio (CMI8738/C3DX PCI Audio Device) Analog Stereo', Freq : 48000, Format: SDL_AUDIO_S16LE, Channels: 2, Driver: pipewire
2026-06-28 02:40:57.533 INFO  [236814] [ma_device_init__sdl@154] Audio device initialized. Device: 'Built-in Audio Analog Stereo', Freq : 48000, Format: SDL_AUDIO_S16LE, Channels: 2, Driver: pipewire
2026-06-28 02:41:08.479 INFO  [236814] [Player::~Player@832] Closing player...
2026-06-28 02:41:08.496 INFO  [236814] [MsgPI::MsgPlugin::Unload@548] Plugin vpx unloaded [id=1]
2026-06-28 02:41:08.497 INFO  [236814] [MsgPI::MsgPlugin::Unload@548] Plugin Serum unloaded [id=3]
2026-06-28 02:41:08.503 INFO  [236977] [DOF:DOFPlugin::OnDOFLog@89] Finishing framework
2026-06-28 02:41:08.503 INFO  [236977] [DOF:DOFPlugin::OnDOFLog@89] Finishing cabinet
2026-06-28 02:41:08.503 INFO  [236977] [DOF:DOFPlugin::OnDOFLog@89] Finishing 1 toys
2026-06-28 02:41:08.503 INFO  [236977] [DOF:DOFPlugin::OnDOFLog@89] Finishing LedWizEquivalent: DudesCab Controller 01 Equivalent 1 (LedWiz 90)
2026-06-28 02:41:08.503 INFO  [236977] [DOF:DOFPlugin::OnDOFLog@89] Finishing output controllers
2026-06-28 02:41:08.504 INFO  [236985] [DOF:DOFPlugin::OnDOFLog@89] Updater thread disconnected and will terminate
2026-06-28 02:41:08.514 INFO  [236977] [DOF:DOFPlugin::OnDOFLog@89] DudesCab DudesCab Controller 01 finished and updater thread stopped.
2026-06-28 02:41:08.515 INFO  [236977] [DOF:DOFPlugin::OnDOFLog@89] Output controllers finished
2026-06-28 02:41:08.515 INFO  [236977] [DOF:DOFPlugin::OnDOFLog@89] Cabinet finished
2026-06-28 02:41:08.515 INFO  [236977] [DOF:DOFPlugin::OnDOFLog@89] DirectOutput framework finished.
2026-06-28 02:41:08.515 INFO  [236977] [DOF:DOFPlugin::OnDOFLog@89] Bye and thanks for using!
2026-06-28 02:41:08.515 INFO  [236814] [DOF:DOFPlugin::OnDOFLog@89] DudesCab DudesCab Controller 01 finished and updater thread stopped.
2026-06-28 02:41:08.516 INFO  [236814] [MsgPI::MsgPlugin::Unload@548] Plugin DOF unloaded [id=5]
2026-06-28 02:41:08.520 INFO  [236814] [MsgPI::MsgPlugin::Unload@548] Plugin PinMAME unloaded [id=6]
2026-06-28 02:41:08.520 INFO  [236814] [MsgPI::MsgPlugin::Unload@548] Plugin HelloWorld unloaded [id=7]
2026-06-28 02:41:08.520 INFO  [236814] [MsgPI::MsgPlugin::Unload@548] Plugin B2SLegacy unloaded [id=8]
2026-06-28 02:41:08.520 INFO  [236814] [MsgPI::MsgPlugin::Unload@548] Plugin ScoreView unloaded [id=9]
2026-06-28 02:41:08.520 INFO  [236814] [MsgPI::MsgPlugin::Unload@548] Plugin PUP unloaded [id=11]
2026-06-28 02:41:08.520 INFO  [236814] [MsgPI::MsgPlugin::Unload@548] Plugin VNI unloaded [id=12]
2026-06-28 02:41:08.521 INFO  [236814] [MsgPI::MsgPlugin::Unload@548] Plugin FlexDMD unloaded [id=13]
2026-06-28 02:41:08.521 INFO  [236814] [MsgPI::MsgPlugin::Unload@548] Plugin WMP unloaded [id=16]
2026-06-28 02:41:08.521 INFO  [236814] [MsgPI::MsgPlugin::Unload@548] Plugin AltSound unloaded [id=17]
2026-06-28 02:41:08.885 INFO  [236814] [Player::~Player@1075] Player closed.
2026-06-28 02:41:08.930 INFO  [236814] [WinMain@232] Closing VPX...


