[2026-08-18 14:40:32] JOB 20260818-144032-94c9b06a - 2 table(s)
[2026-08-18 14:40:32] VPinFE actif avant batch: True
[2026-08-18 14:40:43] systemctl stop pincabos-vpinfe.service: rc=0

[2026-08-18 14:40:43] ===== TABLE 1/2 =====
/home/pinball/Tables/'300' (Gottlieb 1975)/300 (1975).vpx

$ /opt/pincabos/web/recorder.py --table "/home/pinball/Tables/'300' (Gottlieb 1975)/300 (1975).vpx" --screens playfield,backglass,fulldmd --type video --wait 20.0 --duration 8.0 --fps 30 --quality medium --encoder auto --source auto --mode auto -v
14:40:43 [DEBUG] CMD: ffmpeg -hide_banner -encoders
14:40:43 [INFO] PinCabOS recorder.py 1.0.0
14:40:43 [INFO] DISPLAY=:0 XAUTHORITY=/home/pinball/.Xauthority
14:40:43 [INFO] Tables: 1
14:40:43 [INFO] Écrans: playfield, backglass, fulldmd
14:40:43 [INFO] Type: video
14:40:43 [INFO] Vidéo: 8.0s @ 30fps, qualité=medium, encodeur=h264_nvenc
14:40:43 [INFO] ========================================================================
14:40:43 [INFO] [1/1] /home/pinball/Tables/'300' (Gottlieb 1975)/300 (1975).vpx
14:40:43 [INFO] ========================================================================
14:40:43 [DEBUG] CMD: /usr/bin/python3 /opt/pincabos/launchers/pincabos-detect-table-modes.py '/home/pinball/Tables/'"'"'300'"'"' (Gottlieb 1975)/300 (1975).vpx'
14:40:43 [DEBUG] CMD: id -u pinball
14:40:43 [INFO] Lancement 300 (1975).vpx [original]
14:40:43 [DEBUG] CMD: wmctrl -lGx
14:40:44 [DEBUG] CMD: wmctrl -lGx
14:40:44 [DEBUG] CMD: wmctrl -lGx
14:40:45 [DEBUG] CMD: wmctrl -lGx
14:40:45 [DEBUG] CMD: wmctrl -lGx
14:40:46 [DEBUG] CMD: wmctrl -lGx
14:40:46 [DEBUG] CMD: wmctrl -lGx
14:40:47 [DEBUG] CMD: wmctrl -lGx
14:40:47 [DEBUG] CMD: wmctrl -lGx
14:40:48 [DEBUG] CMD: wmctrl -lGx
14:40:48 [DEBUG] CMD: wmctrl -lGx
14:40:49 [DEBUG] CMD: wmctrl -lGx
14:40:49 [DEBUG] CMD: wmctrl -lGx
14:40:50 [DEBUG] CMD: wmctrl -lGx
14:40:50 [DEBUG] CMD: wmctrl -lGx
14:40:50 [DEBUG] CMD: xrandr --query
14:40:50 [DEBUG] CMD: wmctrl -lGx
14:40:50 [INFO] Source préparée playfield -> screen HDMI-0 3840x2160+0+0
14:40:50 [INFO] Source préparée backglass -> screen DP-1 1920x1080+5760+0
14:40:50 [INFO] Source préparée fulldmd -> screen DP-2 1920x1200+3840+0
14:40:50 [INFO] VPX prêt. Attente capture: 20.0 seconde(s)
14:41:10 [INFO] playfield -> screen HDMI-0 3840x2160+0+0
14:41:10 [INFO] backglass -> screen DP-1 1920x1080+5760+0
14:41:10 [INFO] fulldmd -> screen DP-2 1920x1200+3840+0
14:41:10 [DEBUG] playfield ffmpeg: ffmpeg -y -hide_banner -nostdin -loglevel error -f x11grab -draw_mouse 0 -framerate 30 -video_size 3840x2160 -i :0+0,0 -t 8.000 -an -c:v h264_nvenc -preset p4 -rc vbr -cq 25 -b:v 0 -pix_fmt yuv420p -movflags +faststart '/home/pinball/Tables/'"'"'300'"'"' (Gottlieb 1975)/medias/.recorder-playfield-q5xbp9f2.mp4'
14:41:10 [DEBUG] backglass ffmpeg: ffmpeg -y -hide_banner -nostdin -loglevel error -f x11grab -draw_mouse 0 -framerate 30 -video_size 1920x1080 -i :0+5760,0 -t 8.000 -an -c:v h264_nvenc -preset p4 -rc vbr -cq 25 -b:v 0 -pix_fmt yuv420p -movflags +faststart '/home/pinball/Tables/'"'"'300'"'"' (Gottlieb 1975)/medias/.recorder-backglass-j4eipkbj.mp4'
14:41:10 [DEBUG] fulldmd ffmpeg: ffmpeg -y -hide_banner -nostdin -loglevel error -f x11grab -draw_mouse 0 -framerate 30 -video_size 1920x1200 -i :0+3840,0 -t 8.000 -an -c:v h264_nvenc -preset p4 -rc vbr -cq 25 -b:v 0 -pix_fmt yuv420p -movflags +faststart '/home/pinball/Tables/'"'"'300'"'"' (Gottlieb 1975)/medias/.recorder-fulldmd-cwj5rmvy.mp4'
14:41:19 [DEBUG] CMD: ffprobe -v error -show_entries format=duration:stream=codec_type,width,height,nb_frames -of json '/home/pinball/Tables/'"'"'300'"'"' (Gottlieb 1975)/medias/.recorder-playfield-q5xbp9f2.mp4'
14:41:19 [INFO] playfield validé: 3840x2160 8.00s 0.8 MiB
14:41:19 [DEBUG] CMD: ffprobe -v error -show_entries format=duration:stream=codec_type,width,height,nb_frames -of json '/home/pinball/Tables/'"'"'300'"'"' (Gottlieb 1975)/medias/.recorder-backglass-j4eipkbj.mp4'
14:41:19 [INFO] backglass validé: 1920x1080 8.00s 0.0 MiB
14:41:19 [DEBUG] CMD: ffprobe -v error -show_entries format=duration:stream=codec_type,width,height,nb_frames -of json '/home/pinball/Tables/'"'"'300'"'"' (Gottlieb 1975)/medias/.recorder-fulldmd-cwj5rmvy.mp4'
14:41:19 [INFO] fulldmd validé: 1920x1200 8.00s 0.0 MiB
14:41:19 [INFO] Backup: table.mp4 -> /home/pinball/Tables/'300' (Gottlieb 1975)/logs/media-capture/backups/20260818-144110/table.mp4
14:41:19 [INFO] Backup: table.png -> /home/pinball/Tables/'300' (Gottlieb 1975)/logs/media-capture/backups/20260818-144110/table.png
14:41:19 [INFO] Ancien format retiré: /home/pinball/Tables/'300' (Gottlieb 1975)/medias/table.png
14:41:19 [INFO] INSTALLÉ playfield -> /home/pinball/Tables/'300' (Gottlieb 1975)/medias/table.mp4
14:41:19 [INFO] Backup: bg.png -> /home/pinball/Tables/'300' (Gottlieb 1975)/logs/media-capture/backups/20260818-144110/bg.png
14:41:19 [INFO] Ancien format retiré: /home/pinball/Tables/'300' (Gottlieb 1975)/medias/bg.png
14:41:19 [INFO] INSTALLÉ backglass -> /home/pinball/Tables/'300' (Gottlieb 1975)/medias/bg.mp4
14:41:19 [INFO] INSTALLÉ fulldmd -> /home/pinball/Tables/'300' (Gottlieb 1975)/medias/dmd.mp4
14:41:19 [INFO] Fermeture de la table lancée par recorder.py...
14:41:22 [INFO] GO [OK] 300 (1975).vpx
14:41:22 [INFO] ========================================================================
14:41:22 [INFO] TERMINÉ: 1/1 traité(s), 0 erreur(s)
14:41:22 [INFO] ========================================================================

[2026-08-18 14:41:22] ===== TABLE 2/2 =====
/home/pinball/Tables/1-2-3 (Automaticos 1973)/1-2-3 (Automaticos 1973).vpx

$ /opt/pincabos/web/recorder.py --table '/home/pinball/Tables/1-2-3 (Automaticos 1973)/1-2-3 (Automaticos 1973).vpx' --screens playfield,backglass,fulldmd --type video --wait 20.0 --duration 8.0 --fps 30 --quality medium --encoder auto --source auto --mode auto -v
14:41:22 [DEBUG] CMD: ffmpeg -hide_banner -encoders
14:41:22 [INFO] PinCabOS recorder.py 1.0.0
14:41:22 [INFO] DISPLAY=:0 XAUTHORITY=/home/pinball/.Xauthority
14:41:22 [INFO] Tables: 1
14:41:22 [INFO] Écrans: playfield, backglass, fulldmd
14:41:22 [INFO] Type: video
14:41:22 [INFO] Vidéo: 8.0s @ 30fps, qualité=medium, encodeur=h264_nvenc
14:41:22 [INFO] ========================================================================
14:41:22 [INFO] [1/1] /home/pinball/Tables/1-2-3 (Automaticos 1973)/1-2-3 (Automaticos 1973).vpx
14:41:22 [INFO] ========================================================================
14:41:22 [DEBUG] CMD: /usr/bin/python3 /opt/pincabos/launchers/pincabos-detect-table-modes.py '/home/pinball/Tables/1-2-3 (Automaticos 1973)/1-2-3 (Automaticos 1973).vpx'
14:41:22 [DEBUG] CMD: id -u pinball
14:41:22 [INFO] Lancement 1-2-3 (Automaticos 1973).vpx [original]
14:41:22 [DEBUG] CMD: wmctrl -lGx
14:41:23 [DEBUG] CMD: wmctrl -lGx
14:41:23 [DEBUG] CMD: wmctrl -lGx
14:41:24 [DEBUG] CMD: wmctrl -lGx
14:41:24 [DEBUG] CMD: wmctrl -lGx
14:41:25 [DEBUG] CMD: wmctrl -lGx
14:41:25 [DEBUG] CMD: wmctrl -lGx
14:41:26 [DEBUG] CMD: wmctrl -lGx
14:41:26 [DEBUG] CMD: wmctrl -lGx
14:41:26 [DEBUG] CMD: xrandr --query
14:41:26 [DEBUG] CMD: wmctrl -lGx
14:41:26 [INFO] Source préparée playfield -> screen HDMI-0 3840x2160+0+0
14:41:26 [INFO] Source préparée backglass -> screen DP-1 1920x1080+5760+0
14:41:26 [INFO] Source préparée fulldmd -> screen DP-2 1920x1200+3840+0
14:41:26 [INFO] VPX prêt. Attente capture: 20.0 seconde(s)
14:41:46 [INFO] playfield -> screen HDMI-0 3840x2160+0+0
14:41:46 [INFO] backglass -> screen DP-1 1920x1080+5760+0
14:41:46 [INFO] fulldmd -> screen DP-2 1920x1200+3840+0
14:41:46 [DEBUG] playfield ffmpeg: ffmpeg -y -hide_banner -nostdin -loglevel error -f x11grab -draw_mouse 0 -framerate 30 -video_size 3840x2160 -i :0+0,0 -t 8.000 -an -c:v h264_nvenc -preset p4 -rc vbr -cq 25 -b:v 0 -pix_fmt yuv420p -movflags +faststart '/home/pinball/Tables/1-2-3 (Automaticos 1973)/medias/.recorder-playfield-n98dscwq.mp4'
14:41:46 [DEBUG] backglass ffmpeg: ffmpeg -y -hide_banner -nostdin -loglevel error -f x11grab -draw_mouse 0 -framerate 30 -video_size 1920x1080 -i :0+5760,0 -t 8.000 -an -c:v h264_nvenc -preset p4 -rc vbr -cq 25 -b:v 0 -pix_fmt yuv420p -movflags +faststart '/home/pinball/Tables/1-2-3 (Automaticos 1973)/medias/.recorder-backglass-6xwopsuq.mp4'
14:41:46 [DEBUG] fulldmd ffmpeg: ffmpeg -y -hide_banner -nostdin -loglevel error -f x11grab -draw_mouse 0 -framerate 30 -video_size 1920x1200 -i :0+3840,0 -t 8.000 -an -c:v h264_nvenc -preset p4 -rc vbr -cq 25 -b:v 0 -pix_fmt yuv420p -movflags +faststart '/home/pinball/Tables/1-2-3 (Automaticos 1973)/medias/.recorder-fulldmd-26xmavjg.mp4'
14:41:55 [DEBUG] CMD: ffprobe -v error -show_entries format=duration:stream=codec_type,width,height,nb_frames -of json '/home/pinball/Tables/1-2-3 (Automaticos 1973)/medias/.recorder-playfield-n98dscwq.mp4'
14:41:55 [INFO] playfield validé: 3840x2160 8.00s 3.5 MiB
14:41:55 [DEBUG] CMD: ffprobe -v error -show_entries format=duration:stream=codec_type,width,height,nb_frames -of json '/home/pinball/Tables/1-2-3 (Automaticos 1973)/medias/.recorder-backglass-6xwopsuq.mp4'
14:41:55 [INFO] backglass validé: 1920x1080 8.00s 0.0 MiB
14:41:55 [DEBUG] CMD: ffprobe -v error -show_entries format=duration:stream=codec_type,width,height,nb_frames -of json '/home/pinball/Tables/1-2-3 (Automaticos 1973)/medias/.recorder-fulldmd-26xmavjg.mp4'
14:41:55 [INFO] fulldmd validé: 1920x1200 8.00s 0.0 MiB
14:41:55 [INFO] Backup: table.mp4 -> /home/pinball/Tables/1-2-3 (Automaticos 1973)/logs/media-capture/backups/20260818-144146/table.mp4
14:41:55 [INFO] Backup: table.png -> /home/pinball/Tables/1-2-3 (Automaticos 1973)/logs/media-capture/backups/20260818-144146/table.png
14:41:55 [INFO] Ancien format retiré: /home/pinball/Tables/1-2-3 (Automaticos 1973)/medias/table.png
14:41:55 [INFO] INSTALLÉ playfield -> /home/pinball/Tables/1-2-3 (Automaticos 1973)/medias/table.mp4
14:41:55 [INFO] Backup: bg.png -> /home/pinball/Tables/1-2-3 (Automaticos 1973)/logs/media-capture/backups/20260818-144146/bg.png
14:41:55 [INFO] Ancien format retiré: /home/pinball/Tables/1-2-3 (Automaticos 1973)/medias/bg.png
14:41:55 [INFO] INSTALLÉ backglass -> /home/pinball/Tables/1-2-3 (Automaticos 1973)/medias/bg.mp4
14:41:55 [INFO] INSTALLÉ fulldmd -> /home/pinball/Tables/1-2-3 (Automaticos 1973)/medias/dmd.mp4
14:41:55 [INFO] Fermeture de la table lancée par recorder.py...
14:41:57 [INFO] GO [OK] 1-2-3 (Automaticos 1973).vpx
14:41:57 [INFO] ========================================================================
14:41:57 [INFO] TERMINÉ: 1/1 traité(s), 0 erreur(s)
14:41:57 [INFO] ========================================================================
[2026-08-18 14:42:11] systemctl start pincabos-vpinfe.service: rc=0
[2026-08-18 14:42:11] VPinFE restauré selon état initial: True
